Component: ARM Compiler 5.05 update 2 (build 169) Tool: armlink [4d0f33]

==============================================================================

Section Cross References

    startup_stm32f405xx.o(RESET) refers to startup_stm32f405xx.o(STACK) for __initial_sp
    startup_stm32f405xx.o(RESET) refers to startup_stm32f405xx.o(.text) for Reset_Handler
    startup_stm32f405xx.o(RESET) refers to stm32f4xx_it.o(i.NMI_Handler) for NMI_Handler
    startup_stm32f405xx.o(RESET) refers to stm32f4xx_it.o(i.HardFault_Handler) for HardFault_Handler
    startup_stm32f405xx.o(RESET) refers to stm32f4xx_it.o(i.MemManage_Handler) for MemManage_Handler
    startup_stm32f405xx.o(RESET) refers to stm32f4xx_it.o(i.BusFault_Handler) for BusFault_Handler
    startup_stm32f405xx.o(RESET) refers to stm32f4xx_it.o(i.UsageFault_Handler) for UsageFault_Handler
    startup_stm32f405xx.o(RESET) refers to port.o(.emb_text) for SVC_Handler
    startup_stm32f405xx.o(RESET) refers to stm32f4xx_it.o(i.DebugMon_Handler) for DebugMon_Handler
    startup_stm32f405xx.o(RESET) refers to stm32f4xx_it.o(i.SysTick_Handler) for SysTick_Handler
    startup_stm32f405xx.o(RESET) refers to stm32f4xx_it.o(i.CAN1_RX0_IRQHandler) for CAN1_RX0_IRQHandler
    startup_stm32f405xx.o(RESET) refers to stm32f4xx_it.o(i.USART1_IRQHandler) for USART1_IRQHandler
    startup_stm32f405xx.o(RESET) refers to stm32f4xx_it.o(i.USART2_IRQHandler) for USART2_IRQHandler
    startup_stm32f405xx.o(RESET) refers to stm32f4xx_it.o(i.USART3_IRQHandler) for USART3_IRQHandler
    startup_stm32f405xx.o(RESET) refers to stm32f4xx_it.o(i.TIM5_IRQHandler) for TIM5_IRQHandler
    startup_stm32f405xx.o(.text) refers to system_stm32f4xx.o(i.SystemInit) for SystemInit
    startup_stm32f405xx.o(.text) refers to entry.o(.ARM.Collect$$$$00000000) for __main
    stm32f4xx_it.o(i.CAN1_RX0_IRQHandler) refers to stm32f4xx_hal_can.o(i.HAL_CAN_IRQHandler) for HAL_CAN_IRQHandler
    stm32f4xx_it.o(i.CAN1_RX0_IRQHandler) refers to can.o(.bss) for hcan1
    stm32f4xx_it.o(i.SysTick_Handler) refers to cmsis_os.o(i.osSystickHandler) for osSystickHandler
    stm32f4xx_it.o(i.TIM5_IRQHandler) refers to stm32f4xx_hal_tim.o(i.HAL_TIM_IRQHandler) for HAL_TIM_IRQHandler
    stm32f4xx_it.o(i.TIM5_IRQHandler) refers to stm32f4xx_hal_timebase_tim.o(.bss) for htim5
    stm32f4xx_it.o(i.USART1_IRQHandler) refers to stm32f4xx_hal_uart.o(i.HAL_UART_IRQHandler) for HAL_UART_IRQHandler
    stm32f4xx_it.o(i.USART1_IRQHandler) refers to usart.o(.bss) for huart1
    stm32f4xx_it.o(i.USART2_IRQHandler) refers to message.o(i.MessageReceiveFromISR) for MessageReceiveFromISR
    stm32f4xx_it.o(i.USART2_IRQHandler) refers to memseta.o(.text) for __aeabi_memclr
    stm32f4xx_it.o(i.USART2_IRQHandler) refers to stm32f4xx_hal_uart.o(i.HAL_UART_IRQHandler) for HAL_UART_IRQHandler
    stm32f4xx_it.o(i.USART2_IRQHandler) refers to usart.o(.bss) for huart2
    stm32f4xx_it.o(i.USART2_IRQHandler) refers to usart.o(.data) for usart2RecLen
    stm32f4xx_it.o(i.USART3_IRQHandler) refers to stm32f4xx_hal_uart.o(i.HAL_UART_IRQHandler) for HAL_UART_IRQHandler
    stm32f4xx_it.o(i.USART3_IRQHandler) refers to usart.o(.bss) for huart3
    sys.o(i.HAL_TIM_PeriodElapsedCallback) refers to stm32f4xx_hal.o(i.HAL_IncTick) for HAL_IncTick
    sys.o(i.SystemClock_Config) refers to stm32f4xx_hal_rcc.o(i.HAL_RCC_OscConfig) for HAL_RCC_OscConfig
    sys.o(i.SystemClock_Config) refers to sys.o(i._Error_Handler) for _Error_Handler
    sys.o(i.SystemClock_Config) refers to stm32f4xx_hal_rcc.o(i.HAL_RCC_ClockConfig) for HAL_RCC_ClockConfig
    sys.o(i.SystemClock_Config) refers to stm32f4xx_hal_rcc.o(i.HAL_RCC_GetHCLKFreq) for HAL_RCC_GetHCLKFreq
    sys.o(i.SystemClock_Config) refers to stm32f4xx_hal_cortex.o(i.HAL_SYSTICK_Config) for HAL_SYSTICK_Config
    sys.o(i.SystemClock_Config) refers to stm32f4xx_hal_cortex.o(i.HAL_SYSTICK_CLKSourceConfig) for HAL_SYSTICK_CLKSourceConfig
    sys.o(i.SystemClock_Config) refers to stm32f4xx_hal_cortex.o(i.HAL_NVIC_SetPriority) for HAL_NVIC_SetPriority
    sys.o(i.sysReset) refers to printfa.o(i.__0printf) for __2printf
    sys.o(i.sysReset) refers to stm32f4xx_hal_cortex.o(i.HAL_NVIC_SystemReset) for HAL_NVIC_SystemReset
    platform.o(i.platformInit) refers to stm32f4xx_hal.o(i.HAL_Init) for HAL_Init
    platform.o(i.platformInit) refers to sys.o(i.SystemClock_Config) for SystemClock_Config
    platform.o(i.platformInit) refers to gpio.o(i.MX_GPIO_Init) for MX_GPIO_Init
    platform.o(i.platformInit) refers to interactive.o(i.sInteractive_Init) for sInteractive_Init
    platform.o(i.platformInit) refers to usart.o(i.MX_USART2_UART_Init) for MX_USART2_UART_Init
    platform.o(i.platformInit) refers to usart.o(i.LogInit) for LogInit
    iwdg.o(i.MX_IWDG_Init) refers to stm32f4xx_hal_iwdg.o(i.HAL_IWDG_Init) for HAL_IWDG_Init
    iwdg.o(i.MX_IWDG_Init) refers to sys.o(i._Error_Handler) for _Error_Handler
    iwdg.o(i.MX_IWDG_Init) refers to iwdg.o(.bss) for hiwdg
[...]
    i.USART3_IRQHandler                      0x08002fdc   Section        0  stm32f4xx_it.o(i.USART3_IRQHandler)
    i.UsageFault_Handler                     0x08002fec   Section        0  stm32f4xx_it.o(i.UsageFault_Handler)
    i.Usart2Write                            0x08002ff0   Section        0  usart.o(i.Usart2Write)
    i._Error_Handler                         0x08003024   Section        0  sys.o(i._Error_Handler)
    i.__0printf                              0x08003028   Section        0  printfa.o(i.__0printf)
    i.__0sprintf                             0x08003048   Section        0  printfa.o(i.__0sprintf)
    i.__scatterload_copy                     0x08003070   Section       14  handlers.o(i.__scatterload_copy)
    i.__scatterload_null                     0x0800307e   Section        2  handlers.o(i.__scatterload_null)
    i.__scatterload_zeroinit                 0x08003080   Section       14  handlers.o(i.__scatterload_zeroinit)
    i._fp_digits                             0x08003090   Section        0  printfa.o(i._fp_digits)
    _fp_digits                               0x08003091   Thumb Code   334  printfa.o(i._fp_digits)
    i._printf_core                           0x080031f4   Section        0  printfa.o(i._printf_core)
    _printf_core                             0x080031f5   Thumb Code  1744  printfa.o(i._printf_core)
    i._printf_post_padding                   0x080038d0   Section        0  printfa.o(i._printf_post_padding)
    _printf_post_padding                     0x080038d1   Thumb Code    36  printfa.o(i._printf_post_padding)
    i._printf_pre_padding                    0x080038f4   Section        0  printfa.o(i._printf_pre_padding)
    _printf_pre_padding                      0x080038f5   Thumb Code    46  printfa.o(i._printf_pre_padding)
    i._sputc                                 0x08003922   Section        0  printfa.o(i._sputc)
    _sputc                                   0x08003923   Thumb Code    10  printfa.o(i._sputc)
    i.deviceSend                             0x0800392c   Section        0  message.o(i.deviceSend)
    i.fputc                                  0x08003b5c   Section        0  usart.o(i.fputc)
    i.gDeviceConfig                          0x08003b78   Section        0  gprs.o(i.gDeviceConfig)
    i.gDeviceConnect                         0x08003d00   Section        0  gprs.o(i.gDeviceConnect)
    i.gDeviceRegister                        0x08003ecc   Section        0  register.o(i.gDeviceRegister)
    i.gGetDeviceINFO                         0x08004194   Section        0  gprs.o(i.gGetDeviceINFO)
    i.gNetTest                               0x08004284   Section        0  gprs.o(i.gNetTest)
    i.gRemoteIpPortConfig                    0x08004440   Section        0  gprs.o(i.gRemoteIpPortConfig)
    i.gTCPIPConfig                           0x08004570   Section        0  gprs.o(i.gTCPIPConfig)
    i.main                                   0x08004670   Section        0  main.o(i.main)
    i.osSystickHandler                       0x080046a8   Section        0  cmsis_os.o(i.osSystickHandler)
    i.pdeviceConnect                         0x080046b8   Section        0  gprs.o(i.pdeviceConnect)
    pdeviceConnect                           0x080046b9   Thumb Code   124  gprs.o(i.pdeviceConnect)
    i.platformInit                           0x08004834   Section        0  platform.o(i.platformInit)
    i.prvAddCurrentTaskToDelayedList         0x08004858   Section        0  tasks.o(i.prvAddCurrentTaskToDelayedList)
    prvAddCurrentTaskToDelayedList           0x08004859   Thumb Code   124  tasks.o(i.prvAddCurrentTaskToDelayedList)
    i.prvAddNewTaskToReadyList               0x080048f0   Section        0  tasks.o(i.prvAddNewTaskToReadyList)
    prvAddNewTaskToReadyList                 0x080048f1   Thumb Code   150  tasks.o(i.prvAddNewTaskToReadyList)
    i.prvCheckForValidListAndQueue           0x080049a4   Section        0  timers.o(i.prvCheckForValidListAndQueue)
    prvCheckForValidListAndQueue             0x080049a5   Thumb Code    72  timers.o(i.prvCheckForValidListAndQueue)
    i.prvCheckTasksWaitingTermination        0x08004a08   Section        0  tasks.o(i.prvCheckTasksWaitingTermination)
    prvCheckTasksWaitingTermination          0x08004a09   Thumb Code    86  tasks.o(i.prvCheckTasksWaitingTermination)
    i.prvCopyDataFromQueue                   0x08004a6c   Section        0  queue.o(i.prvCopyDataFromQueue)
    prvCopyDataFromQueue                     0x08004a6d   Thumb Code    42  queue.o(i.prvCopyDataFromQueue)
    i.prvCopyDataToQueue                     0x08004a96   Section        0  queue.o(i.prvCopyDataToQueue)
    prvCopyDataToQueue                       0x08004a97   Thumb Code   124  queue.o(i.prvCopyDataToQueue)
    i.prvDeleteTCB                           0x08004b12   Section        0  tasks.o(i.prvDeleteTCB)
    prvDeleteTCB                             0x08004b13   Thumb Code    18  tasks.o(i.prvDeleteTCB)
    i.prvGetNextExpireTime                   0x08004b24   Section        0  timers.o(i.prvGetNextExpireTime)
    prvGetNextExpireTime                     0x08004b25   Thumb Code    36  timers.o(i.prvGetNextExpireTime)
    i.prvHeapInit                            0x08004b4c   Section        0  heap_4.o(i.prvHeapInit)
    prvHeapInit                              0x08004b4d   Thumb Code    98  heap_4.o(i.prvHeapInit)
    i.prvIdleTask                            0x08004bc8   Section        0  tasks.o(i.prvIdleTask)
    prvIdleTask                              0x08004bc9   Thumb Code    32  tasks.o(i.prvIdleTask)
    i.prvInitialiseNewQueue                  0x08004bf0   Section        0  queue.o(i.prvInitialiseNewQueue)
    prvInitialiseNewQueue                    0x08004bf1   Thumb Code    38  queue.o(i.prvInitialiseNewQueue)
    i.prvInitialiseNewTask                   0x08004c16   Section        0  tasks.o(i.prvInitialiseNewTask)
    prvInitialiseNewTask                     0x08004c17   Thumb Code   170  tasks.o(i.prvInitialiseNewTask)
    i.prvInitialiseNewTimer                  0x08004cc0   Section        0  timers.o(i.prvInitialiseNewTimer)
    prvInitialiseNewTimer                    0x08004cc1   Thumb Code    78  timers.o(i.prvInitialiseNewTimer)
    i.prvInitialiseTaskLists                 0x08004d10   Section        0  tasks.o(i.prvInitialiseTaskLists)
    prvInitialiseTaskLists                   0x08004d11   Thumb Code    70  tasks.o(i.prvInitialiseTaskLists)
    i.prvInsertBlockIntoFreeList             0x08004d78   Section        0  heap_4.o(i.prvInsertBlockIntoFreeList)
    prvInsertBlockIntoFreeList               0x08004d79   Thumb Code    96  heap_4.o(i.prvInsertBlockIntoFreeList)
    i.prvInsertTimerInActiveList             0x08004de0   Section        0  timers.o(i.prvInsertTimerInActiveList)
    prvInsertTimerInActiveList               0x08004de1   Thumb Code    80  timers.o(i.prvInsertTimerInActiveList)
    i.prvIsQueueEmpty                        0x08004e38   Section        0  queue.o(i.prvIsQueueEmpty)
    prvIsQueueEmpty                          0x08004e39   Thumb Code    26  queue.o(i.prvIsQueueEmpty)
    i.prvIsQueueFull                         0x08004e52   Section        0  queue.o(i.prvIsQueueFull)
    prvIsQueueFull                           0x08004e53   Thumb Code    30  queue.o(i.prvIsQueueFull)
    i.prvProcessExpiredTimer                 0x08004e70   Section        0  timers.o(i.prvProcessExpiredTimer)
    prvProcessExpiredTimer                   0x08004e71   Thumb Code    94  timers.o(i.prvProcessExpiredTimer)
    i.prvProcessReceivedCommands             0x08004ed4   Section        0  timers.o(i.prvProcessReceivedCommands)
    prvProcessReceivedCommands               0x08004ed5   Thumb Code   242  timers.o(i.prvProcessReceivedCommands)
    i.prvProcessTimerOrBlockTask             0x08004fcc   Section        0  timers.o(i.prvProcessTimerOrBlockTask)
    prvProcessTimerOrBlockTask               0x08004fcd   Thumb Code   102  timers.o(i.prvProcessTimerOrBlockTask)
    i.prvResetNextTaskUnblockTime            0x08005040   Section        0  tasks.o(i.prvResetNextTaskUnblockTime)
    prvResetNextTaskUnblockTime              0x08005041   Thumb Code    42  tasks.o(i.prvResetNextTaskUnblockTime)
    i.prvSampleTimeNow                       0x08005074   Section        0  timers.o(i.prvSampleTimeNow)
    prvSampleTimeNow                         0x08005075   Thumb Code    40  timers.o(i.prvSampleTimeNow)
    i.prvSwitchTimerLists                    0x080050a0   Section        0  timers.o(i.prvSwitchTimerLists)
    prvSwitchTimerLists                      0x080050a1   Thumb Code   150  timers.o(i.prvSwitchTimerLists)
    i.prvTaskExitError                       0x08005140   Section        0  port.o(i.prvTaskExitError)
    prvTaskExitError                         0x08005141   Thumb Code    60  port.o(i.prvTaskExitError)
    i.prvTimerTask                           0x08005180   Section        0  timers.o(i.prvTimerTask)
    prvTimerTask                             0x08005181   Thumb Code    26  timers.o(i.prvTimerTask)
    i.prvUnlockQueue                         0x0800519a   Section        0  queue.o(i.prvUnlockQueue)
    prvUnlockQueue                           0x0800519b   Thumb Code   126  queue.o(i.prvUnlockQueue)
    i.pvPortMalloc                           0x08005218   Section        0  heap_4.o(i.pvPortMalloc)
    i.pvTaskIncrementMutexHeldCount          0x08005354   Section        0  tasks.o(i.pvTaskIncrementMutexHeldCount)
    i.pxPortInitialiseStack                  0x08005374   Section        0  port.o(i.pxPortInitialiseStack)
    i.sAnalysisRsp                           0x080053a0   Section        0  gprs.o(i.sAnalysisRsp)
    sAnalysisRsp                             0x080053a1   Thumb Code   268  gprs.o(i.sAnalysisRsp)
    i.sGetDeviceINFO                         0x08005580   Section        0  gprs.o(i.sGetDeviceINFO)
    sGetDeviceINFO                           0x08005581   Thumb Code   302  gprs.o(i.sGetDeviceINFO)
    i.sInteractive_Init                      0x0800578c   Section        0  interactive.o(i.sInteractive_Init)
    i.sIpPortCheck                           0x0800581c   Section        0  gprs.o(i.sIpPortCheck)
    sIpPortCheck                             0x0800581d   Thumb Code   100  gprs.o(i.sIpPortCheck)
    i.sSendRspData                           0x08005900   Section        0  gprs.o(i.sSendRspData)
    sSendRspData                             0x08005901   Thumb Code   288  gprs.o(i.sSendRspData)
    i.sSignalJudge                           0x08005b24   Section        0  gprs.o(i.sSignalJudge)
    sSignalJudge                             0x08005b25   Thumb Code   130  gprs.o(i.sSignalJudge)
    i.sysReset                               0x08005c78   Section        0  sys.o(i.sysReset)
    i.uxListRemove                           0x08005c94   Section        0  list.o(i.uxListRemove)
    i.vListInitialise                        0x08005cbc   Section        0  list.o(i.vListInitialise)
    i.vListInitialiseItem                    0x08005cd6   Section        0  list.o(i.vListInitialiseItem)
    i.vListInsert                            0x08005cdc   Section        0  list.o(i.vListInsert)
    i.vListInsertEnd                         0x08005d10   Section        0  list.o(i.vListInsertEnd)
    i.vPortEnterCritical                     0x08005d28   Section        0  port.o(i.vPortEnterCritical)
    i.vPortExitCritical                      0x08005d7c   Section        0  port.o(i.vPortExitCritical)
    i.vPortFree                              0x08005db8   Section        0  heap_4.o(i.vPortFree)
    i.vPortSetupTimerInterrupt               0x08005e4c   Section        0  port.o(i.vPortSetupTimerInterrupt)
    i.vPortValidateInterruptPriority         0x08005e6c   Section        0  port.o(i.vPortValidateInterruptPriority)
    i.vQueueAddToRegistry                    0x08005ee4   Section        0  queue.o(i.vQueueAddToRegistry)
    i.vQueueDelete                           0x08005f10   Section        0  queue.o(i.vQueueDelete)
    i.vQueueUnregisterQueue                  0x08005f3c   Section        0  queue.o(i.vQueueUnregisterQueue)
    i.vQueueWaitForMessageRestricted         0x08005f6c   Section        0  queue.o(i.vQueueWaitForMessageRestricted)
    i.vTaskDelay                             0x08005fb8   Section        0  tasks.o(i.vTaskDelay)
    i.vTaskDelete                            0x08006014   Section        0  tasks.o(i.vTaskDelete)
    i.vTaskMissedYield                       0x08006108   Section        0  tasks.o(i.vTaskMissedYield)
    i.vTaskPlaceOnEventList                  0x08006114   Section        0  tasks.o(i.vTaskPlaceOnEventList)
    i.vTaskPlaceOnEventListRestricted        0x0800614c   Section        0  tasks.o(i.vTaskPlaceOnEventListRestricted)
    i.vTaskPriorityInherit                   0x0800618c   Section        0  tasks.o(i.vTaskPriorityInherit)
    i.vTaskSetTimeOutState                   0x0800623c   Section        0  tasks.o(i.vTaskSetTimeOutState)
    i.vTaskStartScheduler                    0x0800626c   Section        0  tasks.o(i.vTaskStartScheduler)
    i.vTaskSuspendAll                        0x08006300   Section        0  tasks.o(i.vTaskSuspendAll)
    i.vTaskSwitchContext                     0x08006310   Section        0  tasks.o(i.vTaskSwitchContext)
    i.xEventGroupClearBits                   0x0800639c   Section        0  event_groups.o(i.xEventGroupClearBits)
    i.xEventGroupCreate                      0x080063f8   Section        0  event_groups.o(i.xEventGroupCreate)
    i.xEventGroupSetBits                     0x08006412   Section        0  event_groups.o(i.xEventGroupSetBits)
    i.xPortStartScheduler                    0x080064e0   Section        0  port.o(i.xPortStartScheduler)
    i.xPortSysTickHandler                    0x0800661c   Section        0  port.o(i.xPortSysTickHandler)
    i.xQueueGenericCreate                    0x08006650   Section        0  queue.o(i.xQueueGenericCreate)
    i.xQueueGenericReceive                   0x080066a8   Section        0  queue.o(i.xQueueGenericReceive)
    i.xQueueGenericReset                     0x0800686c   Section        0  queue.o(i.xQueueGenericReset)
    i.xQueueGenericSend                      0x08006904   Section        0  queue.o(i.xQueueGenericSend)
    i.xQueueGenericSendFromISR               0x08006aac   Section        0  queue.o(i.xQueueGenericSendFromISR)
    i.xTaskCheckForTimeOut                   0x08006ba4   Section        0  tasks.o(i.xTaskCheckForTimeOut)
    i.xTaskCreate                            0x08006c30   Section        0  tasks.o(i.xTaskCreate)
    i.xTaskGetSchedulerState                 0x08006c90   Section        0  tasks.o(i.xTaskGetSchedulerState)
    i.xTaskGetTickCount                      0x08006cb0   Section        0  tasks.o(i.xTaskGetTickCount)
    i.xTaskIncrementTick                     0x08006cbc   Section        0  tasks.o(i.xTaskIncrementTick)
    i.xTaskPriorityDisinherit                0x08006e04   Section        0  tasks.o(i.xTaskPriorityDisinherit)
    i.xTaskRemoveFromEventList               0x08006ecc   Section        0  tasks.o(i.xTaskRemoveFromEventList)
    i.xTaskRemoveFromUnorderedEventList      0x08006f64   Section        0  tasks.o(i.xTaskRemoveFromUnorderedEventList)
    i.xTaskResumeAll                         0x08007014   Section        0  tasks.o(i.xTaskResumeAll)
    i.xTimerCreate                           0x08007118   Section        0  timers.o(i.xTimerCreate)
    i.xTimerCreateTimerTask                  0x08007148   Section        0  timers.o(i.xTimerCreateTimerTask)
    i.xTimerGenericCommand                   0x0800719c   Section        0  timers.o(i.xTimerGenericCommand)
    .constdata                               0x08007220   Section       80  message.o(.constdata)
    __func__                                 0x08007220   Data          22  message.o(.constdata)
    __func__                                 0x08007236   Data          12  message.o(.constdata)
    __func__                                 0x08007242   Data          19  message.o(.constdata)
    __func__                                 0x08007255   Data          16  message.o(.constdata)
    __func__                                 0x08007265   Data          11  message.o(.constdata)
    .constdata                               0x08007270   Section      168  gprs.o(.constdata)
    __func__                                 0x08007270   Data          15  gprs.o(.constdata)
    __func__                                 0x0800727f   Data          13  gprs.o(.constdata)
    __func__                                 0x0800728c   Data          13  gprs.o(.constdata)
    __func__                                 0x08007299   Data          15  gprs.o(.constdata)
    __func__                                 0x080072a8   Data          13  gprs.o(.constdata)
    __func__                                 0x080072b5   Data          14  gprs.o(.constdata)
    __func__                                 0x080072c3   Data          13  gprs.o(.constdata)
    __func__                                 0x080072d0   Data          20  gprs.o(.constdata)
    __func__                                 0x080072e4   Data           9  gprs.o(.constdata)
    __func__                                 0x080072ed   Data          13  gprs.o(.constdata)
    __func__                                 0x080072fa   Data          15  gprs.o(.constdata)
    __func__                                 0x08007309   Data          15  gprs.o(.constdata)
    .constdata                               0x08007318   Section       16  register.o(.constdata)
    __func__                                 0x08007318   Data          16  register.o(.constdata)
    .constdata                               0x08007328   Section       24  system_stm32f4xx.o(.constdata)
    .data                                    0x20000000   Section       16  can.o(.data)
    .data                                    0x20000010   Section        8  message.o(.data)
    UsartSenMsgQueue                         0x20000014   Data           4  message.o(.data)
    .data                                    0x20000018   Section      250  gprs.o(.data)
    slinkNumtostr                            0x20000110   Data           2  gprs.o(.data)
    .data                                    0x20000114   Section       32  main.o(.data)
    .data                                    0x20000134   Section        2  usart.o(.data)
    .data                                    0x20000138   Section        4  register.o(.data)
    .data                                    0x2000013c   Section        9  stm32f4xx_hal.o(.data)
    .data                                    0x20000148   Section        4  system_stm32f4xx.o(.data)
    .data                                    0x2000014c   Section       24  heap_4.o(.data)
    xStart                                   0x2000014c   Data           8  heap_4.o(.data)
    pxEnd                                    0x20000154   Data           4  heap_4.o(.data)
    xFreeBytesRemaining                      0x20000158   Data           4  heap_4.o(.data)
    xMinimumEverFreeBytesRemaining           0x2000015c   Data           4  heap_4.o(.data)
    xBlockAllocatedBit                       0x20000160   Data           4  heap_4.o(.data)
    .data                                    0x20000164   Section       12  port.o(.data)
    uxCriticalNesting                        0x20000164   Data           4  port.o(.data)
    ucMaxSysCallPriority                     0x20000168   Data           1  port.o(.data)
    ulMaxPRIGROUPValue                       0x2000016c   Data           4  port.o(.data)
    .data                                    0x20000170   Section       60  tasks.o(.data)
    pxDelayedTaskList                        0x20000174   Data           4  tasks.o(.data)
    pxOverflowDelayedTaskList                0x20000178   Data           4  tasks.o(.data)
    uxDeletedTasksWaitingCleanUp             0x2000017c   Data           4  tasks.o(.data)
    uxCurrentNumberOfTasks                   0x20000180   Data           4  tasks.o(.data)
    xTickCount                               0x20000184   Data           4  tasks.o(.data)
    uxTopReadyPriority                       0x20000188   Data           4  tasks.o(.data)
    xSchedulerRunning                        0x2000018c   Data           4  tasks.o(.data)
    uxPendedTicks                            0x20000190   Data           4  tasks.o(.data)
    xYieldPending                            0x20000194   Data           4  tasks.o(.data)
    xNumOfOverflows                          0x20000198   Data           4  tasks.o(.data)
    uxTaskNumber                             0x2000019c   Data           4  tasks.o(.data)
    xNextTaskUnblockTime                     0x200001a0   Data           4  tasks.o(.data)
    xIdleTaskHandle                          0x200001a4   Data           4  tasks.o(.data)
    uxSchedulerSuspended                     0x200001a8   Data           4  tasks.o(.data)
    .data                                    0x200001ac   Section       20  timers.o(.data)
    pxCurrentTimerList                       0x200001ac   Data           4  timers.o(.data)
    pxOverflowTimerList                      0x200001b0   Data           4  timers.o(.data)
    xTimerQueue                              0x200001b4   Data           4  timers.o(.data)
    xTimerTaskHandle                         0x200001b8   Data           4  timers.o(.data)
    xLastTime                                0x200001bc   Data           4  timers.o(.data)
    .data                                    0x200001c0   Section        4  stdout.o(.data)
    .bss                                     0x200001c4   Section      144  can.o(.bss)
    .bss                                     0x20000254   Section       16  message.o(.bss)
    Message                                  0x20000254   Data          16  message.o(.bss)
    .bss                                     0x20000264   Section       26  gprs.o(.bss)
    .bss                                     0x20000280   Section     1216  usart.o(.bss)
    .bss                                     0x20000740   Section       60  stm32f4xx_hal_timebase_tim.o(.bss)
    .bss                                     0x2000077c   Section    30720  heap_4.o(.bss)
    ucHeap                                   0x2000077c   Data       30720  heap_4.o(.bss)
    .bss                                     0x20007f7c   Section       64  queue.o(.bss)
    .bss                                     0x20007fbc   Section      740  tasks.o(.bss)
    pxReadyTasksLists                        0x20007fbc   Data         640  tasks.o(.bss)
    xDelayedTaskList1                        0x2000823c   Data          20  tasks.o(.bss)
    xDelayedTaskList2                        0x20008250   Data          20  tasks.o(.bss)
    xPendingReadyList                        0x20008264   Data          20  tasks.o(.bss)
    xTasksWaitingTermination                 0x20008278   Data          20  tasks.o(.bss)
    xSuspendedTaskList                       0x2000828c   Data          20  tasks.o(.bss)
    .bss                                     0x200082a0   Section       40  timers.o(.bss)
    xActiveTimerList1                        0x200082a0   Data          20  timers.o(.bss)
    xActiveTimerList2                        0x200082b4   Data          20  timers.o(.bss)
    STACK                                    0x200082c8   Section     1024  startup_stm32f405xx.o(STACK)

    Global Symbols

    Symbol Name                              Value     Ov Type        Size  Object(Section)

    BuildAttributes$$THM_ISAv4$E$P$D$K$B$S$7EM$VFPi3$EXTD16$VFPS$VFMA$PE$A:L22UL41UL21$X:L11$S22US41US21$IEEE1$IW$USESV6$~STKCKD$USESV7$~SHL$OTIME$ROPI$IEEEX$EBA8$MICROLIB$REQ8$PRES8$EABIv2 0x00000000   Number         0  anon$$obj.o ABSOLUTE
    __ARM_use_no_argv                        0x00000000   Number         0  main.o ABSOLUTE
    _printf_a                                0x00000000   Number         0  stubs.o ABSOLUTE
    _printf_c                                0x00000000   Number         0  stubs.o ABSOLUTE
    _printf_charcount                        0x00000000   Number         0  stubs.o ABSOLUTE
    _printf_d                                0x00000000   Number         0  stubs.o ABSOLUTE
    _printf_e                                0x00000000   Number         0  stubs.o ABSOLUTE
    _printf_f                                0x00000000   Number         0  stubs.o ABSOLUTE
    _printf_flags                            0x00000000   Number         0  stubs.o ABSOLUTE
    _printf_fp_dec                           0x00000000   Number         0  stubs.o ABSOLUTE
    _printf_fp_hex                           0x00000000   Number         0  stubs.o ABSOLUTE
    _printf_g                                0x00000000   Number         0  stubs.o ABSOLUTE
    _printf_i                                0x00000000   Number         0  stubs.o ABSOLUTE
    _printf_int_dec                          0x00000000   Number         0  stubs.o ABSOLUTE
    _printf_l                                0x00000000   Number         0  stubs.o ABSOLUTE
    _printf_lc                               0x00000000   Number         0  stubs.o ABSOLUTE
    _printf_ll                               0x00000000   Number         0  stubs.o ABSOLUTE
    _printf_lld                              0x00000000   Number         0  stubs.o ABSOLUTE
    _printf_lli                              0x00000000   Number         0  stubs.o ABSOLUTE
    _printf_llo                              0x00000000   Number         0  stubs.o ABSOLUTE
    _printf_llu                              0x00000000   Number         0  stubs.o ABSOLUTE
    _printf_llx                              0x00000000   Number         0  stubs.o ABSOLUTE
    _printf_longlong_dec                     0x00000000   Number         0  stubs.o ABSOLUTE
    _printf_longlong_hex                     0x00000000   Number         0  stubs.o ABSOLUTE
    _printf_longlong_oct                     0x00000000   Number         0  stubs.o ABSOLUTE
    _printf_ls                               0x00000000   Number         0  stubs.o ABSOLUTE
    _printf_mbtowc                           0x00000000   Number         0  stubs.o ABSOLUTE
    _printf_n                                0x00000000   Number         0  stubs.o ABSOLUTE
    _printf_o                                0x00000000   Number         0  stubs.o ABSOLUTE
    _printf_p                                0x00000000   Number         0  stubs.o ABSOLUTE
    _printf_percent                          0x00000000   Number         0  stubs.o ABSOLUTE
    _printf_pre_padding                      0x00000000   Number         0  stubs.o ABSOLUTE
    _printf_return_value                     0x00000000   Number         0  stubs.o ABSOLUTE
    _printf_s                                0x00000000   Number         0  stubs.o ABSOLUTE
    _printf_sizespec                         0x00000000   Number         0  stubs.o ABSOLUTE
    _printf_str                              0x00000000   Number         0  stubs.o ABSOLUTE
    _printf_truncate_signed                  0x00000000   Number         0  stubs.o ABSOLUTE
    _printf_truncate_unsigned                0x00000000   Number         0  stubs.o ABSOLUTE
    _printf_u                                0x00000000   Number         0  stubs.o ABSOLUTE
    _printf_wc                               0x00000000   Number         0  stubs.o ABSOLUTE
    _printf_wctomb                           0x00000000   Number         0  stubs.o ABSOLUTE
    _printf_widthprec                        0x00000000   Number         0  stubs.o ABSOLUTE
    _printf_x                                0x00000000   Number         0  stubs.o ABSOLUTE
    __cpp_initialize__aeabi_                  - Undefined Weak Reference
    __cxa_finalize                            - Undefined Weak Reference
    _clock_init                               - Undefined Weak Reference
    _microlib_exit                            - Undefined Weak Reference
    _scanf_longlong                           - Undefined Weak Reference
    _scanf_real                               - Undefined Weak Reference
    _scanf_string                             - Undefined Weak Reference
    __Vectors_Size                           0x00000188   Number         0  startup_stm32f405xx.o ABSOLUTE
    __Vectors                                0x08000000   Data           4  startup_stm32f405xx.o(RESET)
    __Vectors_End                            0x08000188   Data           0  startup_stm32f405xx.o(RESET)
    __main                                   0x08000189   Thumb Code     0  entry.o(.ARM.Collect$$$$00000000)
    _main_stk                                0x08000189   Thumb Code     0  entry2.o(.ARM.Collect$$$$00000001)
    _main_scatterload                        0x0800018d   Thumb Code     0  entry5.o(.ARM.Collect$$$$00000004)
    __main_after_scatterload                 0x08000191   Thumb Code     0  entry5.o(.ARM.Collect$$$$00000004)
    _main_clock                              0x08000191   Thumb Code     0  entry7b.o(.ARM.Collect$$$$00000008)
    _main_cpp_init                           0x08000191   Thumb Code     0  entry8b.o(.ARM.Collect$$$$0000000A)
    _main_init                               0x08000191   Thumb Code     0  entry9a.o(.ARM.Collect$$$$0000000B)
    __rt_final_cpp                           0x08000199   Thumb Code     0  entry10a.o(.ARM.Collect$$$$0000000D)
    __rt_final_exit                          0x08000199   Thumb Code     0  entry11a.o(.ARM.Collect$$$$0000000F)
    SVC_Handler                              0x0800019d   Thumb Code    28  port.o(.emb_text)
    __asm___6_port_c_39a90d8d__prvStartFirstTask 0x080001bd   Thumb Code    28  port.o(.emb_text)
    __asm___6_port_c_39a90d8d__prvEnableVFP  0x080001dd   Thumb Code    16  port.o(.emb_text)
    PendSV_Handler                           0x080001f1   Thumb Code    92  port.o(.emb_text)
    vPortGetIPSR                             0x08000251   Thumb Code     6  port.o(.emb_text)
    Reset_Handler                            0x08000259   Thumb Code     8  startup_stm32f405xx.o(.text)
    ADC_IRQHandler                           0x08000273   Thumb Code     0  startup_stm32f405xx.o(.text)
    CAN1_RX1_IRQHandler                      0x08000273   Thumb Code     0  startup_stm32f405xx.o(.text)
    CAN1_SCE_IRQHandler                      0x08000273   Thumb Code     0  startup_stm32f405xx.o(.text)
    CAN1_TX_IRQHandler                       0x08000273   Thumb Code     0  startup_stm32f405xx.o(.text)
    CAN2_RX0_IRQHandler                      0x08000273   Thumb Code     0  startup_stm32f405xx.o(.text)
    CAN2_RX1_IRQHandler                      0x08000273   Thumb Code     0  startup_stm32f405xx.o(.text)
    CAN2_SCE_IRQHandler                      0x08000273   Thumb Code     0  startup_stm32f405xx.o(.text)
    CAN2_TX_IRQHandler                       0x08000273   Thumb Code     0  startup_stm32f405xx.o(.text)
    DMA1_Stream0_IRQHandler                  0x08000273   Thumb Code     0  startup_stm32f405xx.o(.text)
    DMA1_Stream1_IRQHandler                  0x08000273   Thumb Code     0  startup_stm32f405xx.o(.text)
    DMA1_Stream2_IRQHandler                  0x08000273   Thumb Code     0  startup_stm32f405xx.o(.text)
    DMA1_Stream3_IRQHandler                  0x08000273   Thumb Code     0  startup_stm32f405xx.o(.text)
    DMA1_Stream4_IRQHandler                  0x08000273   Thumb Code     0  startup_stm32f405xx.o(.text)
    DMA1_Stream5_IRQHandler                  0x08000273   Thumb Code     0  startup_stm32f405xx.o(.text)
    DMA1_Stream6_IRQHandler                  0x08000273   Thumb Code     0  startup_stm32f405xx.o(.text)
    DMA1_Stream7_IRQHandler                  0x08000273   Thumb Code     0  startup_stm32f405xx.o(.text)
    DMA2_Stream0_IRQHandler                  0x08000273   Thumb Code     0  startup_stm32f405xx.o(.text)
    DMA2_Stream1_IRQHandler                  0x08000273   Thumb Code     0  startup_stm32f405xx.o(.text)
    DMA2_Stream2_IRQHandler                  0x08000273   Thumb Code     0  startup_stm32f405xx.o(.text)
    DMA2_Stream3_IRQHandler                  0x08000273   Thumb Code     0  startup_stm32f405xx.o(.text)
    DMA2_Stream4_IRQHandler                  0x08000273   Thumb Code     0  startup_stm32f405xx.o(.text)
    DMA2_Stream5_IRQHandler                  0x08000273   Thumb Code     0  startup_stm32f405xx.o(.text)
    DMA2_Stream6_IRQHandler                  0x08000273   Thumb Code     0  startup_stm32f405xx.o(.text)
    DMA2_Stream7_IRQHandler                  0x08000273   Thumb Code     0  startup_stm32f405xx.o(.text)
    EXTI0_IRQHandler                         0x08000273   Thumb Code     0  startup_stm32f405xx.o(.text)
    EXTI15_10_IRQHandler                     0x08000273   Thumb Code     0  startup_stm32f405xx.o(.text)
    EXTI1_IRQHandler                         0x08000273   Thumb Code     0  startup_stm32f405xx.o(.text)
    EXTI2_IRQHandler                         0x08000273   Thumb Code     0  startup_stm32f405xx.o(.text)
    EXTI3_IRQHandler                         0x08000273   Thumb Code     0  startup_stm32f405xx.o(.text)
    EXTI4_IRQHandler                         0x08000273   Thumb Code     0  startup_stm32f405xx.o(.text)
    EXTI9_5_IRQHandler                       0x08000273   Thumb Code     0  startup_stm32f405xx.o(.text)
    FLASH_IRQHandler                         0x08000273   Thumb Code     0  startup_stm32f405xx.o(.text)
    FMC_IRQHandler                           0x08000273   Thumb Code     0  startup_stm32f405xx.o(.text)
    FPU_IRQHandler                           0x08000273   Thumb Code     0  startup_stm32f405xx.o(.text)
    HASH_RNG_IRQHandler                      0x08000273   Thumb Code     0  startup_stm32f405xx.o(.text)
    I2C1_ER_IRQHandler                       0x08000273   Thumb Code     0  startup_stm32f405xx.o(.text)
    I2C1_EV_IRQHandler                       0x08000273   Thumb Code     0  startup_stm32f405xx.o(.text)
    I2C2_ER_IRQHandler                       0x08000273   Thumb Code     0  startup_stm32f405xx.o(.text)
    I2C2_EV_IRQHandler                       0x08000273   Thumb Code     0  startup_stm32f405xx.o(.text)
    I2C3_ER_IRQHandler                       0x08000273   Thumb Code     0  startup_stm32f405xx.o(.text)
    I2C3_EV_IRQHandler                       0x08000273   Thumb Code     0  startup_stm32f405xx.o(.text)
    OTG_FS_IRQHandler                        0x08000273   Thumb Code     0  startup_stm32f405xx.o(.text)
    OTG_FS_WKUP_IRQHandler                   0x08000273   Thumb Code     0  startup_stm32f405xx.o(.text)
    OTG_HS_EP1_IN_IRQHandler                 0x08000273   Thumb Code     0  startup_stm32f405xx.o(.text)
    OTG_HS_EP1_OUT_IRQHandler                0x08000273   Thumb Code     0  startup_stm32f405xx.o(.text)
    OTG_HS_IRQHandler                        0x08000273   Thumb Code     0  startup_stm32f405xx.o(.text)
    OTG_HS_WKUP_IRQHandler                   0x08000273   Thumb Code     0  startup_stm32f405xx.o(.text)
    PVD_IRQHandler                           0x08000273   Thumb Code     0  startup_stm32f405xx.o(.text)
    RCC_IRQHandler                           0x08000273   Thumb Code     0  startup_stm32f405xx.o(.text)
    RTC_Alarm_IRQHandler                     0x08000273   Thumb Code     0  startup_stm32f405xx.o(.text)
    RTC_WKUP_IRQHandler                      0x08000273   Thumb Code     0  startup_stm32f405xx.o(.text)
    SDIO_IRQHandler                          0x08000273   Thumb Code     0  startup_stm32f405xx.o(.text)
    SPI1_IRQHandler                          0x08000273   Thumb Code     0  startup_stm32f405xx.o(.text)
    SPI2_IRQHandler                          0x08000273   Thumb Code     0  startup_stm32f405xx.o(.text)
    SPI3_IRQHandler                          0x08000273   Thumb Code     0  startup_stm32f405xx.o(.text)
    TAMP_STAMP_IRQHandler                    0x08000273   Thumb Code     0  startup_stm32f405xx.o(.text)
    TIM1_BRK_TIM9_IRQHandler                 0x08000273   Thumb Code     0  startup_stm32f405xx.o(.text)
    TIM1_CC_IRQHandler                       0x08000273   Thumb Code     0  startup_stm32f405xx.o(.text)
    TIM1_TRG_COM_TIM11_IRQHandler            0x08000273   Thumb Code     0  startup_stm32f405xx.o(.text)
    TIM1_UP_TIM10_IRQHandler                 0x08000273   Thumb Code     0  startup_stm32f405xx.o(.text)
    TIM2_IRQHandler                          0x08000273   Thumb Code     0  startup_stm32f405xx.o(.text)
    TIM3_IRQHandler                          0x08000273   Thumb Code     0  startup_stm32f405xx.o(.text)
    TIM4_IRQHandler                          0x08000273   Thumb Code     0  startup_stm32f405xx.o(.text)
    TIM6_DAC_IRQHandler                      0x08000273   Thumb Code     0  startup_stm32f405xx.o(.text)
    TIM7_IRQHandler                          0x08000273   Thumb Code     0  startup_stm32f405xx.o(.text)
    TIM8_BRK_TIM12_IRQHandler                0x08000273   Thumb Code     0  startup_stm32f405xx.o(.text)
    TIM8_CC_IRQHandler                       0x08000273   Thumb Code     0  startup_stm32f405xx.o(.text)
    TIM8_TRG_COM_TIM14_IRQHandler            0x08000273   Thumb Code     0  startup_stm32f405xx.o(.text)
    TIM8_UP_TIM13_IRQHandler                 0x08000273   Thumb Code     0  startup_stm32f405xx.o(.text)
    UART4_IRQHandler                         0x08000273   Thumb Code     0  startup_stm32f405xx.o(.text)
    UART5_IRQHandler                         0x08000273   Thumb Code     0  startup_stm32f405xx.o(.text)
    USART6_IRQHandler                        0x08000273   Thumb Code     0  startup_stm32f405xx.o(.text)
    WWDG_IRQHandler                          0x08000273   Thumb Code     0  startup_stm32f405xx.o(.text)
    __aeabi_uldivmod                         0x0800027d   Thumb Code    98  uldiv.o(.text)
    __aeabi_memcpy                           0x080002df   Thumb Code    36  memcpya.o(.text)
    __aeabi_memcpy4                          0x080002df   Thumb Code     0  memcpya.o(.text)
    __aeabi_memcpy8                          0x080002df   Thumb Code     0  memcpya.o(.text)
    __aeabi_memset                           0x08000303   Thumb Code    14  memseta.o(.text)
    __aeabi_memset4                          0x08000303   Thumb Code     0  memseta.o(.text)
    __aeabi_memset8                          0x08000303   Thumb Code     0  memseta.o(.text)
    __aeabi_memclr                           0x08000311   Thumb Code     4  memseta.o(.text)
    __aeabi_memclr4                          0x08000311   Thumb Code     0  memseta.o(.text)
    __aeabi_memclr8                          0x08000311   Thumb Code     0  memseta.o(.text)
    _memset$wrapper                          0x08000315   Thumb Code    18  memseta.o(.text)
    strcat                                   0x08000327   Thumb Code    24  strcat.o(.text)
    strstr                                   0x0800033f   Thumb Code    36  strstr.o(.text)
    strlen                                   0x08000363   Thumb Code    14  strlen.o(.text)
    strcpy                                   0x08000371   Thumb Code    18  strcpy.o(.text)
    __aeabi_dadd                             0x08000383   Thumb Code   322  dadd.o(.text)
    __aeabi_dsub                             0x080004c5   Thumb Code     6  dadd.o(.text)
    __aeabi_drsub                            0x080004cb   Thumb Code     6  dadd.o(.text)
    __aeabi_dmul                             0x080004d1   Thumb Code   228  dmul.o(.text)
    __aeabi_cdrcmple                         0x080005b5   Thumb Code    48  cdrcmple.o(.text)
    __aeabi_uidiv                            0x080005e5   Thumb Code     0  uidiv.o(.text)
    __aeabi_uidivmod                         0x080005e5   Thumb Code    44  uidiv.o(.text)
    __aeabi_llsl                             0x08000611   Thumb Code    30  llshl.o(.text)
    _ll_shift_l                              0x08000611   Thumb Code     0  llshl.o(.text)
    __aeabi_llsr                             0x0800062f   Thumb Code    32  llushr.o(.text)
    _ll_ushift_r                             0x0800062f   Thumb Code     0  llushr.o(.text)
    __aeabi_lasr                             0x0800064f   Thumb Code    36  llsshr.o(.text)
    _ll_sshift_r                             0x0800064f   Thumb Code     0  llsshr.o(.text)
    __I$use$fp                               0x08000673   Thumb Code     0  iusefp.o(.text)
    _double_round                            0x08000673   Thumb Code    30  depilogue.o(.text)
    _double_epilogue                         0x08000691   Thumb Code   156  depilogue.o(.text)
    __aeabi_ddiv                             0x0800072d   Thumb Code   222  ddiv.o(.text)
    __aeabi_d2ulz                            0x0800080b   Thumb Code    48  dfixul.o(.text)
    __scatterload                            0x0800083d   Thumb Code    28  init.o(.text)
    __scatterload_rt2                        0x0800083d   Thumb Code     0  init.o(.text)
    __decompress                             0x08000861   Thumb Code     0  __dczerorl.o(.text)
    __decompress0                            0x08000861   Thumb Code    58  __dczerorl.o(.text)
    BusFault_Handler                         0x0800089b   Thumb Code     4  stm32f4xx_it.o(i.BusFault_Handler)
    CAN1_RX0_IRQHandler                      0x080008a1   Thumb Code    10  stm32f4xx_it.o(i.CAN1_RX0_IRQHandler)
    DebugMon_Handler                         0x080008b1   Thumb Code     2  stm32f4xx_it.o(i.DebugMon_Handler)
    HAL_CAN_ErrorCallback                    0x080008b3   Thumb Code     2  stm32f4xx_hal_can.o(i.HAL_CAN_ErrorCallback)
    HAL_CAN_GetRxMessage                     0x080008b5   Thumb Code   392  stm32f4xx_hal_can.o(i.HAL_CAN_GetRxMessage)
    HAL_CAN_IRQHandler                       0x08000a3d   Thumb Code   590  stm32f4xx_hal_can.o(i.HAL_CAN_IRQHandler)
    HAL_CAN_RxFifo0FullCallback              0x08000c8b   Thumb Code     2  stm32f4xx_hal_can.o(i.HAL_CAN_RxFifo0FullCallback)
    HAL_CAN_RxFifo0MsgPendingCallback        0x08000c8d   Thumb Code    68  can.o(i.HAL_CAN_RxFifo0MsgPendingCallback)
    HAL_CAN_RxFifo1FullCallback              0x08000cf9   Thumb Code     2  stm32f4xx_hal_can.o(i.HAL_CAN_RxFifo1FullCallback)
    HAL_CAN_RxFifo1MsgPendingCallback        0x08000cfb   Thumb Code     2  stm32f4xx_hal_can.o(i.HAL_CAN_RxFifo1MsgPendingCallback)
    HAL_CAN_SleepCallback                    0x08000cfd   Thumb Code     2  stm32f4xx_hal_can.o(i.HAL_CAN_SleepCallback)
    HAL_CAN_TxMailbox0AbortCallback          0x08000cff   Thumb Code     2  stm32f4xx_hal_can.o(i.HAL_CAN_TxMailbox0AbortCallback)
    HAL_CAN_TxMailbox0CompleteCallback       0x08000d01   Thumb Code     2  stm32f4xx_hal_can.o(i.HAL_CAN_TxMailbox0CompleteCallback)
    HAL_CAN_TxMailbox1AbortCallback          0x08000d03   Thumb Code     2  stm32f4xx_hal_can.o(i.HAL_CAN_TxMailbox1AbortCallback)
    HAL_CAN_TxMailbox1CompleteCallback       0x08000d05   Thumb Code     2  stm32f4xx_hal_can.o(i.HAL_CAN_TxMailbox1CompleteCallback)
    HAL_CAN_TxMailbox2AbortCallback          0x08000d07   Thumb Code     2  stm32f4xx_hal_can.o(i.HAL_CAN_TxMailbox2AbortCallback)
    HAL_CAN_TxMailbox2CompleteCallback       0x08000d09   Thumb Code     2  stm32f4xx_hal_can.o(i.HAL_CAN_TxMailbox2CompleteCallback)
    HAL_CAN_WakeUpFromRxMsgCallback          0x08000d0b   Thumb Code     2  stm32f4xx_hal_can.o(i.HAL_CAN_WakeUpFromRxMsgCallback)
    HAL_DMA_Abort_IT                         0x08000d0d   Thumb Code    40  stm32f4xx_hal_dma.o(i.HAL_DMA_Abort_IT)
    HAL_Delay                                0x08000d35   Thumb Code    36  stm32f4xx_hal.o(i.HAL_Delay)
    HAL_GPIO_Init                            0x08000d5d   Thumb Code   466  stm32f4xx_hal_gpio.o(i.HAL_GPIO_Init)
    HAL_GPIO_TogglePin                       0x08000f5d   Thumb Code     8  stm32f4xx_hal_gpio.o(i.HAL_GPIO_TogglePin)
    HAL_GPIO_WritePin                        0x08000f65   Thumb Code    12  stm32f4xx_hal_gpio.o(i.HAL_GPIO_WritePin)
    HAL_GetTick                              0x08000f71   Thumb Code     6  stm32f4xx_hal.o(i.HAL_GetTick)
    HAL_IncTick                              0x08000f7d   Thumb Code    16  stm32f4xx_hal.o(i.HAL_IncTick)
    HAL_Init                                 0x08000f95   Thumb Code    54  stm32f4xx_hal.o(i.HAL_Init)
    HAL_InitTick                             0x08000fd1   Thumb Code   122  stm32f4xx_hal_timebase_tim.o(i.HAL_InitTick)
    HAL_MspInit                              0x0800105d   Thumb Code   150  stm32f4xx_hal_msp.o(i.HAL_MspInit)
    HAL_NVIC_EnableIRQ                       0x080010f9   Thumb Code    26  stm32f4xx_hal_cortex.o(i.HAL_NVIC_EnableIRQ)
    HAL_NVIC_SetPriority                     0x08001113   Thumb Code   124  stm32f4xx_hal_cortex.o(i.HAL_NVIC_SetPriority)
    HAL_NVIC_SetPriorityGrouping             0x08001191   Thumb Code    32  stm32f4xx_hal_cortex.o(i.HAL_NVIC_SetPriorityGrouping)
    HAL_NVIC_SystemReset                     0x080011b9   Thumb Code    60  stm32f4xx_hal_cortex.o(i.HAL_NVIC_SystemReset)
    HAL_RCC_ClockConfig                      0x080011fd   Thumb Code   366  stm32f4xx_hal_rcc.o(i.HAL_RCC_ClockConfig)
    HAL_RCC_GetClockConfig                   0x0800137d   Thumb Code    58  stm32f4xx_hal_rcc.o(i.HAL_RCC_GetClockConfig)
    HAL_RCC_GetHCLKFreq                      0x080013c1   Thumb Code     6  stm32f4xx_hal_rcc.o(i.HAL_RCC_GetHCLKFreq)
    HAL_RCC_GetPCLK1Freq                     0x080013cd   Thumb Code    22  stm32f4xx_hal_rcc.o(i.HAL_RCC_GetPCLK1Freq)
    HAL_RCC_GetPCLK2Freq                     0x080013ed   Thumb Code    22  stm32f4xx_hal_rcc.o(i.HAL_RCC_GetPCLK2Freq)
    HAL_RCC_GetSysClockFreq                  0x0800140d   Thumb Code   162  stm32f4xx_hal_rcc.o(i.HAL_RCC_GetSysClockFreq)
    HAL_RCC_OscConfig                        0x080014bd   Thumb Code  1086  stm32f4xx_hal_rcc.o(i.HAL_RCC_OscConfig)
    HAL_SYSTICK_CLKSourceConfig              0x08001905   Thumb Code    40  stm32f4xx_hal_cortex.o(i.HAL_SYSTICK_CLKSourceConfig)
    HAL_SYSTICK_Config                       0x0800192d   Thumb Code    52  stm32f4xx_hal_cortex.o(i.HAL_SYSTICK_Config)
    HAL_TIMEx_BreakCallback                  0x08001961   Thumb Code     2  stm32f4xx_hal_tim_ex.o(i.HAL_TIMEx_BreakCallback)
    HAL_TIMEx_CommutationCallback            0x08001963   Thumb Code     2  stm32f4xx_hal_tim_ex.o(i.HAL_TIMEx_CommutationCallback)
    HAL_TIM_Base_Init                        0x08001965   Thumb Code    52  stm32f4xx_hal_tim.o(i.HAL_TIM_Base_Init)
    HAL_TIM_Base_MspInit                     0x08001999   Thumb Code    88  tim.o(i.HAL_TIM_Base_MspInit)
    HAL_TIM_Base_Start_IT                    0x080019fd   Thumb Code    30  stm32f4xx_hal_tim.o(i.HAL_TIM_Base_Start_IT)
    HAL_TIM_IC_CaptureCallback               0x08001a1b   Thumb Code     2  stm32f4xx_hal_tim.o(i.HAL_TIM_IC_CaptureCallback)
    HAL_TIM_IRQHandler                       0x08001a1d   Thumb Code   406  stm32f4xx_hal_tim.o(i.HAL_TIM_IRQHandler)
    HAL_TIM_OC_DelayElapsedCallback          0x08001bb3   Thumb Code     2  stm32f4xx_hal_tim.o(i.HAL_TIM_OC_DelayElapsedCallback)
    HAL_TIM_PWM_PulseFinishedCallback        0x08001bb5   Thumb Code     2  stm32f4xx_hal_tim.o(i.HAL_TIM_PWM_PulseFinishedCallback)
    HAL_TIM_PeriodElapsedCallback            0x08001bb9   Thumb Code    18  sys.o(i.HAL_TIM_PeriodElapsedCallback)
    HAL_TIM_TriggerCallback                  0x08001bd1   Thumb Code     2  stm32f4xx_hal_tim.o(i.HAL_TIM_TriggerCallback)
    HAL_UART_ErrorCallback                   0x08001bd3   Thumb Code     2  stm32f4xx_hal_uart.o(i.HAL_UART_ErrorCallback)
    HAL_UART_IRQHandler                      0x08001bd5   Thumb Code   326  stm32f4xx_hal_uart.o(i.HAL_UART_IRQHandler)
    HAL_UART_Init                            0x08001d21   Thumb Code   114  stm32f4xx_hal_uart.o(i.HAL_UART_Init)
    HAL_UART_MspInit                         0x08001d95   Thumb Code   310  usart.o(i.HAL_UART_MspInit)
    HAL_UART_RxCpltCallback                  0x08001ee9   Thumb Code     2  stm32f4xx_hal_uart.o(i.HAL_UART_RxCpltCallback)
    HAL_UART_Transmit                        0x08001eeb   Thumb Code   214  stm32f4xx_hal_uart.o(i.HAL_UART_Transmit)
    HAL_UART_TxCpltCallback                  0x08001fc1   Thumb Code     2  stm32f4xx_hal_uart.o(i.HAL_UART_TxCpltCallback)
    HardFault_Handler                        0x08001fc3   Thumb Code     4  stm32f4xx_it.o(i.HardFault_Handler)
    InteRactionTask                          0x08001fc9   Thumb Code   142  interactive.o(i.InteRactionTask)
    LogInit                                  0x08002065   Thumb Code    48  usart.o(i.LogInit)
    MX_GPIO_Init                             0x080020ad   Thumb Code    96  gpio.o(i.MX_GPIO_Init)
    MX_USART2_UART_Init                      0x08002111   Thumb Code    48  usart.o(i.MX_USART2_UART_Init)
    MemManage_Handler                        0x08002159   Thumb Code     4  stm32f4xx_it.o(i.MemManage_Handler)
    MessageReceiveFromISR                    0x0800215d   Thumb Code   100  message.o(i.MessageReceiveFromISR)
    MessageReceiveTask                       0x08002245   Thumb Code   402  message.o(i.MessageReceiveTask)
    MessageSend                              0x08002461   Thumb Code   116  message.o(i.MessageSend)
    MessageSendTask                          0x08002529   Thumb Code   184  message.o(i.MessageSendTask)
    MsgInfoConfig                            0x08002641   Thumb Code    52  message.o(i.MsgInfoConfig)
    NMI_Handler                              0x08002685   Thumb Code     2  stm32f4xx_it.o(i.NMI_Handler)
    StartTask                                0x080026c1   Thumb Code   168  main.o(i.StartTask)
    SysTick_Handler                          0x080027dd   Thumb Code     8  stm32f4xx_it.o(i.SysTick_Handler)
    SystemClock_Config                       0x080027e5   Thumb Code   202  sys.o(i.SystemClock_Config)
    SystemInit                               0x080028c9   Thumb Code    82  system_stm32f4xx.o(i.SystemInit)
    TIM5_IRQHandler                          0x0800292d   Thumb Code    10  stm32f4xx_it.o(i.TIM5_IRQHandler)
    TIM_Base_SetConfig                       0x0800293d   Thumb Code   184  stm32f4xx_hal_tim.o(i.TIM_Base_SetConfig)
    USART1_IRQHandler                        0x08002f4d   Thumb Code    10  stm32f4xx_it.o(i.USART1_IRQHandler)
    USART2_IRQHandler                        0x08002f5d   Thumb Code   112  stm32f4xx_it.o(i.USART2_IRQHandler)
    USART3_IRQHandler                        0x08002fdd   Thumb Code    10  stm32f4xx_it.o(i.USART3_IRQHandler)
    UsageFault_Handler                       0x08002fed   Thumb Code     4  stm32f4xx_it.o(i.UsageFault_Handler)
    Usart2Write                              0x08002ff1   Thumb Code    46  usart.o(i.Usart2Write)
    _Error_Handler                           0x08003025   Thumb Code     4  sys.o(i._Error_Handler)
    __0printf                                0x08003029   Thumb Code    22  printfa.o(i.__0printf)
    __1printf                                0x08003029   Thumb Code     0  printfa.o(i.__0printf)
    __2printf                                0x08003029   Thumb Code     0  printfa.o(i.__0printf)
    __c89printf                              0x08003029   Thumb Code     0  printfa.o(i.__0printf)
    printf                                   0x08003029   Thumb Code     0  printfa.o(i.__0printf)
    __0sprintf                               0x08003049   Thumb Code    34  printfa.o(i.__0sprintf)
    __1sprintf                               0x08003049   Thumb Code     0  printfa.o(i.__0sprintf)
    __2sprintf                               0x08003049   Thumb Code     0  printfa.o(i.__0sprintf)
    __c89sprintf                             0x08003049   Thumb Code     0  printfa.o(i.__0sprintf)
    sprintf                                  0x08003049   Thumb Code     0  printfa.o(i.__0sprintf)
    __scatterload_copy                       0x08003071   Thumb Code    14  handlers.o(i.__scatterload_copy)
    __scatterload_null                       0x0800307f   Thumb Code     2  handlers.o(i.__scatterload_null)
    __scatterload_zeroinit                   0x08003081   Thumb Code    14  handlers.o(i.__scatterload_zeroinit)
    deviceSend                               0x0800392d   Thumb Code   334  message.o(i.deviceSend)
    fputc                                    0x08003b5d   Thumb Code    22  usart.o(i.fputc)
    gDeviceConfig                            0x08003b79   Thumb Code   232  gprs.o(i.gDeviceConfig)
    gDeviceConnect                           0x08003d01   Thumb Code   178  gprs.o(i.gDeviceConnect)
    gDeviceRegister                          0x08003ecd   Thumb Code   350  register.o(i.gDeviceRegister)
    gGetDeviceINFO                           0x08004195   Thumb Code   106  gprs.o(i.gGetDeviceINFO)
    gNetTest                                 0x08004285   Thumb Code   252  gprs.o(i.gNetTest)
    gRemoteIpPortConfig                      0x08004441   Thumb Code   144  gprs.o(i.gRemoteIpPortConfig)
    gTCPIPConfig                             0x08004571   Thumb Code   152  gprs.o(i.gTCPIPConfig)
    main                                     0x08004671   Thumb Code    34  main.o(i.main)
    osSystickHandler                         0x080046a9   Thumb Code    16  cmsis_os.o(i.osSystickHandler)
    platformInit                             0x08004835   Thumb Code    36  platform.o(i.platformInit)
    pvPortMalloc                             0x08005219   Thumb Code   296  heap_4.o(i.pvPortMalloc)
    pvTaskIncrementMutexHeldCount            0x08005355   Thumb Code    26  tasks.o(i.pvTaskIncrementMutexHeldCount)
    pxPortInitialiseStack                    0x08005375   Thumb Code    38  port.o(i.pxPortInitialiseStack)
    sInteractive_Init                        0x0800578d   Thumb Code   132  interactive.o(i.sInteractive_Init)
    sysReset                                 0x08005c79   Thumb Code    14  sys.o(i.sysReset)
    uxListRemove                             0x08005c95   Thumb Code    40  list.o(i.uxListRemove)
    vListInitialise                          0x08005cbd   Thumb Code    26  list.o(i.vListInitialise)
    vListInitialiseItem                      0x08005cd7   Thumb Code     6  list.o(i.vListInitialiseItem)
    vListInsert                              0x08005cdd   Thumb Code    52  list.o(i.vListInsert)
    vListInsertEnd                           0x08005d11   Thumb Code    24  list.o(i.vListInsertEnd)
    vPortEnterCritical                       0x08005d29   Thumb Code    76  port.o(i.vPortEnterCritical)
    vPortExitCritical                        0x08005d7d   Thumb Code    56  port.o(i.vPortExitCritical)
    vPortFree                                0x08005db9   Thumb Code   140  heap_4.o(i.vPortFree)
    vPortSetupTimerInterrupt                 0x08005e4d   Thumb Code    26  port.o(i.vPortSetupTimerInterrupt)
    vPortValidateInterruptPriority           0x08005e6d   Thumb Code   106  port.o(i.vPortValidateInterruptPriority)
    vQueueAddToRegistry                      0x08005ee5   Thumb Code    38  queue.o(i.vQueueAddToRegistry)
    vQueueDelete                             0x08005f11   Thumb Code    44  queue.o(i.vQueueDelete)
    vQueueUnregisterQueue                    0x08005f3d   Thumb Code    44  queue.o(i.vQueueUnregisterQueue)
    vQueueWaitForMessageRestricted           0x08005f6d   Thumb Code    74  queue.o(i.vQueueWaitForMessageRestricted)
    vTaskDelay                               0x08005fb9   Thumb Code    82  tasks.o(i.vTaskDelay)
    vTaskDelete                              0x08006015   Thumb Code   202  tasks.o(i.vTaskDelete)
    vTaskMissedYield                         0x08006109   Thumb Code     8  tasks.o(i.vTaskMissedYield)
    vTaskPlaceOnEventList                    0x08006115   Thumb Code    52  tasks.o(i.vTaskPlaceOnEventList)
    vTaskPlaceOnEventListRestricted          0x0800614d   Thumb Code    60  tasks.o(i.vTaskPlaceOnEventListRestricted)
    vTaskPriorityInherit                     0x0800618d   Thumb Code   164  tasks.o(i.vTaskPriorityInherit)
    vTaskSetTimeOutState                     0x0800623d   Thumb Code    38  tasks.o(i.vTaskSetTimeOutState)
    vTaskStartScheduler                      0x0800626d   Thumb Code   120  tasks.o(i.vTaskStartScheduler)
    vTaskSuspendAll                          0x08006301   Thumb Code    12  tasks.o(i.vTaskSuspendAll)
    vTaskSwitchContext                       0x08006311   Thumb Code   118  tasks.o(i.vTaskSwitchContext)
    xEventGroupClearBits                     0x0800639d   Thumb Code    92  event_groups.o(i.xEventGroupClearBits)
    xEventGroupCreate                        0x080063f9   Thumb Code    26  event_groups.o(i.xEventGroupCreate)
    xEventGroupSetBits                       0x08006413   Thumb Code   206  event_groups.o(i.xEventGroupSetBits)
    xPortStartScheduler                      0x080064e1   Thumb Code   288  port.o(i.xPortStartScheduler)
    xPortSysTickHandler                      0x0800661d   Thumb Code    46  port.o(i.xPortSysTickHandler)
    xQueueGenericCreate                      0x08006651   Thumb Code    88  queue.o(i.xQueueGenericCreate)
    xQueueGenericReceive                     0x080066a9   Thumb Code   446  queue.o(i.xQueueGenericReceive)
    xQueueGenericReset                       0x0800686d   Thumb Code   146  queue.o(i.xQueueGenericReset)
    xQueueGenericSend                        0x08006905   Thumb Code   420  queue.o(i.xQueueGenericSend)
    xQueueGenericSendFromISR                 0x08006aad   Thumb Code   248  queue.o(i.xQueueGenericSendFromISR)
    xTaskCheckForTimeOut                     0x08006ba5   Thumb Code   132  tasks.o(i.xTaskCheckForTimeOut)
    xTaskCreate                              0x08006c31   Thumb Code    96  tasks.o(i.xTaskCreate)
    xTaskGetSchedulerState                   0x08006c91   Thumb Code    24  tasks.o(i.xTaskGetSchedulerState)
    xTaskGetTickCount                        0x08006cb1   Thumb Code     6  tasks.o(i.xTaskGetTickCount)
    xTaskIncrementTick                       0x08006cbd   Thumb Code   282  tasks.o(i.xTaskIncrementTick)
    xTaskPriorityDisinherit                  0x08006e05   Thumb Code   188  tasks.o(i.xTaskPriorityDisinherit)
    xTaskRemoveFromEventList                 0x08006ecd   Thumb Code   128  tasks.o(i.xTaskRemoveFromEventList)
    xTaskRemoveFromUnorderedEventList        0x08006f65   Thumb Code   154  tasks.o(i.xTaskRemoveFromUnorderedEventList)
    xTaskResumeAll                           0x08007015   Thumb Code   224  tasks.o(i.xTaskResumeAll)
    xTimerCreate                             0x08007119   Thumb Code    48  timers.o(i.xTimerCreate)
    xTimerCreateTimerTask                    0x08007149   Thumb Code    64  timers.o(i.xTimerCreateTimerTask)
    xTimerGenericCommand                     0x0800719d   Thumb Code   126  timers.o(i.xTimerGenericCommand)
    AHBPrescTable                            0x08007328   Data          16  system_stm32f4xx.o(.constdata)
    APBPrescTable                            0x08007338   Data           8  system_stm32f4xx.o(.constdata)
    Region$$Table$$Base                      0x08007340   Number         0  anon$$obj.o(Region$$Table)
    Region$$Table$$Limit                     0x08007360   Number         0  anon$$obj.o(Region$$Table)
    can_recvmsg1                             0x20000000   Data           8  can.o(.data)
    can_recvmsg2                             0x20000008   Data           8  can.o(.data)
    UsartRecMsgQueue                         0x20000010   Data           4  message.o(.data)
    NetBinarySemaphore                       0x20000018   Data           4  gprs.o(.data)
    gGprs                                    0x2000001c   Data         244  gprs.o(.data)
    TESTTaskHanhler                          0x20000114   Data           4  main.o(.data)
    StartTaskHanhler                         0x20000118   Data           4  main.o(.data)
    InteRactionTaskHanhler                   0x2000011c   Data           4  main.o(.data)
    InteracEventHandler                      0x20000120   Data           4  main.o(.data)
    MsgRecTaskHanhler                        0x20000124   Data           4  main.o(.data)
    MsgSendTaskHanhler                       0x20000128   Data           4  main.o(.data)
    connectTimerHandler                      0x2000012c   Data           4  main.o(.data)
    NetTimerHandler                          0x20000130   Data           4  main.o(.data)
    usart2RecLen                             0x20000134   Data           2  usart.o(.data)
    RigisterBinarySemaphore                  0x20000138   Data           4  register.o(.data)
    uwTick                                   0x2000013c   Data           4  stm32f4xx_hal.o(.data)
    uwTickPrio                               0x20000140   Data           4  stm32f4xx_hal.o(.data)
    uwTickFreq                               0x20000144   Data           1  stm32f4xx_hal.o(.data)
    SystemCoreClock                          0x20000148   Data           4  system_stm32f4xx.o(.data)
    pxCurrentTCB                             0x20000170   Data           4  tasks.o(.data)
    __stdout                                 0x200001c0   Data           4  stdout.o(.data)
    TxMessage1                               0x200001c4   Data          24  can.o(.bss)
    TxMessage2                               0x200001dc   Data          24  can.o(.bss)
    RxMessage1                               0x200001f4   Data          28  can.o(.bss)
    RxMessage2                               0x20000210   Data          28  can.o(.bss)
    hcan1                                    0x2000022c   Data          40  can.o(.bss)
    gRemoteIpPor                             0x20000264   Data          26  gprs.o(.bss)
    huart1                                   0x20000280   Data          64  usart.o(.bss)
    huart2                                   0x200002c0   Data          64  usart.o(.bss)
    huart3                                   0x20000300   Data          64  usart.o(.bss)
    usart2RecBuf                             0x20000340   Data        1024  usart.o(.bss)
    htim5                                    0x20000740   Data          60  stm32f4xx_hal_timebase_tim.o(.bss)
    xQueueRegistry                           0x20007f7c   Data          64  queue.o(.bss)
    __initial_sp                             0x200086c8   Data           0  startup_stm32f405xx.o(STACK)



==============================================================================

Memory Map of the image

  Image Entry point : 0x08000189

  Load Region LR_IROM1 (Base: 0x08000000, Size: 0x00007524, Max: 0x00100000, ABSOLUTE, COMPRESSED[0x00007384])

    Execution Region ER_IROM1 (Base: 0x08000000, Size: 0x00007360, Max: 0x00100000, ABSOLUTE)

    Base Addr    Size         Type   Attr      Idx    E Section Name        Object

    0x08000000   0x00000188   Data   RO            3    RESET               startup_stm32f405xx.o
    0x08000188   0x00000000   Code   RO         5523  * .ARM.Collect$$$$00000000  mc_w.l(entry.o)
    0x08000188   0x00000004   Code   RO         5886    .ARM.Collect$$$$00000001  mc_w.l(entry2.o)
    0x0800018c   0x00000004   Code   RO         5889    .ARM.Collect$$$$00000004  mc_w.l(entry5.o)
    0x08000190   0x00000000   Code   RO         5891    .ARM.Collect$$$$00000008  mc_w.l(entry7b.o)
    0x08000190   0x00000000   Code   RO         5893    .ARM.Collect$$$$0000000A  mc_w.l(entry8b.o)
    0x08000190   0x00000008   Code   RO         5894    .ARM.Collect$$$$0000000B  mc_w.l(entry9a.o)
    0x08000198   0x00000000   Code   RO         5896    .ARM.Collect$$$$0000000D  mc_w.l(entry10a.o)
    0x08000198   0x00000000   Code   RO         5898    .ARM.Collect$$$$0000000F  mc_w.l(entry11a.o)
    0x08000198   0x00000004   Code   RO         5887    .ARM.Collect$$$$00002712  mc_w.l(entry2.o)
    0x0800019c   0x000000ba   Code   RO         4346    .emb_text           port.o
    0x08000256   0x00000002   PAD
    0x08000258   0x00000024   Code   RO            4    .text               startup_stm32f405xx.o
    0x0800027c   0x00000062   Code   RO         5526    .text               mc_w.l(uldiv.o)
    0x080002de   0x00000024   Code   RO         5530    .text               mc_w.l(memcpya.o)
    0x08000302   0x00000024   Code   RO         5532    .text               mc_w.l(memseta.o)
    0x08000326   0x00000018   Code   RO         5534    .text               mc_w.l(strcat.o)
    0x0800033e   0x00000024   Code   RO         5536    .text               mc_w.l(strstr.o)
    0x08000362   0x0000000e   Code   RO         5540    .text               mc_w.l(strlen.o)
    0x08000370   0x00000012   Code   RO         5542    .text               mc_w.l(strcpy.o)
    0x08000382   0x0000014e   Code   RO         5841    .text               mf_w.l(dadd.o)
    0x080004d0   0x000000e4   Code   RO         5843    .text               mf_w.l(dmul.o)
    0x080005b4   0x00000030   Code   RO         5853    .text               mf_w.l(cdrcmple.o)
    0x080005e4   0x0000002c   Code   RO         5901    .text               mc_w.l(uidiv.o)
    0x08000610   0x0000001e   Code   RO         5903    .text               mc_w.l(llshl.o)
    0x0800062e   0x00000020   Code   RO         5905    .text               mc_w.l(llushr.o)
    0x0800064e   0x00000024   Code   RO         5907    .text               mc_w.l(llsshr.o)
    0x08000672   0x00000000   Code   RO         5924    .text               mc_w.l(iusefp.o)
    0x08000672   0x000000ba   Code   RO         5925    .text               mf_w.l(depilogue.o)
    0x0800072c   0x000000de   Code   RO         5927    .text               mf_w.l(ddiv.o)
    0x0800080a   0x00000030   Code   RO         5933    .text               mf_w.l(dfixul.o)
    0x0800083a   0x00000002   PAD
    0x0800083c   0x00000024   Code   RO         5935    .text               mc_w.l(init.o)
    0x08000860   0x0000003a   Code   RO         5954    .text               mc_w.l(__dczerorl.o)
    0x0800089a   0x00000004   Code   RO           13    i.BusFault_Handler  stm32f4xx_it.o
    0x0800089e   0x00000002   PAD
    0x080008a0   0x00000010   Code   RO           14    i.CAN1_RX0_IRQHandler  stm32f4xx_it.o
    0x080008b0   0x00000002   Code   RO           15    i.DebugMon_Handler  stm32f4xx_it.o
    0x080008b2   0x00000002   Code   RO         1582    i.HAL_CAN_ErrorCallback  stm32f4xx_hal_can.o
    0x080008b4   0x00000188   Code   RO         1585    i.HAL_CAN_GetRxMessage  stm32f4xx_hal_can.o
    0x08000a3c   0x0000024e   Code   RO         1589    i.HAL_CAN_IRQHandler  stm32f4xx_hal_can.o
    0x08000c8a   0x00000002   Code   RO         1597    i.HAL_CAN_RxFifo0FullCallback  stm32f4xx_hal_can.o
    0x08000c8c   0x0000006c   Code   RO          453    i.HAL_CAN_RxFifo0MsgPendingCallback  can.o
    0x08000cf8   0x00000002   Code   RO         1599    i.HAL_CAN_RxFifo1FullCallback  stm32f4xx_hal_can.o
    0x08000cfa   0x00000002   Code   RO         1600    i.HAL_CAN_RxFifo1MsgPendingCallback  stm32f4xx_hal_can.o
    0x08000cfc   0x00000002   Code   RO         1601    i.HAL_CAN_SleepCallback  stm32f4xx_hal_can.o
    0x08000cfe   0x00000002   Code   RO         1604    i.HAL_CAN_TxMailbox0AbortCallback  stm32f4xx_hal_can.o
    0x08000d00   0x00000002   Code   RO         1605    i.HAL_CAN_TxMailbox0CompleteCallback  stm32f4xx_hal_can.o
    0x08000d02   0x00000002   Code   RO         1606    i.HAL_CAN_TxMailbox1AbortCallback  stm32f4xx_hal_can.o
    0x08000d04   0x00000002   Code   RO         1607    i.HAL_CAN_TxMailbox1CompleteCallback  stm32f4xx_hal_can.o
    0x08000d06   0x00000002   Code   RO         1608    i.HAL_CAN_TxMailbox2AbortCallback  stm32f4xx_hal_can.o
    0x08000d08   0x00000002   Code   RO         1609    i.HAL_CAN_TxMailbox2CompleteCallback  stm32f4xx_hal_can.o
    0x08000d0a   0x00000002   Code   RO         1611    i.HAL_CAN_WakeUpFromRxMsgCallback  stm32f4xx_hal_can.o
    0x08000d0c   0x00000028   Code   RO         3655    i.HAL_DMA_Abort_IT  stm32f4xx_hal_dma.o
    0x08000d34   0x00000028   Code   RO         4078    i.HAL_Delay         stm32f4xx_hal.o
    0x08000d5c   0x00000200   Code   RO         3547    i.HAL_GPIO_Init     stm32f4xx_hal_gpio.o
    0x08000f5c   0x00000008   Code   RO         3550    i.HAL_GPIO_TogglePin  stm32f4xx_hal_gpio.o
    0x08000f64   0x0000000c   Code   RO         3551    i.HAL_GPIO_WritePin  stm32f4xx_hal_gpio.o
    0x08000f70   0x0000000c   Code   RO         4084    i.HAL_GetTick       stm32f4xx_hal.o
    0x08000f7c   0x00000018   Code   RO         4088    i.HAL_IncTick       stm32f4xx_hal.o
    0x08000f94   0x0000003c   Code   RO         4089    i.HAL_Init          stm32f4xx_hal.o
    0x08000fd0   0x0000008c   Code   RO         1176    i.HAL_InitTick      stm32f4xx_hal_timebase_tim.o
    0x0800105c   0x0000009c   Code   RO         1152    i.HAL_MspInit       stm32f4xx_hal_msp.o
    0x080010f8   0x0000001a   Code   RO         3936    i.HAL_NVIC_EnableIRQ  stm32f4xx_hal_cortex.o
    0x08001112   0x0000007c   Code   RO         3942    i.HAL_NVIC_SetPriority  stm32f4xx_hal_cortex.o
    0x0800118e   0x00000002   PAD
    0x08001190   0x00000028   Code   RO         3943    i.HAL_NVIC_SetPriorityGrouping  stm32f4xx_hal_cortex.o
    0x080011b8   0x00000044   Code   RO         3944    i.HAL_NVIC_SystemReset  stm32f4xx_hal_cortex.o
    0x080011fc   0x00000180   Code   RO         3148    i.HAL_RCC_ClockConfig  stm32f4xx_hal_rcc.o
    0x0800137c   0x00000044   Code   RO         3152    i.HAL_RCC_GetClockConfig  stm32f4xx_hal_rcc.o
    0x080013c0   0x0000000c   Code   RO         3153    i.HAL_RCC_GetHCLKFreq  stm32f4xx_hal_rcc.o
    0x080013cc   0x00000020   Code   RO         3155    i.HAL_RCC_GetPCLK1Freq  stm32f4xx_hal_rcc.o
    0x080013ec   0x00000020   Code   RO         3156    i.HAL_RCC_GetPCLK2Freq  stm32f4xx_hal_rcc.o
    0x0800140c   0x000000b0   Code   RO         3157    i.HAL_RCC_GetSysClockFreq  stm32f4xx_hal_rcc.o
    0x080014bc   0x00000448   Code   RO         3160    i.HAL_RCC_OscConfig  stm32f4xx_hal_rcc.o
    0x08001904   0x00000028   Code   RO         3945    i.HAL_SYSTICK_CLKSourceConfig  stm32f4xx_hal_cortex.o
    0x0800192c   0x00000034   Code   RO         3947    i.HAL_SYSTICK_Config  stm32f4xx_hal_cortex.o
    0x08001960   0x00000002   Code   RO         2577    i.HAL_TIMEx_BreakCallback  stm32f4xx_hal_tim_ex.o
    0x08001962   0x00000002   Code   RO         2578    i.HAL_TIMEx_CommutationCallback  stm32f4xx_hal_tim_ex.o
    0x08001964   0x00000034   Code   RO         1938    i.HAL_TIM_Base_Init  stm32f4xx_hal_tim.o
    0x08001998   0x00000064   Code   RO         1026    i.HAL_TIM_Base_MspInit  tim.o
    0x080019fc   0x0000001e   Code   RO         1943    i.HAL_TIM_Base_Start_IT  stm32f4xx_hal_tim.o
    0x08001a1a   0x00000002   Code   RO         1967    i.HAL_TIM_IC_CaptureCallback  stm32f4xx_hal_tim.o
    0x08001a1c   0x00000196   Code   RO         1980    i.HAL_TIM_IRQHandler  stm32f4xx_hal_tim.o
    0x08001bb2   0x00000002   Code   RO         1983    i.HAL_TIM_OC_DelayElapsedCallback  stm32f4xx_hal_tim.o
    0x08001bb4   0x00000002   Code   RO         2010    i.HAL_TIM_PWM_PulseFinishedCallback  stm32f4xx_hal_tim.o
    0x08001bb6   0x00000002   PAD
    0x08001bb8   0x00000018   Code   RO          268    i.HAL_TIM_PeriodElapsedCallback  sys.o
    0x08001bd0   0x00000002   Code   RO         2021    i.HAL_TIM_TriggerCallback  stm32f4xx_hal_tim.o
    0x08001bd2   0x00000002   Code   RO         2837    i.HAL_UART_ErrorCallback  stm32f4xx_hal_uart.o
    0x08001bd4   0x0000014c   Code   RO         2840    i.HAL_UART_IRQHandler  stm32f4xx_hal_uart.o
    0x08001d20   0x00000072   Code   RO         2841    i.HAL_UART_Init     stm32f4xx_hal_uart.o
    0x08001d92   0x00000002   PAD
    0x08001d94   0x00000154   Code   RO         1074    i.HAL_UART_MspInit  usart.o
    0x08001ee8   0x00000002   Code   RO         2847    i.HAL_UART_RxCpltCallback  stm32f4xx_hal_uart.o
    0x08001eea   0x000000d6   Code   RO         2849    i.HAL_UART_Transmit  stm32f4xx_hal_uart.o
    0x08001fc0   0x00000002   Code   RO         2852    i.HAL_UART_TxCpltCallback  stm32f4xx_hal_uart.o
    0x08001fc2   0x00000004   Code   RO           16    i.HardFault_Handler  stm32f4xx_it.o
    0x08001fc6   0x00000002   PAD
    0x08001fc8   0x0000009c   Code   RO          723    i.InteRactionTask   interactive.o
    0x08002064   0x00000048   Code   RO         1075    i.LogInit           usart.o
    0x080020ac   0x00000064   Code   RO          956    i.MX_GPIO_Init      gpio.o
    0x08002110   0x00000048   Code   RO         1076    i.MX_USART2_UART_Init  usart.o
    0x08002158   0x00000004   Code   RO           17    i.MemManage_Handler  stm32f4xx_it.o
    0x0800215c   0x000000e8   Code   RO          753    i.MessageReceiveFromISR  message.o
    0x08002244   0x0000021c   Code   RO          754    i.MessageReceiveTask  message.o
    0x08002460   0x000000c8   Code   RO          755    i.MessageSend       message.o
    0x08002528   0x00000118   Code   RO          756    i.MessageSendTask   message.o
    0x08002640   0x00000044   Code   RO          757    i.MsgInfoConfig     message.o
    0x08002684   0x00000002   Code   RO           18    i.NMI_Handler       stm32f4xx_it.o
    0x08002686   0x00000002   PAD
    0x08002688   0x00000010   Code   RO         3949    i.NVIC_GetPriorityGrouping  stm32f4xx_hal_cortex.o
    0x08002698   0x00000028   Code   RO         3950    i.NVIC_SetPriority  stm32f4xx_hal_cortex.o
    0x080026c0   0x0000011c   Code   RO          906    i.StartTask         main.o
    0x080027dc   0x00000008   Code   RO           19    i.SysTick_Handler   stm32f4xx_it.o
    0x080027e4   0x000000e4   Code   RO          269    i.SystemClock_Config  sys.o
    0x080028c8   0x00000064   Code   RO         4243    i.SystemInit        system_stm32f4xx.o
    0x0800292c   0x00000010   Code   RO           20    i.TIM5_IRQHandler   stm32f4xx_it.o
    0x0800293c   0x000000e4   Code   RO         2022    i.TIM_Base_SetConfig  stm32f4xx_hal_tim.o
    0x08002a20   0x00000014   Code   RO         2854    i.UART_DMAAbortOnError  stm32f4xx_hal_uart.o
    0x08002a34   0x00000020   Code   RO         2864    i.UART_EndRxTransfer  stm32f4xx_hal_uart.o
    0x08002a54   0x00000020   Code   RO         2865    i.UART_EndTransmit_IT  stm32f4xx_hal_uart.o
    0x08002a74   0x0000009a   Code   RO         2867    i.UART_Receive_IT   stm32f4xx_hal_uart.o
    0x08002b0e   0x00000002   PAD
    0x08002b10   0x00000368   Code   RO         2868    i.UART_SetConfig    stm32f4xx_hal_uart.o
    0x08002e78   0x00000068   Code   RO         2869    i.UART_Transmit_IT  stm32f4xx_hal_uart.o
    0x08002ee0   0x0000006c   Code   RO         2870    i.UART_WaitOnFlagUntilTimeout  stm32f4xx_hal_uart.o
    0x08002f4c   0x00000010   Code   RO           21    i.USART1_IRQHandler  stm32f4xx_it.o
    0x08002f5c   0x00000080   Code   RO           22    i.USART2_IRQHandler  stm32f4xx_it.o
    0x08002fdc   0x00000010   Code   RO           23    i.USART3_IRQHandler  stm32f4xx_it.o
    0x08002fec   0x00000004   Code   RO           24    i.UsageFault_Handler  stm32f4xx_it.o
    0x08002ff0   0x00000034   Code   RO         1078    i.Usart2Write       usart.o
    0x08003024   0x00000004   Code   RO          270    i._Error_Handler    sys.o
    0x08003028   0x00000020   Code   RO         5781    i.__0printf         mc_w.l(printfa.o)
    0x08003048   0x00000028   Code   RO         5783    i.__0sprintf        mc_w.l(printfa.o)
    0x08003070   0x0000000e   Code   RO         5948    i.__scatterload_copy  mc_w.l(handlers.o)
    0x0800307e   0x00000002   Code   RO         5949    i.__scatterload_null  mc_w.l(handlers.o)
    0x08003080   0x0000000e   Code   RO         5950    i.__scatterload_zeroinit  mc_w.l(handlers.o)
    0x0800308e   0x00000002   PAD
    0x08003090   0x00000164   Code   RO         5788    i._fp_digits        mc_w.l(printfa.o)
    0x080031f4   0x000006dc   Code   RO         5789    i._printf_core      mc_w.l(printfa.o)
    0x080038d0   0x00000024   Code   RO         5790    i._printf_post_padding  mc_w.l(printfa.o)
    0x080038f4   0x0000002e   Code   RO         5791    i._printf_pre_padding  mc_w.l(printfa.o)
    0x08003922   0x0000000a   Code   RO         5793    i._sputc            mc_w.l(printfa.o)
    0x0800392c   0x00000230   Code   RO          758    i.deviceSend        message.o
    0x08003b5c   0x0000001c   Code   RO         1081    i.fputc             usart.o
    0x08003b78   0x00000188   Code   RO          816    i.gDeviceConfig     gprs.o
    0x08003d00   0x000001cc   Code   RO          817    i.gDeviceConnect    gprs.o
    0x08003ecc   0x000002c8   Code   RO         1540    i.gDeviceRegister   register.o
    0x08004194   0x000000f0   Code   RO          818    i.gGetDeviceINFO    gprs.o
    0x08004284   0x000001bc   Code   RO          819    i.gNetTest          gprs.o
    0x08004440   0x00000130   Code   RO          820    i.gRemoteIpPortConfig  gprs.o
    0x08004570   0x00000100   Code   RO          821    i.gTCPIPConfig      gprs.o
    0x08004670   0x00000038   Code   RO          908    i.main              main.o
    0x080046a8   0x00000010   Code   RO         5168    i.osSystickHandler  cmsis_os.o
    0x080046b8   0x0000017c   Code   RO          822    i.pdeviceConnect    gprs.o
    0x08004834   0x00000024   Code   RO          310    i.platformInit      platform.o
    0x08004858   0x00000098   Code   RO         4710    i.prvAddCurrentTaskToDelayedList  tasks.o
    0x080048f0   0x000000b4   Code   RO         4711    i.prvAddNewTaskToReadyList  tasks.o
    0x080049a4   0x00000064   Code   RO         5008    i.prvCheckForValidListAndQueue  timers.o
    0x08004a08   0x00000064   Code   RO         4712    i.prvCheckTasksWaitingTermination  tasks.o
    0x08004a6c   0x0000002a   Code   RO         4549    i.prvCopyDataFromQueue  queue.o
    0x08004a96   0x0000007c   Code   RO         4550    i.prvCopyDataToQueue  queue.o
    0x08004b12   0x00000012   Code   RO         4713    i.prvDeleteTCB      tasks.o
    0x08004b24   0x00000028   Code   RO         5009    i.prvGetNextExpireTime  timers.o
    0x08004b4c   0x0000007c   Code   RO         4276    i.prvHeapInit       heap_4.o
    0x08004bc8   0x00000028   Code   RO         4714    i.prvIdleTask       tasks.o
    0x08004bf0   0x00000026   Code   RO         4552    i.prvInitialiseNewQueue  queue.o
    0x08004c16   0x000000aa   Code   RO         4715    i.prvInitialiseNewTask  tasks.o
    0x08004cc0   0x0000004e   Code   RO         5010    i.prvInitialiseNewTimer  timers.o
    0x08004d0e   0x00000002   PAD
    0x08004d10   0x00000068   Code   RO         4716    i.prvInitialiseTaskLists  tasks.o
    0x08004d78   0x00000068   Code   RO         4277    i.prvInsertBlockIntoFreeList  heap_4.o
    0x08004de0   0x00000058   Code   RO         5011    i.prvInsertTimerInActiveList  timers.o
    0x08004e38   0x0000001a   Code   RO         4553    i.prvIsQueueEmpty   queue.o
    0x08004e52   0x0000001e   Code   RO         4554    i.prvIsQueueFull    queue.o
    0x08004e70   0x00000064   Code   RO         5012    i.prvProcessExpiredTimer  timers.o
    0x08004ed4   0x000000f8   Code   RO         5013    i.prvProcessReceivedCommands  timers.o
    0x08004fcc   0x00000074   Code   RO         5014    i.prvProcessTimerOrBlockTask  timers.o
    0x08005040   0x00000034   Code   RO         4717    i.prvResetNextTaskUnblockTime  tasks.o
    0x08005074   0x0000002c   Code   RO         5015    i.prvSampleTimeNow  timers.o
    0x080050a0   0x000000a0   Code   RO         5016    i.prvSwitchTimerLists  timers.o
    0x08005140   0x00000040   Code   RO         4347    i.prvTaskExitError  port.o
    0x08005180   0x0000001a   Code   RO         5017    i.prvTimerTask      timers.o
    0x0800519a   0x0000007e   Code   RO         4555    i.prvUnlockQueue    queue.o
    0x08005218   0x0000013c   Code   RO         4278    i.pvPortMalloc      heap_4.o
    0x08005354   0x00000020   Code   RO         4719    i.pvTaskIncrementMutexHeldCount  tasks.o
    0x08005374   0x0000002c   Code   RO         4348    i.pxPortInitialiseStack  port.o
    0x080053a0   0x000001e0   Code   RO          823    i.sAnalysisRsp      gprs.o
    0x08005580   0x0000020c   Code   RO          824    i.sGetDeviceINFO    gprs.o
    0x0800578c   0x00000090   Code   RO          724    i.sInteractive_Init  interactive.o
    0x0800581c   0x000000e4   Code   RO          825    i.sIpPortCheck      gprs.o
    0x08005900   0x00000224   Code   RO          826    i.sSendRspData      gprs.o
    0x08005b24   0x00000154   Code   RO          827    i.sSignalJudge      gprs.o
    0x08005c78   0x0000001c   Code   RO          271    i.sysReset          sys.o
    0x08005c94   0x00000028   Code   RO         4512    i.uxListRemove      list.o
    0x08005cbc   0x0000001a   Code   RO         4513    i.vListInitialise   list.o
    0x08005cd6   0x00000006   Code   RO         4514    i.vListInitialiseItem  list.o
    0x08005cdc   0x00000034   Code   RO         4515    i.vListInsert       list.o
    0x08005d10   0x00000018   Code   RO         4516    i.vListInsertEnd    list.o
    0x08005d28   0x00000054   Code   RO         4350    i.vPortEnterCritical  port.o
    0x08005d7c   0x0000003c   Code   RO         4351    i.vPortExitCritical  port.o
    0x08005db8   0x00000094   Code   RO         4279    i.vPortFree         heap_4.o
    0x08005e4c   0x00000020   Code   RO         4352    i.vPortSetupTimerInterrupt  port.o
    0x08005e6c   0x00000078   Code   RO         4353    i.vPortValidateInterruptPriority  port.o
    0x08005ee4   0x0000002c   Code   RO         4559    i.vQueueAddToRegistry  queue.o
    0x08005f10   0x0000002c   Code   RO         4560    i.vQueueDelete      queue.o
    0x08005f3c   0x00000030   Code   RO         4561    i.vQueueUnregisterQueue  queue.o
    0x08005f6c   0x0000004a   Code   RO         4562    i.vQueueWaitForMessageRestricted  queue.o
    0x08005fb6   0x00000002   PAD
    0x08005fb8   0x0000005c   Code   RO         4725    i.vTaskDelay        tasks.o
    0x08006014   0x000000f4   Code   RO         4727    i.vTaskDelete       tasks.o
    0x08006108   0x0000000c   Code   RO         4729    i.vTaskMissedYield  tasks.o
    0x08006114   0x00000038   Code   RO         4731    i.vTaskPlaceOnEventList  tasks.o
    0x0800614c   0x00000040   Code   RO         4732    i.vTaskPlaceOnEventListRestricted  tasks.o
    0x0800618c   0x000000b0   Code   RO         4734    i.vTaskPriorityInherit  tasks.o
    0x0800623c   0x00000030   Code   RO         4737    i.vTaskSetTimeOutState  tasks.o
    0x0800626c   0x00000094   Code   RO         4738    i.vTaskStartScheduler  tasks.o
    0x08006300   0x00000010   Code   RO         4740    i.vTaskSuspendAll   tasks.o
    0x08006310   0x0000008c   Code   RO         4741    i.vTaskSwitchContext  tasks.o
    0x0800639c   0x0000005c   Code   RO         4436    i.xEventGroupClearBits  event_groups.o
    0x080063f8   0x0000001a   Code   RO         4437    i.xEventGroupCreate  event_groups.o
    0x08006412   0x000000ce   Code   RO         4439    i.xEventGroupSetBits  event_groups.o
    0x080064e0   0x0000013c   Code   RO         4354    i.xPortStartScheduler  port.o
    0x0800661c   0x00000034   Code   RO         4355    i.xPortSysTickHandler  port.o
    0x08006650   0x00000058   Code   RO         4564    i.xQueueGenericCreate  queue.o
    0x080066a8   0x000001c4   Code   RO         4565    i.xQueueGenericReceive  queue.o
    0x0800686c   0x00000098   Code   RO         4566    i.xQueueGenericReset  queue.o
    0x08006904   0x000001a8   Code   RO         4567    i.xQueueGenericSend  queue.o
    0x08006aac   0x000000f8   Code   RO         4568    i.xQueueGenericSendFromISR  queue.o
    0x08006ba4   0x0000008c   Code   RO         4742    i.xTaskCheckForTimeOut  tasks.o
    0x08006c30   0x00000060   Code   RO         4743    i.xTaskCreate       tasks.o
    0x08006c90   0x00000020   Code   RO         4747    i.xTaskGetSchedulerState  tasks.o
    0x08006cb0   0x0000000c   Code   RO         4748    i.xTaskGetTickCount  tasks.o
    0x08006cbc   0x00000148   Code   RO         4750    i.xTaskIncrementTick  tasks.o
    0x08006e04   0x000000c8   Code   RO         4753    i.xTaskPriorityDisinherit  tasks.o
    0x08006ecc   0x00000098   Code   RO         4754    i.xTaskRemoveFromEventList  tasks.o
    0x08006f64   0x000000b0   Code   RO         4755    i.xTaskRemoveFromUnorderedEventList  tasks.o
    0x08007014   0x00000104   Code   RO         4756    i.xTaskResumeAll    tasks.o
    0x08007118   0x00000030   Code   RO         5020    i.xTimerCreate      timers.o
    0x08007148   0x00000054   Code   RO         5021    i.xTimerCreateTimerTask  timers.o
    0x0800719c   0x00000084   Code   RO         5022    i.xTimerGenericCommand  timers.o
    0x08007220   0x00000050   Data   RO          760    .constdata          message.o
    0x08007270   0x000000a8   Data   RO          829    .constdata          gprs.o
    0x08007318   0x00000010   Data   RO         1541    .constdata          register.o
    0x08007328   0x00000018   Data   RO         4244    .constdata          system_stm32f4xx.o
    0x08007340   0x00000020   Data   RO         5946    Region$$Table       anon$$obj.o


    Execution Region RW_IRAM1 (Base: 0x20000000, Size: 0x000086c8, Max: 0x00020000, ABSOLUTE, COMPRESSED[0x00000024])

    Base Addr    Size         Type   Attr      Idx    E Section Name        Object

    0x20000000   0x00000010   Data   RW          458    .data               can.o
    0x20000010   0x00000008   Data   RW          761    .data               message.o
    0x20000018   0x000000fa   Data   RW          830    .data               gprs.o
    0x20000112   0x00000002   PAD
    0x20000114   0x00000020   Data   RW          910    .data               main.o
    0x20000134   0x00000002   Data   RW         1083    .data               usart.o
    0x20000136   0x00000002   PAD
    0x20000138   0x00000004   Data   RW         1542    .data               register.o
    0x2000013c   0x00000009   Data   RW         4096    .data               stm32f4xx_hal.o
    0x20000145   0x00000003   PAD
    0x20000148   0x00000004   Data   RW         4245    .data               system_stm32f4xx.o
    0x2000014c   0x00000018   Data   RW         4284    .data               heap_4.o
    0x20000164   0x0000000c   Data   RW         4356    .data               port.o
    0x20000170   0x0000003c   Data   RW         4759    .data               tasks.o
    0x200001ac   0x00000014   Data   RW         5028    .data               timers.o
    0x200001c0   0x00000004   Data   RW         5900    .data               mc_w.l(stdout.o)
    0x200001c4   0x00000090   Zero   RW          456    .bss                can.o
    0x20000254   0x00000010   Zero   RW          759    .bss                message.o
    0x20000264   0x0000001a   Zero   RW          828    .bss                gprs.o
    0x2000027e   0x00000002   PAD
    0x20000280   0x000004c0   Zero   RW         1082    .bss                usart.o
    0x20000740   0x0000003c   Zero   RW         1179    .bss                stm32f4xx_hal_timebase_tim.o
    0x2000077c   0x00007800   Zero   RW         4283    .bss                heap_4.o
    0x20007f7c   0x00000040   Zero   RW         4574    .bss                queue.o
    0x20007fbc   0x000002e4   Zero   RW         4758    .bss                tasks.o
    0x200082a0   0x00000028   Zero   RW         5027    .bss                timers.o
    0x200082c8   0x00000400   Zero   RW            1    STACK               startup_stm32f405xx.o


==============================================================================

Image component sizes


      Code (inc. data)   RO Data    RW Data    ZI Data      Debug   Object Name

       108         40          0         16        144       2044   can.o
        16          0          0          0          0        603   cmsis_os.o
       324          0          0          0          0      12856   event_groups.o
       100          4          0          0          0        879   gpio.o
      4596       2320        168        250         26       9086   gprs.o
       692         62          0         24      30720      14523   heap_4.o
       300         26          0          0          0       1254   interactive.o
       148          0          0          0          0       3710   list.o
       340        138          0         32          0       1734   main.o
      1880        692         80          8         16       4857   message.o
        36          0          0          0          0       1871   platform.o
       958         92          0         12          0      12325   port.o
      1960         26          0          0         64      15936   queue.o
       712        362         16          4          0      27863   register.o
        36          8        392          0       1024        864   startup_stm32f405xx.o
       136         24          0          9          0       4054   stm32f4xx_hal.o
      1006          0          0          0          0      10183   stm32f4xx_hal_can.o
       406         30          0          0          0      32364   stm32f4xx_hal_cortex.o
        40          0          0          0          0       1175   stm32f4xx_hal_dma.o
       532         46          0          0          0       3017   stm32f4xx_hal_gpio.o
       156          6          0          0          0        954   stm32f4xx_hal_msp.o
      1800         94          0          0          0       6381   stm32f4xx_hal_rcc.o
       724         44          0          0          0       5911   stm32f4xx_hal_tim.o
         4          0          0          0          0       1662   stm32f4xx_hal_tim_ex.o
       140         18          0          0         60       1568   stm32f4xx_hal_timebase_tim.o
      1988         14          0          0          0       9943   stm32f4xx_hal_uart.o
       220         40          0          0          0     668034   stm32f4xx_it.o
       284         46          0          0          0       2621   sys.o
       100         18         24          4          0       1239   system_stm32f4xx.o
      3240        432          0         60        740      26547   tasks.o
       100         12          0          0          0        919   tim.o
      1264        116          0         20         40      12266   timers.o
       564         90          0          2       1216       4022   usart.o

    ----------------------------------------------------------------------
     24930       4800        712        448      34052     903265   Object Totals
         0          0         32          0          0          0   (incl. Generated)
        20          0          0          7          2          0   (incl. Padding)

    ----------------------------------------------------------------------

      Code (inc. data)   RO Data    RW Data    ZI Data      Debug   Library Member Name

        58          0          0          0          0          0   __dczerorl.o
         0          0          0          0          0          0   entry.o
         0          0          0          0          0          0   entry10a.o
         0          0          0          0          0          0   entry11a.o
         8          4          0          0          0          0   entry2.o
         4          0          0          0          0          0   entry5.o
         0          0          0          0          0          0   entry7b.o
         0          0          0          0          0          0   entry8b.o
         8          4          0          0          0          0   entry9a.o
        30          0          0          0          0          0   handlers.o
        36          8          0          0          0         68   init.o
         0          0          0          0          0          0   iusefp.o
        30          0          0          0          0         68   llshl.o
        36          0          0          0          0         68   llsshr.o
        32          0          0          0          0         68   llushr.o
        36          0          0          0          0         68   memcpya.o
        36          0          0          0          0        108   memseta.o
      2276         96          0          0          0        596   printfa.o
         0          0          0          4          0          0   stdout.o
        24          0          0          0          0         68   strcat.o
        18          0          0          0          0         68   strcpy.o
        14          0          0          0          0         68   strlen.o
        36          0          0          0          0         80   strstr.o
        44          0          0          0          0         80   uidiv.o
        98          0          0          0          0         92   uldiv.o
        48          0          0          0          0         68   cdrcmple.o
       334          0          0          0          0        148   dadd.o
       222          0          0          0          0        100   ddiv.o
       186          0          0          0          0        176   depilogue.o
        48          0          0          0          0         68   dfixul.o
       228          0          0          0          0         96   dmul.o

    ----------------------------------------------------------------------
      3894        112          0          4          0       2156   Library Totals
         4          0          0          0          0          0   (incl. Padding)

    ----------------------------------------------------------------------

      Code (inc. data)   RO Data    RW Data    ZI Data      Debug   Library Name

      2824        112          0          4          0       1500   mc_w.l
      1066          0          0          0          0        656   mf_w.l

    ----------------------------------------------------------------------
      3894        112          0          4          0       2156   Library Totals

    ----------------------------------------------------------------------

==============================================================================


      Code (inc. data)   RO Data    RW Data    ZI Data      Debug   

     28824       4912        712        452      34052     886361   Grand Totals
     28824       4912        712         36      34052     886361   ELF Image Totals (compressed)
     28824       4912        712         36          0          0   ROM Totals

==============================================================================

    Total RO  Size (Code + RO Data)                29536 (  28.84kB)
    Total RW  Size (RW Data + ZI Data)             34504 (  33.70kB)
    Total ROM Size (Code + RO Data + RW Data)      29572 (  28.88kB)

==============================================================================

