<html>
<body>
<pre>
<h1>µVision Build Log</h1>
<h2>Tool Versions:</h2>
IDE-Version: ¦ÌVision V5.14.0.0
Copyright (C) 2015 ARM Ltd and ARM Germany GmbH. All rights reserved.
License Information: LIU liubo, BO, LIC=CRMLQ-NATH0-ZCWJY-IBC7G-CQL6N-X90AZ
 
Tool Versions:
Toolchain:       MDK-ARM Professional  Version: 5.14.0.0
Toolchain Path:  D:\Keil_v5\ARM\ARMCC\Bin
C Compiler:      Armcc.exe V5.05 update 1 (build 106)
Assembler:       Armasm.exe V5.05 update 1 (build 106)
Linker/Locator:  ArmLink.exe V5.05 update 1 (build 106)
Library Manager: ArmAr.exe V5.05 update 1 (build 106)
Hex Converter:   FromElf.exe V5.05 update 1 (build 106)
CPU DLL:         SARMCM3.DLL V5.14.0.0
Dialog DLL:      DCM.DLL V1.13.1.0
Target DLL:      STLink\ST-LINKIII-KEIL_SWO.dll V2.0.14.0_KEIL
Dialog DLL:      TCM.DLL V1.14.4.0
 
<h2>Project:</h2>
E:\Graduation Project\codeexample\stm32f405\luo_ji_temp\datatrans\MDK-ARM\datatrans.uvprojx
Project File Date:  07/10/2019

<h2>Output:</h2>
Rebuild target 'datatrans'
assembling startup_stm32f405xx.s...
compiling stm32f4xx_it.c...
compiling sys.c...
..\Src\sys.c(99): warning:  #177-D: variable "flag" was declared but never referenced
                static char flag = 0;
..\Src\sys.c: 1 warning, 0 errors
compiling platform.c...
compiling iwdg.c...
compiling rng.c...
compiling can.c...
../Src/can.c(813): warning:  #177-D: variable "err" was declared but never referenced
        BaseType_t err; 
../Src/can.c(814): warning:  #177-D: variable "i" was declared but never referenced
        uint8_t i =0;
../Src/can.c(867): warning:  #177-D: variable "err" was declared but never referenced
        BaseType_t err; 
../Src/can.c: 3 warnings, 0 errors
compiling myflash.c...
..\Src\flash\myflash.c(91): warning:  #550-D: variable "SectorStartAddr" was set but never used
        int SectorStart;uint32_t SectorStartAddr = 0;
..\Src\flash\myflash.c(92): warning:  #177-D: variable "SectorEnd" was declared but never referenced
        int SectorEnd;
..\Src\flash\myflash.c(314): warning:  #177-D: variable "SectorEnd" was declared but never referenced
        int SectorEnd;
..\Src\flash\myflash.c: 3 warnings, 0 errors
compiling delay.c...
compiling myflag.c...
compiling bsp_driver_sd.c...
compiling dma.c...
compiling fatfs.c...
compiling sd_diskio.c...
compiling sdio.c...
compiling tim.c...
compiling Interactive.c...
compiling gprs.c...
..\Src\gprs\gprs.c(142): warning:  #940-D: missing return statement at end of non-void function "sSignalJudge"
  }
..\Src\gprs\gprs.c: 1 warning, 0 errors
compiling message.c...
..\Src\md5.h(50): warning:  #1-D: last line of file ends without a newline
  #endif                
..\Src\message\message.c(380): warning:  #111-D: statement is unreachable
        vPortFree(buf);
..\Src\message\message.c(431): warning:  #111-D: statement is unreachable
        vPortFree(buf);
..\Src\message\message.c: 3 warnings, 0 errors
compiling conversion.c...
..\Src\conversion.c(79): warning:  #177-D: variable "ret" was declared but never referenced
        int ret = -1;
..\Src\conversion.c(154): warning:  #68-D: integer conversion resulted in a change of sign
                return -1;
..\Src\conversion.c: 2 warnings, 0 errors
compiling crc.c...
compiling md5.c...
..\Src\md5.h(50): warning:  #1-D: last line of file ends without a newline
  #endif                
..\Src\md5.c(161): warning:  #1-D: last line of file ends without a newline
  }
..\Src\md5.c: 2 warnings, 0 errors
compiling main.c...
../Src/md5.h(50): warning:  #1-D: last line of file ends without a newline
  #endif                
../Src/main.c(176): warning:  #177-D: variable "data" was declared but never referenced
                uint8_t data[100]="this is my can send data task\0";
../Src/main.c: 2 warnings, 0 errors
compiling gpio.c...
compiling freertos.c...
compiling usart.c...
compiling stm32f4xx_hal_msp.c...
compiling stm32f4xx_hal_timebase_TIM.c...
compiling cjson.c...
..\Src\cjson\cjson.c(55): warning:  #1293-D: assignment in condition
        if (!(copy = (char*)cJSON_malloc(len))) return 0;
..\Src\cjson\cjson.c(208): warning:  #1293-D: assignment in condition
        ptr=str;while ((token=*ptr) && ++len) {if (strchr("\"\\\b\f\n\r\t",token)) len++; else if (token<32) len+=5;ptr++;}
..\Src\cjson\cjson.c(325): warning:  #1293-D: assignment in condition
                if (!(new_item=cJSON_New_Item())) return 0;     /* memory fail */
..\Src\cjson\cjson.c(415): warning:  #1293-D: assignment in condition
                if (!(new_item=cJSON_New_Item()))       return 0; /* memory fail */
..\Src\cjson\cjson.c: 4 warnings, 0 errors
compiling register.c...
compiling upgrade.c...
..\Src\upgrade.c(84): warning:  #177-D: variable "err" was declared but never referenced
        BaseType_t err;
..\Src\upgrade.c(213): warning:  #177-D: variable "i" was declared but never referenced
        int i = 0;
..\Src\upgrade.c(337): warning:  #177-D: variable "i" was declared but never referenced
        int i = 0;
..\Src\upgrade.c(356): warning:  #177-D: variable "sReadFlashDataLen" was declared but never referenced
        uint32_t sReadFlashDataLen = 0;
..\Src\upgrade.c: 4 warnings, 0 errors
compiling button.c...
compiling stm32f4xx_hal_can.c...
compiling stm32f4xx_hal_iwdg.c...
compiling stm32f4xx_hal_rng.c...
compiling stm32f4xx_hal_tim.c...
compiling stm32f4xx_hal_tim_ex.c...
compiling stm32f4xx_hal_uart.c...
compiling stm32f4xx_hal_rcc.c...
compiling stm32f4xx_hal_rcc_ex.c...
compiling stm32f4xx_hal_flash.c...
compiling stm32f4xx_hal_flash_ex.c...
compiling stm32f4xx_hal_flash_ramfunc.c...
compiling stm32f4xx_hal_gpio.c...
compiling stm32f4xx_hal_dma_ex.c...
compiling stm32f4xx_hal_dma.c...
compiling stm32f4xx_hal_pwr.c...
compiling stm32f4xx_hal_pwr_ex.c...
compiling stm32f4xx_hal_cortex.c...
compiling stm32f4xx_hal.c...
compiling stm32f4xx_ll_sdmmc.c...
compiling stm32f4xx_hal_sd.c...
compiling stm32f4xx_hal_exti.c...
compiling system_stm32f4xx.c...
compiling heap_4.c...
compiling port.c...
compiling croutine.c...
compiling event_groups.c...
compiling list.c...
compiling queue.c...
compiling tasks.c...
compiling timers.c...
compiling cmsis_os.c...
compiling diskio.c...
compiling ff.c...
compiling ff_gen_drv.c...
compiling cc936.c...
compiling syscall.c...
linking...
Program Size: Code=78228 RO-data=177108 RW-data=712 ZI-data=115840  
FromELF: creating hex file...
"datatrans\datatrans.axf" - 0 Error(s), 25 Warning(s).

<h2>Software Packages used:</h2>

Package Vendor: ARM
                http://www.keil.com/pack/ARM.CMSIS.4.2.0.pack
                ARM::CMSIS:CORE:3.40.0
                CMSIS (Cortex Microcontroller Software Interface Standard)
   * Component: CORE Version: 3.40.0

<h2>Collection of Component include folders:</h2>
  E:\Graduation Project\codeexample\stm32f405\luo_ji_temp\datatrans\MDK-ARM\RTE
  D:\Keil_v5\ARM\PACK\ARM\CMSIS\4.2.0\CMSIS\Include
  D:\Keil_v5\ARM\PACK\Keil\STM32F4xx_DFP\2.11.0

<h2>Collection of Component Files used:</h2>

   * Component: ARM::CMSIS:CORE:3.40.0
      Source file:   CMSIS\UserCodeTemplates\ARM\ITM_Retarget.c
</pre>
</body>
</html>
