<html>
<body>
<pre>
<h1>µVision Build Log</h1>
<h2>Tool Versions:</h2>
IDE-Version: ¦ÌVision V5.15
Copyright (C) 2015 ARM Ltd and ARM Germany GmbH. All rights reserved.
License Information: EFCW Microsoft, Microsoft, LIC=JDA30-BQV29-JPBZQ-NIUK3-BCKLP-E3JZX
 
Tool Versions:
Toolchain:       MDK-ARM Professional  Version: 5.15.0
Toolchain Path:  D:\Keil_v5\ARM\ARMCC\Bin
C Compiler:      Armcc.exe V5.05 update 2 (build 169)
Assembler:       Armasm.exe V5.05 update 2 (build 169)
Linker/Locator:  ArmLink.exe V5.05 update 2 (build 169)
Library Manager: ArmAr.exe V5.05 update 2 (build 169)
Hex Converter:   FromElf.exe V5.05 update 2 (build 169)
CPU DLL:         SARMCM3.DLL V5.15.0
Dialog DLL:      DCM.DLL V1.13.2.0
Target DLL:      STLink\ST-LINKIII-KEIL_SWO.dll V2.0.15.0_KEIL
Dialog DLL:      TCM.DLL V1.14.5.0
 
<h2>Project:</h2>
F:\Graduation Project\codeexample\stm32f405\luo_ji_temp\datatrans\MDK-ARM\datatrans.uvprojx
Project File Date:  07/04/2019

<h2>Output:</h2>
*** Using Compiler 'V5.05 update 2 (build 169)', folder: 'D:\Keil_v5\ARM\ARMCC\Bin'
Build target 'datatrans'
compiling platform.c...
compiling can.c...
../Src/can.c(773): warning:  #177-D: variable "err" was declared but never referenced
        BaseType_t err; 
../Src/can.c(806): warning:  #177-D: variable "err" was declared but never referenced
        BaseType_t err; 
../Src/can.c: 2 warnings, 0 errors
compiling myflag.c...
compiling message.c...
..\Src\md5.h(50): warning:  #1-D: last line of file ends without a newline
  #endif                
..\Src\message\message.c(380): warning:  #111-D: statement is unreachable
        vPortFree(buf);
..\Src\message\message.c(431): warning:  #111-D: statement is unreachable
        vPortFree(buf);
..\Src\message\message.c: 3 warnings, 0 errors
compiling main.c...
../Src/md5.h(50): warning:  #1-D: last line of file ends without a newline
  #endif                
../Src/main.c(176): warning:  #177-D: variable "data" was declared but never referenced
                uint8_t data[100]="this is my can send data task\0";
../Src/main.c: 2 warnings, 0 errors
compiling freertos.c...
compiling upgrade.c...
..\Src\upgrade.c(83): warning:  #177-D: variable "err" was declared but never referenced
        BaseType_t err;
..\Src\upgrade.c(211): warning:  #177-D: variable "i" was declared but never referenced
        int i = 0;
..\Src\upgrade.c(334): warning:  #177-D: variable "i" was declared but never referenced
        int i = 0;
..\Src\upgrade.c(353): warning:  #177-D: variable "sReadFlashDataLen" was declared but never referenced
        uint32_t sReadFlashDataLen = 0;
..\Src\upgrade.c: 4 warnings, 0 errors
linking...
Program Size: Code=75704 RO-data=176936 RW-data=700 ZI-data=115572  
FromELF: creating hex file...
"datatrans\datatrans.axf" - 0 Error(s), 11 Warning(s).

<h2>Software Packages used:</h2>

Package Vendor: ARM
                http://www.keil.com/pack/ARM.CMSIS.4.5.0.pack
                ARM::CMSIS:CORE:4.3.0
                CMSIS (Cortex Microcontroller Software Interface Standard)
   * Component: CORE Version: 4.3.0

<h2>Collection of Component include folders:</h2>
  F:\Graduation Project\codeexample\stm32f405\luo_ji_temp\datatrans\MDK-ARM\RTE
  D:\Keil_v5\ARM\PACK\ARM\CMSIS\4.5.0\CMSIS\Include
  D:\Keil_v5\ARM\PACK\Keil\STM32F4xx_DFP\2.11.0\Drivers\CMSIS\Device\ST\STM32F4xx\Include

<h2>Collection of Component Files used:</h2>

   * Component: ARM::CMSIS:CORE:4.3.0
</pre>
</body>
</html>
