Component: ARM Compiler 5.05 update 2 (build 169) Tool: armlink [4d0f33]

==============================================================================

Section Cross References

    startup_stm32f405xx.o(RESET) refers to startup_stm32f405xx.o(STACK) for __initial_sp
    startup_stm32f405xx.o(RESET) refers to startup_stm32f405xx.o(.text) for Reset_Handler
    startup_stm32f405xx.o(RESET) refers to stm32f4xx_it.o(i.NMI_Handler) for NMI_Handler
    startup_stm32f405xx.o(RESET) refers to stm32f4xx_it.o(i.HardFault_Handler) for HardFault_Handler
    startup_stm32f405xx.o(RESET) refers to stm32f4xx_it.o(i.MemManage_Handler) for MemManage_Handler
    startup_stm32f405xx.o(RESET) refers to stm32f4xx_it.o(i.BusFault_Handler) for BusFault_Handler
    startup_stm32f405xx.o(RESET) refers to stm32f4xx_it.o(i.UsageFault_Handler) for UsageFault_Handler
    startup_stm32f405xx.o(RESET) refers to port.o(.emb_text) for SVC_Handler
    startup_stm32f405xx.o(RESET) refers to stm32f4xx_it.o(i.DebugMon_Handler) for DebugMon_Handler
    startup_stm32f405xx.o(RESET) refers to stm32f4xx_it.o(i.SysTick_Handler) for SysTick_Handler
    startup_stm32f405xx.o(RESET) refers to stm32f4xx_it.o(i.EXTI4_IRQHandler) for EXTI4_IRQHandler
    startup_stm32f405xx.o(RESET) refers to stm32f4xx_it.o(i.CAN1_RX0_IRQHandler) for CAN1_RX0_IRQHandler
    startup_stm32f405xx.o(RESET) refers to stm32f4xx_it.o(i.TIM4_IRQHandler) for TIM4_IRQHandler
    startup_stm32f405xx.o(RESET) refers to stm32f4xx_it.o(i.USART1_IRQHandler) for USART1_IRQHandler
    startup_stm32f405xx.o(RESET) refers to stm32f4xx_it.o(i.USART2_IRQHandler) for USART2_IRQHandler
    startup_stm32f405xx.o(RESET) refers to stm32f4xx_it.o(i.USART3_IRQHandler) for USART3_IRQHandler
    startup_stm32f405xx.o(RESET) refers to stm32f4xx_it.o(i.SDIO_IRQHandler) for SDIO_IRQHandler
    startup_stm32f405xx.o(RESET) refers to stm32f4xx_it.o(i.TIM5_IRQHandler) for TIM5_IRQHandler
    startup_stm32f405xx.o(RESET) refers to stm32f4xx_it.o(i.DMA2_Stream3_IRQHandler) for DMA2_Stream3_IRQHandler
    startup_stm32f405xx.o(RESET) refers to stm32f4xx_it.o(i.CAN2_RX0_IRQHandler) for CAN2_RX0_IRQHandler
    startup_stm32f405xx.o(RESET) refers to stm32f4xx_it.o(i.DMA2_Stream6_IRQHandler) for DMA2_Stream6_IRQHandler
    startup_stm32f405xx.o(.text) refers to system_stm32f4xx.o(i.SystemInit) for SystemInit
    startup_stm32f405xx.o(.text) refers to entry.o(.ARM.Collect$$$$00000000) for __main
    stm32f4xx_it.o(i.CAN1_RX0_IRQHandler) refers to stm32f4xx_hal_can.o(i.HAL_CAN_IRQHandler) for HAL_CAN_IRQHandler
    stm32f4xx_it.o(i.CAN1_RX0_IRQHandler) refers to can.o(.bss) for hcan1
    stm32f4xx_it.o(i.CAN2_RX0_IRQHandler) refers to stm32f4xx_hal_can.o(i.HAL_CAN_IRQHandler) for HAL_CAN_IRQHandler
    stm32f4xx_it.o(i.CAN2_RX0_IRQHandler) refers to can.o(.bss) for hcan2
    stm32f4xx_it.o(i.DMA2_Stream3_IRQHandler) refers to stm32f4xx_hal_dma.o(i.HAL_DMA_IRQHandler) for HAL_DMA_IRQHandler
    stm32f4xx_it.o(i.DMA2_Stream3_IRQHandler) refers to sdio.o(.bss) for hdma_sdio_rx
    stm32f4xx_it.o(i.DMA2_Stream6_IRQHandler) refers to stm32f4xx_hal_dma.o(i.HAL_DMA_IRQHandler) for HAL_DMA_IRQHandler
    stm32f4xx_it.o(i.DMA2_Stream6_IRQHandler) refers to sdio.o(.bss) for hdma_sdio_tx
    stm32f4xx_it.o(i.EXTI4_IRQHandler) refers to stm32f4xx_hal_gpio.o(i.HAL_GPIO_EXTI_IRQHandler) for HAL_GPIO_EXTI_IRQHandler
    stm32f4xx_it.o(i.SDIO_IRQHandler) refers to stm32f4xx_hal_sd.o(i.HAL_SD_IRQHandler) for HAL_SD_IRQHandler
    stm32f4xx_it.o(i.SDIO_IRQHandler) refers to sdio.o(.bss) for hsd
    stm32f4xx_it.o(i.SysTick_Handler) refers to cmsis_os.o(i.osSystickHandler) for osSystickHandler
    stm32f4xx_it.o(i.TIM4_IRQHandler) refers to stm32f4xx_hal_tim.o(i.HAL_TIM_IRQHandler) for HAL_TIM_IRQHandler
    stm32f4xx_it.o(i.TIM4_IRQHandler) refers to tim.o(.bss) for htim4
    stm32f4xx_it.o(i.TIM5_IRQHandler) refers to stm32f4xx_hal_tim.o(i.HAL_TIM_IRQHandler) for HAL_TIM_IRQHandler
    stm32f4xx_it.o(i.TIM5_IRQHandler) refers to stm32f4xx_hal_timebase_tim.o(.bss) for htim5
    stm32f4xx_it.o(i.USART1_IRQHandler) refers to stm32f4xx_hal_uart.o(i.HAL_UART_IRQHandler) for HAL_UART_IRQHandler
    stm32f4xx_it.o(i.USART1_IRQHandler) refers to usart.o(.bss) for huart1
    stm32f4xx_it.o(i.USART2_IRQHandler) refers to message.o(i.MessageReceiveFromISR) for MessageReceiveFromISR
    stm32f4xx_it.o(i.USART2_IRQHandler) refers to memseta.o(.text) for __aeabi_memclr
    stm32f4xx_it.o(i.USART2_IRQHandler) refers to stm32f4xx_hal_uart.o(i.HAL_UART_IRQHandler) for HAL_UART_IRQHandler
    stm32f4xx_it.o(i.USART2_IRQHandler) refers to usart.o(.bss) for huart2
    stm32f4xx_it.o(i.USART2_IRQHandler) refers to usart.o(.data) for usart2RecLen
    stm32f4xx_it.o(i.USART3_IRQHandler) refers to stm32f4xx_hal_uart.o(i.HAL_UART_IRQHandler) for HAL_UART_IRQHandler
    stm32f4xx_it.o(i.USART3_IRQHandler) refers to usart.o(.bss) for huart3
[...]
    SDMMC_CmdSendSCR                         0x08006851   Thumb Code    58  stm32f4xx_ll_sdmmc.o(i.SDMMC_CmdSendSCR)
    SDMMC_CmdSendStatus                      0x0800688b   Thumb Code    58  stm32f4xx_ll_sdmmc.o(i.SDMMC_CmdSendStatus)
    SDMMC_CmdSetRelAdd                       0x080068c5   Thumb Code    58  stm32f4xx_ll_sdmmc.o(i.SDMMC_CmdSetRelAdd)
    SDMMC_CmdStopTransfer                    0x08006901   Thumb Code    56  stm32f4xx_ll_sdmmc.o(i.SDMMC_CmdStopTransfer)
    SDMMC_CmdWriteMultiBlock                 0x0800693d   Thumb Code    58  stm32f4xx_ll_sdmmc.o(i.SDMMC_CmdWriteMultiBlock)
    SDMMC_CmdWriteSingleBlock                0x08006977   Thumb Code    58  stm32f4xx_ll_sdmmc.o(i.SDMMC_CmdWriteSingleBlock)
    SD_initialize                            0x0800734d   Thumb Code    74  sd_diskio.o(i.SD_initialize)
    SD_ioctl                                 0x080073a5   Thumb Code   102  sd_diskio.o(i.SD_ioctl)
    SD_read                                  0x08007411   Thumb Code   198  sd_diskio.o(i.SD_read)
    SD_status                                0x080074e1   Thumb Code    12  sd_diskio.o(i.SD_status)
    SD_write                                 0x080074ed   Thumb Code   228  sd_diskio.o(i.SD_write)
    STMFLASH_Pagebuf                         0x080075d9   Thumb Code    32  myflash.o(i.STMFLASH_Pagebuf)
    STMFLASH_Read                            0x080075fd   Thumb Code    30  myflash.o(i.STMFLASH_Read)
    STMFLASH_ReadByte                        0x0800761b   Thumb Code     6  myflash.o(i.STMFLASH_ReadByte)
    STMFLASH_ReadWord                        0x08007621   Thumb Code     6  myflash.o(i.STMFLASH_ReadWord)
    STMFLASH_Write                           0x08007629   Thumb Code   184  myflash.o(i.STMFLASH_Write)
    STMFLASH_Write_NoCheck                   0x08007719   Thumb Code    58  myflash.o(i.STMFLASH_Write_NoCheck)
    STMFLASH_Write_WithBuf                   0x08007765   Thumb Code   238  myflash.o(i.STMFLASH_Write_WithBuf)
    Search_Button                            0x0800786d   Thumb Code    24  button.o(i.Search_Button)
    StartTask                                0x0800789d   Thumb Code   278  main.o(i.StartTask)
    StrToHex                                 0x08007a71   Thumb Code   244  conversion.o(i.StrToHex)
    SysTick_Handler                          0x08007b99   Thumb Code     8  stm32f4xx_it.o(i.SysTick_Handler)
    SystemClock_Config                       0x08007ba1   Thumb Code   202  sys.o(i.SystemClock_Config)
    SystemInit                               0x08007c85   Thumb Code    82  system_stm32f4xx.o(i.SystemInit)
    TIM4_IRQHandler                          0x08007ce9   Thumb Code    10  stm32f4xx_it.o(i.TIM4_IRQHandler)
    TIM5_IRQHandler                          0x08007cf9   Thumb Code    10  stm32f4xx_it.o(i.TIM5_IRQHandler)
    TIM_Base_SetConfig                       0x08007d09   Thumb Code   170  stm32f4xx_hal_tim.o(i.TIM_Base_SetConfig)
    TIM_ETR_SetConfig                        0x08007de1   Thumb Code    22  stm32f4xx_hal_tim.o(i.TIM_ETR_SetConfig)
    USART1_IRQHandler                        0x0800838d   Thumb Code    10  stm32f4xx_it.o(i.USART1_IRQHandler)
    USART2_IRQHandler                        0x0800839d   Thumb Code   112  stm32f4xx_it.o(i.USART2_IRQHandler)
    USART3_IRQHandler                        0x0800841d   Thumb Code    10  stm32f4xx_it.o(i.USART3_IRQHandler)
    UpgradeTask                              0x0800842d   Thumb Code   198  upgrade.o(i.UpgradeTask)
    UsageFault_Handler                       0x0800859d   Thumb Code     4  stm32f4xx_it.o(i.UsageFault_Handler)
    Usart2Write                              0x080085a1   Thumb Code    46  usart.o(i.Usart2Write)
    _Error_Handler                           0x080085d5   Thumb Code     4  sys.o(i._Error_Handler)
    __0printf                                0x080085d9   Thumb Code    22  printfa.o(i.__0printf)
    __1printf                                0x080085d9   Thumb Code     0  printfa.o(i.__0printf)
    __2printf                                0x080085d9   Thumb Code     0  printfa.o(i.__0printf)
    __c89printf                              0x080085d9   Thumb Code     0  printfa.o(i.__0printf)
    printf                                   0x080085d9   Thumb Code     0  printfa.o(i.__0printf)
    __0sprintf                               0x080085f9   Thumb Code    34  printfa.o(i.__0sprintf)
    __1sprintf                               0x080085f9   Thumb Code     0  printfa.o(i.__0sprintf)
    __2sprintf                               0x080085f9   Thumb Code     0  printfa.o(i.__0sprintf)
    __c89sprintf                             0x080085f9   Thumb Code     0  printfa.o(i.__0sprintf)
    sprintf                                  0x080085f9   Thumb Code     0  printfa.o(i.__0sprintf)
    __ARM_fpclassify                         0x08008621   Thumb Code    48  fpclassify.o(i.__ARM_fpclassify)
    __hardfp_pow                             0x08008689   Thumb Code  3044  pow.o(i.__hardfp_pow)
    __kernel_poly                            0x080092c1   Thumb Code   248  poly.o(i.__kernel_poly)
    __mathlib_dbl_divzero                    0x080093b9   Thumb Code    28  dunder.o(i.__mathlib_dbl_divzero)
    __mathlib_dbl_infnan2                    0x080093e9   Thumb Code    20  dunder.o(i.__mathlib_dbl_infnan2)
    __mathlib_dbl_invalid                    0x08009401   Thumb Code    24  dunder.o(i.__mathlib_dbl_invalid)
    __mathlib_dbl_overflow                   0x08009421   Thumb Code    24  dunder.o(i.__mathlib_dbl_overflow)
    __mathlib_dbl_underflow                  0x08009441   Thumb Code    24  dunder.o(i.__mathlib_dbl_underflow)
    __scatterload_copy                       0x08009461   Thumb Code    14  handlers.o(i.__scatterload_copy)
    __scatterload_null                       0x0800946f   Thumb Code     2  handlers.o(i.__scatterload_null)
    __scatterload_zeroinit                   0x08009471   Thumb Code    14  handlers.o(i.__scatterload_zeroinit)
    __set_errno                              0x08009481   Thumb Code     6  errno.o(i.__set_errno)
    cJSON_Delete                             0x08009d29   Thumb Code    74  cjson.o(i.cJSON_Delete)
    cJSON_GetObjectItem                      0x08009d79   Thumb Code    30  cjson.o(i.cJSON_GetObjectItem)
    cJSON_Parse                              0x08009db9   Thumb Code    16  cjson.o(i.cJSON_Parse)
    cJSON_ParseWithOpts                      0x08009dc9   Thumb Code    96  cjson.o(i.cJSON_ParseWithOpts)
    deviceSend                               0x0800a421   Thumb Code   194  message.o(i.deviceSend)
    disk_initialize                          0x0800a999   Thumb Code    40  diskio.o(i.disk_initialize)
    disk_ioctl                               0x0800a9c5   Thumb Code    36  diskio.o(i.disk_ioctl)
    disk_read                                0x0800a9ed   Thumb Code    42  diskio.o(i.disk_read)
    disk_status                              0x0800aa1d   Thumb Code    24  diskio.o(i.disk_status)
    disk_write                               0x0800aa39   Thumb Code    42  diskio.o(i.disk_write)
    f_close                                  0x0800aa91   Thumb Code    52  ff.o(i.f_close)
    f_gets                                   0x0800aac5   Thumb Code    86  ff.o(i.f_gets)
    f_mount                                  0x0800ab1d   Thumb Code   128  ff.o(i.f_mount)
    f_open                                   0x0800aba1   Thumb Code   578  ff.o(i.f_open)
    f_read                                   0x0800ade3   Thumb Code   512  ff.o(i.f_read)
    f_sync                                   0x0800afe3   Thumb Code   176  ff.o(i.f_sync)
    fabs                                     0x0800b093   Thumb Code    24  fabs.o(i.fabs)
    ff_convert                               0x0800b0ad   Thumb Code   116  cc936.o(i.ff_convert)
    ff_cre_syncobj                           0x0800b129   Thumb Code    36  syscall.o(i.ff_cre_syncobj)
    ff_del_syncobj                           0x0800b14d   Thumb Code    14  syscall.o(i.ff_del_syncobj)
    ff_rel_grant                             0x0800b15b   Thumb Code    12  syscall.o(i.ff_rel_grant)
    ff_req_grant                             0x0800b167   Thumb Code    24  syscall.o(i.ff_req_grant)
    ff_wtoupper                              0x0800b181   Thumb Code   156  cc936.o(i.ff_wtoupper)
    fputc                                    0x0800b5d5   Thumb Code    22  usart.o(i.fputc)
    gCAN2_SendData                           0x0800b5f1   Thumb Code   424  can.o(i.gCAN2_SendData)
    gCAN_SendData                            0x0800b805   Thumb Code   424  can.o(i.gCAN_SendData)
    gClearDiffFlag                           0x0800ba19   Thumb Code    20  myflag.o(i.gClearDiffFlag)
    gDeviceConfig                            0x0800ba35   Thumb Code   232  gprs.o(i.gDeviceConfig)
    gDeviceConnect                           0x0800bbbd   Thumb Code   206  gprs.o(i.gDeviceConnect)
    gDeviceRegister                          0x0800bdad   Thumb Code   380  register.o(i.gDeviceRegister)
    gGetDeviceINFO                           0x0800c099   Thumb Code   106  gprs.o(i.gGetDeviceINFO)
    gNetTest                                 0x0800c295   Thumb Code   252  gprs.o(i.gNetTest)
    gPackCheck                               0x0800c451   Thumb Code    94  conversion.o(i.gPackCheck)
    gRemoteIpPortConfig                      0x0800c4b1   Thumb Code   144  gprs.o(i.gRemoteIpPortConfig)
    gTCPIPConfig                             0x0800c5e1   Thumb Code   126  gprs.o(i.gTCPIPConfig)
    gUploadErrorCode                         0x0800c67d   Thumb Code    72  can.o(i.gUploadErrorCode)
    gWriteDiffEndFlag                        0x0800c72d   Thumb Code    38  myflag.o(i.gWriteDiffEndFlag)
    gWriteDiffStartFlag                      0x0800c761   Thumb Code    20  myflag.o(i.gWriteDiffStartFlag)
    getIntNum                                0x0800c849   Thumb Code    26  conversion.o(i.getIntNum)
    getPackFromInternet                      0x0800c865   Thumb Code    58  upgrade.o(i.getPackFromInternet)
    get_fattime                              0x0800c9f1   Thumb Code     4  fatfs.o(i.get_fattime)
    main                                     0x0800cb69   Thumb Code    34  main.o(i.main)
    osKernelRunning                          0x0800cc25   Thumb Code    18  cmsis_os.o(i.osKernelRunning)
    osKernelSysTick                          0x0800cc37   Thumb Code    20  cmsis_os.o(i.osKernelSysTick)
    osMessageCreate                          0x0800cc4b   Thumb Code    18  cmsis_os.o(i.osMessageCreate)
    osMessageGet                             0x0800cc5d   Thumb Code   152  cmsis_os.o(i.osMessageGet)
    osMessagePut                             0x0800ccf9   Thumb Code    92  cmsis_os.o(i.osMessagePut)
    osSemaphoreCreate                        0x0800cd59   Thumb Code    44  cmsis_os.o(i.osSemaphoreCreate)
    osSemaphoreDelete                        0x0800cd85   Thumb Code    24  cmsis_os.o(i.osSemaphoreDelete)
    osSemaphoreRelease                       0x0800cd9d   Thumb Code    76  cmsis_os.o(i.osSemaphoreRelease)
    osSemaphoreWait                          0x0800cded   Thumb Code   104  cmsis_os.o(i.osSemaphoreWait)
    osSystickHandler                         0x0800ce59   Thumb Code    16  cmsis_os.o(i.osSystickHandler)
    platformFlagInit                         0x0800d661   Thumb Code    90  myflag.o(i.platformFlagInit)
    platformInit                             0x0800d6ed   Thumb Code    72  platform.o(i.platformInit)
    pvPortMalloc                             0x0800e321   Thumb Code   296  heap_4.o(i.pvPortMalloc)
    pvTaskIncrementMutexHeldCount            0x0800e45d   Thumb Code    26  tasks.o(i.pvTaskIncrementMutexHeldCount)
    pxPortInitialiseStack                    0x0800e47d   Thumb Code    38  port.o(i.pxPortInitialiseStack)
    sInteractive_Init                        0x0800f379   Thumb Code   272  interactive.o(i.sInteractive_Init)
    sqrt                                     0x08010317   Thumb Code   110  sqrt.o(i.sqrt)
    startUpgrade                             0x080103cd   Thumb Code   422  upgrade.o(i.startUpgrade)
    sysReset                                 0x08010801   Thumb Code    14  sys.o(i.sysReset)
    uxListRemove                             0x080108dd   Thumb Code    40  list.o(i.uxListRemove)
    vEventGroupClearBitsCallback             0x08010905   Thumb Code    16  event_groups.o(i.vEventGroupClearBitsCallback)
    vEventGroupSetBitsCallback               0x08010915   Thumb Code    16  event_groups.o(i.vEventGroupSetBitsCallback)
    vListInitialise                          0x08010925   Thumb Code    26  list.o(i.vListInitialise)
    vListInitialiseItem                      0x0801093f   Thumb Code     6  list.o(i.vListInitialiseItem)
    vListInsert                              0x08010945   Thumb Code    52  list.o(i.vListInsert)
    vListInsertEnd                           0x08010979   Thumb Code    24  list.o(i.vListInsertEnd)
    vPortEnterCritical                       0x08010991   Thumb Code    76  port.o(i.vPortEnterCritical)
    vPortExitCritical                        0x080109e5   Thumb Code    56  port.o(i.vPortExitCritical)
    vPortFree                                0x08010a21   Thumb Code   140  heap_4.o(i.vPortFree)
    vPortSetupTimerInterrupt                 0x08010ab5   Thumb Code    26  port.o(i.vPortSetupTimerInterrupt)
    vPortValidateInterruptPriority           0x08010ad5   Thumb Code   106  port.o(i.vPortValidateInterruptPriority)
    vQueueAddToRegistry                      0x08010b4d   Thumb Code    38  queue.o(i.vQueueAddToRegistry)
    vQueueDelete                             0x08010b79   Thumb Code    44  queue.o(i.vQueueDelete)
    vQueueUnregisterQueue                    0x08010ba5   Thumb Code    44  queue.o(i.vQueueUnregisterQueue)
    vQueueWaitForMessageRestricted           0x08010bd5   Thumb Code    74  queue.o(i.vQueueWaitForMessageRestricted)
    vTaskDelay                               0x08010c21   Thumb Code    82  tasks.o(i.vTaskDelay)
    vTaskDelete                              0x08010c7d   Thumb Code   202  tasks.o(i.vTaskDelete)
    vTaskMissedYield                         0x08010d71   Thumb Code     8  tasks.o(i.vTaskMissedYield)
    vTaskPlaceOnEventList                    0x08010d7d   Thumb Code    52  tasks.o(i.vTaskPlaceOnEventList)
    vTaskPlaceOnEventListRestricted          0x08010db5   Thumb Code    60  tasks.o(i.vTaskPlaceOnEventListRestricted)
    vTaskPriorityInherit                     0x08010df5   Thumb Code   164  tasks.o(i.vTaskPriorityInherit)
    vTaskSetTimeOutState                     0x08010ea5   Thumb Code    38  tasks.o(i.vTaskSetTimeOutState)
    vTaskStartScheduler                      0x08010ed5   Thumb Code   120  tasks.o(i.vTaskStartScheduler)
    vTaskSuspendAll                          0x08010f69   Thumb Code    12  tasks.o(i.vTaskSuspendAll)
    vTaskSwitchContext                       0x08010f79   Thumb Code   118  tasks.o(i.vTaskSwitchContext)
    xEventGroupClearBits                     0x08011057   Thumb Code    92  event_groups.o(i.xEventGroupClearBits)
    xEventGroupCreate                        0x080110b3   Thumb Code    26  event_groups.o(i.xEventGroupCreate)
    xEventGroupSetBits                       0x080110cd   Thumb Code   206  event_groups.o(i.xEventGroupSetBits)
    xPortStartScheduler                      0x0801119d   Thumb Code   288  port.o(i.xPortStartScheduler)
    xPortSysTickHandler                      0x080112d9   Thumb Code    46  port.o(i.xPortSysTickHandler)
    xQueueGenericCreate                      0x0801130d   Thumb Code    88  queue.o(i.xQueueGenericCreate)
    xQueueGenericReceive                     0x08011365   Thumb Code   446  queue.o(i.xQueueGenericReceive)
    xQueueGenericReset                       0x08011529   Thumb Code   146  queue.o(i.xQueueGenericReset)
    xQueueGenericSend                        0x080115c1   Thumb Code   420  queue.o(i.xQueueGenericSend)
    xQueueGenericSendFromISR                 0x08011769   Thumb Code   248  queue.o(i.xQueueGenericSendFromISR)
    xQueueGiveFromISR                        0x08011861   Thumb Code   224  queue.o(i.xQueueGiveFromISR)
    xQueueReceiveFromISR                     0x08011941   Thumb Code   202  queue.o(i.xQueueReceiveFromISR)
    xTaskCheckForTimeOut                     0x08011a0d   Thumb Code   132  tasks.o(i.xTaskCheckForTimeOut)
    xTaskCreate                              0x08011a99   Thumb Code    96  tasks.o(i.xTaskCreate)
    xTaskGetSchedulerState                   0x08011af9   Thumb Code    24  tasks.o(i.xTaskGetSchedulerState)
    xTaskGetTickCount                        0x08011b19   Thumb Code     6  tasks.o(i.xTaskGetTickCount)
    xTaskGetTickCountFromISR                 0x08011b25   Thumb Code    16  tasks.o(i.xTaskGetTickCountFromISR)
    xTaskIncrementTick                       0x08011b39   Thumb Code   282  tasks.o(i.xTaskIncrementTick)
    xTaskPriorityDisinherit                  0x08011c81   Thumb Code   188  tasks.o(i.xTaskPriorityDisinherit)
    xTaskRemoveFromEventList                 0x08011d49   Thumb Code   128  tasks.o(i.xTaskRemoveFromEventList)
    xTaskRemoveFromUnorderedEventList        0x08011de1   Thumb Code   154  tasks.o(i.xTaskRemoveFromUnorderedEventList)
    xTaskResumeAll                           0x08011e91   Thumb Code   224  tasks.o(i.xTaskResumeAll)
    xTimerCreate                             0x08011f95   Thumb Code    48  timers.o(i.xTimerCreate)
    xTimerCreateTimerTask                    0x08011fc5   Thumb Code    64  timers.o(i.xTimerCreateTimerTask)
    xTimerGenericCommand                     0x08012019   Thumb Code   128  timers.o(i.xTimerGenericCommand)
    xTimerPendFunctionCallFromISR            0x0801209d   Thumb Code    48  timers.o(i.xTimerPendFunctionCallFromISR)
    Connect_P                                0x080120dd   Data           8  can.o(.constdata)
    Connect_P_OK                             0x080120e5   Data           8  can.o(.constdata)
    SafeConnect_P                            0x080120ed   Data           8  can.o(.constdata)
    Decrypt_P_OK                             0x080120f5   Data           8  can.o(.constdata)
    Decrypt_P_FAIL                           0x080120fd   Data           8  can.o(.constdata)
    Update_P                                 0x08012105   Data           8  can.o(.constdata)
    Update_P_OK                              0x0801210d   Data           8  can.o(.constdata)
    LineEnd_P                                0x08012115   Data           8  can.o(.constdata)
    LineEnd_P_OK                             0x0801211d   Data           8  can.o(.constdata)
    LineEnd_P_FAIL                           0x08012125   Data           8  can.o(.constdata)
    UpdateFinish_P                           0x0801212d   Data           8  can.o(.constdata)
    UpdateFinish_P_OK                        0x08012135   Data           8  can.o(.constdata)
    SD_Driver                                0x080121c0   Data          20  sd_diskio.o(.constdata)
    supgradeOK                               0x08012325   Data          10  upgrade.o(.constdata)
    supgradeFAIL                             0x0801232f   Data          15  upgrade.o(.constdata)
    sdownloadOK                              0x0801233e   Data          15  upgrade.o(.constdata)
    sdownloadFAIL                            0x0801234d   Data          15  upgrade.o(.constdata)
    AHBPrescTable                            0x080123fc   Data          16  system_stm32f4xx.o(.constdata)
    APBPrescTable                            0x0801240c   Data           8  system_stm32f4xx.o(.constdata)
    __mathlib_zero                           0x0803d080   Data           8  qnan.o(.constdata)
    __ctype_categories                       0x0803d088   Data          64  ctype_c.o(.constdata)
    Region$$Table$$Base                      0x0803d258   Number         0  anon$$obj.o(Region$$Table)
    Region$$Table$$Limit                     0x0803d278   Number         0  anon$$obj.o(Region$$Table)
    SafeConnect_P_OK                         0x20000000   Data           8  can.o(.data)
    Decrypt_P                                0x20000008   Data           8  can.o(.data)
    CANSendStart                             0x20000010   Data           4  can.o(.data)
    CanRevStatus                             0x20000014   Data           4  can.o(.data)
    Can2RevStatus                            0x20000018   Data           4  can.o(.data)
    can_id                                   0x2000001c   Data           6  can.o(.data)
    can_recvmsg1                             0x20000022   Data           8  can.o(.data)
    can_recvmsg2                             0x2000002a   Data           8  can.o(.data)
    retSD                                    0x20000032   Data           1  fatfs.o(.data)
    SDPath                                   0x20000033   Data           4  fatfs.o(.data)
    UsartRecMsgQueue                         0x20000040   Data           4  message.o(.data)
    DeviceSendSemaphore                      0x20000048   Data           4  message.o(.data)
    getfirm                                  0x2000004c   Data           1  message.o(.data)
    HeartBinarySemaphore                     0x20000050   Data           4  gprs.o(.data)
    NetBinarySemaphore                       0x20000054   Data           4  gprs.o(.data)
    gNetConnectFlag                          0x20000058   Data           1  gprs.o(.data)
    gGprs                                    0x2000005c   Data         244  gprs.o(.data)
    PADDING                                  0x20000152   Data          64  md5.o(.data)
    TESTTaskHanhler                          0x20000194   Data           4  main.o(.data)
    StartTaskHanhler                         0x20000198   Data           4  main.o(.data)
    InteRactionTaskHanhler                   0x2000019c   Data           4  main.o(.data)
    UpgradeTaskHanhler                       0x200001a0   Data           4  main.o(.data)
    InteracEventHandler                      0x200001a4   Data           4  main.o(.data)
    MsgRecTaskHanhler                        0x200001a8   Data           4  main.o(.data)
    MsgSendTaskHanhler                       0x200001ac   Data           4  main.o(.data)
    CANSendTaskHanhler                       0x200001b0   Data           4  main.o(.data)
    connectTimerHandler                      0x200001b4   Data           4  main.o(.data)
    NetTimerHandler                          0x200001b8   Data           4  main.o(.data)
    usart2RecLen                             0x200001bc   Data           2  usart.o(.data)
    RigisterBinarySemaphore                  0x200001cc   Data           4  register.o(.data)
    gFlag                                    0x200001d0   Data           6  upgrade.o(.data)
    ConfigBinarySemaphore                    0x200001d8   Data           4  upgrade.o(.data)
    GettingPackBinarySemaphore               0x200001dc   Data           4  upgrade.o(.data)
    byteswritten                             0x200001e0   Data           4  upgrade.o(.data)
    bytesread                                0x200001e4   Data           4  upgrade.o(.data)
    wtext                                    0x200001e8   Data          33  upgrade.o(.data)
    filename                                 0x20000209   Data          14  upgrade.o(.data)
    config_filename                          0x20000217   Data          11  upgrade.o(.data)
    uwTick                                   0x20000228   Data           4  stm32f4xx_hal.o(.data)
    uwTickPrio                               0x2000022c   Data           4  stm32f4xx_hal.o(.data)
    uwTickFreq                               0x20000230   Data           1  stm32f4xx_hal.o(.data)
    SystemCoreClock                          0x20000234   Data           4  system_stm32f4xx.o(.data)
    pxCurrentTCB                             0x2000025c   Data           4  tasks.o(.data)
    __stdout                                 0x200002b4   Data           4  stdout.o(.data)
    Can_rev_data                             0x200002bc   Data           9  can.o(.bss)
    TxMessage1                               0x200002c8   Data          24  can.o(.bss)
    TxMessage2                               0x200002e0   Data          24  can.o(.bss)
    RxMessage1                               0x200002f8   Data          28  can.o(.bss)
    RxMessage2                               0x20000314   Data          28  can.o(.bss)
    hcan1                                    0x20000330   Data          40  can.o(.bss)
    hcan2                                    0x20000358   Data          40  can.o(.bss)
    STMFLASH_BUF                             0x20000380   Data        1024  myflash.o(.bss)
    hsd                                      0x20000980   Data         132  sdio.o(.bss)
    hdma_sdio_rx                             0x20000a04   Data          96  sdio.o(.bss)
    hdma_sdio_tx                             0x20000a64   Data          96  sdio.o(.bss)
    htim4                                    0x20000ac4   Data          64  tim.o(.bss)
    ModeButton                               0x20000b04   Data          80  interactive.o(.bss)
    gRemoteIpPor                             0x20000cf4   Data          26  gprs.o(.bss)
    huart1                                   0x20000d10   Data          64  usart.o(.bss)
    huart2                                   0x20000d50   Data          64  usart.o(.bss)
    huart3                                   0x20000d90   Data          64  usart.o(.bss)
    usart2RecBuf                             0x20000dd0   Data        2500  usart.o(.bss)
    htim5                                    0x20001794   Data          64  stm32f4xx_hal_timebase_tim.o(.bss)
    upgrade_info                             0x200017d4   Data         152  upgrade.o(.bss)
    msg_s19_line                             0x2000186c   Data          84  upgrade.o(.bss)
    gpack_data                               0x200018c0   Data       52228  upgrade.o(.bss)
    fs                                       0x2000e4c4   Data         568  upgrade.o(.bss)
    fil                                      0x2000e6fc   Data         560  upgrade.o(.bss)
    rtext                                    0x2000e92c   Data         200  upgrade.o(.bss)
    fota_filename                            0x2000e9f4   Data          50  upgrade.o(.bss)
    pFlash                                   0x2000ea8c   Data          32  stm32f4xx_hal_flash.o(.bss)
    xQueueRegistry                           0x2001b2ac   Data          64  queue.o(.bss)
    disk                                     0x2001b618   Data          12  ff_gen_drv.o(.bss)
    __initial_sp                             0x2001c628   Data           0  startup_stm32f405xx.o(STACK)



==============================================================================

Memory Map of the image

  Image Entry point : 0x08000189

  Load Region LR_IROM1 (Base: 0x08000000, Size: 0x0003d534, Max: 0x00100000, ABSOLUTE, COMPRESSED[0x0003d2f4])

    Execution Region ER_IROM1 (Base: 0x08000000, Size: 0x0003d278, Max: 0x00100000, ABSOLUTE)

    Base Addr    Size         Type   Attr      Idx    E Section Name        Object

    0x08000000   0x00000188   Data   RO            3    RESET               startup_stm32f405xx.o
    0x08000188   0x00000000   Code   RO         7748  * .ARM.Collect$$$$00000000  mc_w.l(entry.o)
    0x08000188   0x00000004   Code   RO         8115    .ARM.Collect$$$$00000001  mc_w.l(entry2.o)
    0x0800018c   0x00000004   Code   RO         8118    .ARM.Collect$$$$00000004  mc_w.l(entry5.o)
    0x08000190   0x00000000   Code   RO         8120    .ARM.Collect$$$$00000008  mc_w.l(entry7b.o)
    0x08000190   0x00000000   Code   RO         8122    .ARM.Collect$$$$0000000A  mc_w.l(entry8b.o)
    0x08000190   0x00000008   Code   RO         8123    .ARM.Collect$$$$0000000B  mc_w.l(entry9a.o)
    0x08000198   0x00000000   Code   RO         8125    .ARM.Collect$$$$0000000D  mc_w.l(entry10a.o)
    0x08000198   0x00000000   Code   RO         8127    .ARM.Collect$$$$0000000F  mc_w.l(entry11a.o)
    0x08000198   0x00000004   Code   RO         8116    .ARM.Collect$$$$00002712  mc_w.l(entry2.o)
    0x0800019c   0x000000ba   Code   RO         5981    .emb_text           port.o
    0x08000256   0x00000002   PAD
    0x08000258   0x00000024   Code   RO            4    .text               startup_stm32f405xx.o
    0x0800027c   0x00000062   Code   RO         7751    .text               mc_w.l(uldiv.o)
    0x080002de   0x0000000c   Code   RO         7753    .text               mc_w.l(tolower.o)
    0x080002ea   0x00000024   Code   RO         7755    .text               mc_w.l(memcpya.o)
    0x0800030e   0x00000024   Code   RO         7757    .text               mc_w.l(memseta.o)
    0x08000332   0x00000018   Code   RO         7759    .text               mc_w.l(strcat.o)
    0x0800034a   0x00000024   Code   RO         7761    .text               mc_w.l(strstr.o)
    0x0800036e   0x0000000e   Code   RO         7765    .text               mc_w.l(strlen.o)
    0x0800037c   0x0000001c   Code   RO         7767    .text               mc_w.l(strcmp.o)
    0x08000398   0x0000001a   Code   RO         7769    .text               mc_w.l(memcmp.o)
    0x080003b2   0x00000012   Code   RO         7771    .text               mc_w.l(strcpy.o)
    0x080003c4   0x0000001e   Code   RO         7773    .text               mc_w.l(strncmp.o)
    0x080003e2   0x00000002   PAD
    0x080003e4   0x00000038   Code   RO         8066    .text               mc_w.l(__0sscanf.o)
    0x0800041c   0x0000014c   Code   RO         8068    .text               mc_w.l(_scanf_int.o)
    0x08000568   0x0000014e   Code   RO         8070    .text               mf_w.l(dadd.o)
    0x080006b6   0x000000e4   Code   RO         8072    .text               mf_w.l(dmul.o)
    0x0800079a   0x00000022   Code   RO         8074    .text               mf_w.l(dflti.o)
    0x080007bc   0x0000003e   Code   RO         8076    .text               mf_w.l(dfixi.o)
    0x080007fa   0x00000002   PAD
    0x080007fc   0x00000030   Code   RO         8082    .text               mf_w.l(cdrcmple.o)
    0x0800082c   0x0000002c   Code   RO         8130    .text               mc_w.l(uidiv.o)
    0x08000858   0x0000001e   Code   RO         8132    .text               mc_w.l(llshl.o)
    0x08000876   0x00000020   Code   RO         8134    .text               mc_w.l(llushr.o)
    0x08000896   0x00000024   Code   RO         8136    .text               mc_w.l(llsshr.o)
    0x080008ba   0x0000001c   Code   RO         8147    .text               mc_w.l(_chval.o)
    0x080008d6   0x00000002   PAD
    0x080008d8   0x00000028   Code   RO         8149    .text               mc_w.l(scanf_char.o)
    0x08000900   0x00000040   Code   RO         8151    .text               mc_w.l(_sgetc.o)
    0x08000940   0x00000000   Code   RO         8153    .text               mc_w.l(iusefp.o)
    0x08000940   0x000000ba   Code   RO         8154    .text               mf_w.l(depilogue.o)
    0x080009fa   0x000000de   Code   RO         8156    .text               mf_w.l(ddiv.o)
    0x08000ad8   0x0000002e   Code   RO         8160    .text               mf_w.l(dscalb.o)
    0x08000b06   0x00000030   Code   RO         8162    .text               mf_w.l(dfixul.o)
    0x08000b36   0x00000002   PAD
    0x08000b38   0x00000024   Code   RO         8164    .text               mc_w.l(init.o)
    0x08000b5c   0x0000000a   Code   RO         8166    .text               mc_w.l(isspace_c.o)
    0x08000b66   0x00000002   PAD
    0x08000b68   0x0000032c   Code   RO         8168    .text               mc_w.l(_scanf.o)
    0x08000e94   0x000000a2   Code   RO         8170    .text               mf_w.l(dsqrt.o)
    0x08000f36   0x00000002   PAD
    0x08000f38   0x00000028   Code   RO         8172    .text               mc_w.l(ctype_c.o)
    0x08000f60   0x00000056   Code   RO         8183    .text               mc_w.l(__dczerorl2.o)
    0x08000fb6   0x00000002   PAD
    0x08000fb8   0x0000001c   Code   RO         2441    i.Add_Button        button.o
    0x08000fd4   0x00000002   Code   RO          856    i.BSP_SD_AbortCallback  bsp_driver_sd.o
    0x08000fd6   0x00000002   PAD
    0x08000fd8   0x00000014   Code   RO          862    i.BSP_SD_GetCardInfo  bsp_driver_sd.o
    0x08000fec   0x00000018   Code   RO          863    i.BSP_SD_GetCardState  bsp_driver_sd.o
    0x08001004   0x00000030   Code   RO          866    i.BSP_SD_Init       bsp_driver_sd.o
    0x08001034   0x0000000c   Code   RO          867    i.BSP_SD_IsDetected  bsp_driver_sd.o
    0x08001040   0x00000028   Code   RO          869    i.BSP_SD_ReadBlocks_DMA  bsp_driver_sd.o
    0x08001068   0x00000018   Code   RO         1087    i.BSP_SD_ReadCpltCallback  sd_diskio.o
    0x08001080   0x00000028   Code   RO          872    i.BSP_SD_WriteBlocks_DMA  bsp_driver_sd.o
    0x080010a8   0x00000018   Code   RO         1088    i.BSP_SD_WriteCpltCallback  sd_diskio.o
    0x080010c0   0x00000004   Code   RO           13    i.BusFault_Handler  stm32f4xx_it.o
    0x080010c4   0x0000004c   Code   RO         2442    i.Button_Attach     button.o
    0x08001110   0x000000a8   Code   RO         2443    i.Button_Create     button.o
    0x080011b8   0x000001d8   Code   RO         2444    i.Button_Cycle_Process  button.o
    0x08001390   0x0000001c   Code   RO         2446    i.Button_Process    button.o
    0x080013ac   0x00000010   Code   RO           14    i.CAN1_RX0_IRQHandler  stm32f4xx_it.o
    0x080013bc   0x0000022c   Code   RO          519    i.CAN2Send          can.o
    0x080015e8   0x00000010   Code   RO           15    i.CAN2_RX0_IRQHandler  stm32f4xx_it.o
    0x080015f8   0x0000022c   Code   RO          520    i.CANSend           can.o
    0x08001824   0x000003d4   Code   RO          523    i.CanPre            can.o
    0x08001bf8   0x000000ec   Code   RO          524    i.CanSendEndPack    can.o
    0x08001ce4   0x00000120   Code   RO          525    i.CanSendLinePack   can.o
    0x08001e04   0x00000010   Code   RO           16    i.DMA2_Stream3_IRQHandler  stm32f4xx_it.o
    0x08001e14   0x00000010   Code   RO           17    i.DMA2_Stream6_IRQHandler  stm32f4xx_it.o
    0x08001e24   0x00000034   Code   RO         4671    i.DMA_CalcBaseAndBitshift  stm32f4xx_hal_dma.o
    0x08001e58   0x000000aa   Code   RO         4672    i.DMA_CheckFifoParam  stm32f4xx_hal_dma.o
    0x08001f02   0x0000002c   Code   RO         4673    i.DMA_SetConfig     stm32f4xx_hal_dma.o
    0x08001f2e   0x00000002   Code   RO           18    i.DebugMon_Handler  stm32f4xx_it.o
    0x08001f30   0x0000000a   Code   RO           19    i.EXTI4_IRQHandler  stm32f4xx_it.o
    0x08001f3a   0x00000012   Code   RO         7595    i.FATFS_LinkDriver  ff_gen_drv.o
    0x08001f4c   0x00000054   Code   RO         7596    i.FATFS_LinkDriverEx  ff_gen_drv.o
    0x08001fa0   0x0000005c   Code   RO         4441    i.FLASH_Erase_Sector  stm32f4xx_hal_flash_ex.o
    0x08001ffc   0x00000078   Code   RO         4442    i.FLASH_FlushCaches  stm32f4xx_hal_flash_ex.o
    0x08002074   0x00000030   Code   RO         4443    i.FLASH_MassErase   stm32f4xx_hal_flash_ex.o
    0x080020a4   0x00000024   Code   RO         4323    i.FLASH_Program_Byte  stm32f4xx_hal_flash.o
    0x080020c8   0x0000002c   Code   RO         4324    i.FLASH_Program_DoubleWord  stm32f4xx_hal_flash.o
    0x080020f4   0x00000028   Code   RO         4325    i.FLASH_Program_HalfWord  stm32f4xx_hal_flash.o
    0x0800211c   0x00000028   Code   RO         4326    i.FLASH_Program_Word  stm32f4xx_hal_flash.o
    0x08002144   0x00000098   Code   RO         4327    i.FLASH_SetErrorCode  stm32f4xx_hal_flash.o
    0x080021dc   0x00000064   Code   RO         4328    i.FLASH_WaitForLastOperation  stm32f4xx_hal_flash.o
    0x08002240   0x000000e4   Code   RO          647    i.GetSector         myflash.o
    0x08002324   0x000000e4   Code   RO          648    i.GetSectorAddr     myflash.o
    0x08002408   0x00000156   Code   RO         2533    i.HAL_CAN_AddTxMessage  stm32f4xx_hal_can.o
    0x0800255e   0x00000002   Code   RO         2537    i.HAL_CAN_ErrorCallback  stm32f4xx_hal_can.o
    0x08002560   0x0000017c   Code   RO         2540    i.HAL_CAN_GetRxMessage  stm32f4xx_hal_can.o
    0x080026dc   0x00000036   Code   RO         2542    i.HAL_CAN_GetTxMailboxesFreeLevel  stm32f4xx_hal_can.o
    0x08002712   0x0000024e   Code   RO         2544    i.HAL_CAN_IRQHandler  stm32f4xx_hal_can.o
    0x08002960   0x00000024   Code   RO         2547    i.HAL_CAN_IsTxMessagePending  stm32f4xx_hal_can.o
    0x08002984   0x00000002   Code   RO         2552    i.HAL_CAN_RxFifo0FullCallback  stm32f4xx_hal_can.o
    0x08002986   0x00000002   PAD
    0x08002988   0x00000064   Code   RO          528    i.HAL_CAN_RxFifo0MsgPendingCallback  can.o
    0x080029ec   0x00000002   Code   RO         2554    i.HAL_CAN_RxFifo1FullCallback  stm32f4xx_hal_can.o
    0x080029ee   0x00000002   Code   RO         2555    i.HAL_CAN_RxFifo1MsgPendingCallback  stm32f4xx_hal_can.o
    0x080029f0   0x00000002   Code   RO         2556    i.HAL_CAN_SleepCallback  stm32f4xx_hal_can.o
    0x080029f2   0x00000002   Code   RO         2559    i.HAL_CAN_TxMailbox0AbortCallback  stm32f4xx_hal_can.o
    0x080029f4   0x00000002   Code   RO         2560    i.HAL_CAN_TxMailbox0CompleteCallback  stm32f4xx_hal_can.o
    0x080029f6   0x00000002   Code   RO         2561    i.HAL_CAN_TxMailbox1AbortCallback  stm32f4xx_hal_can.o
    0x080029f8   0x00000002   Code   RO         2562    i.HAL_CAN_TxMailbox1CompleteCallback  stm32f4xx_hal_can.o
    0x080029fa   0x00000002   Code   RO         2563    i.HAL_CAN_TxMailbox2AbortCallback  stm32f4xx_hal_can.o
    0x080029fc   0x00000002   Code   RO         2564    i.HAL_CAN_TxMailbox2CompleteCallback  stm32f4xx_hal_can.o
    0x080029fe   0x00000002   Code   RO         2566    i.HAL_CAN_WakeUpFromRxMsgCallback  stm32f4xx_hal_can.o
    0x08002a00   0x00000028   Code   RO         4675    i.HAL_DMA_Abort_IT  stm32f4xx_hal_dma.o
    0x08002a28   0x00000240   Code   RO         4679    i.HAL_DMA_IRQHandler  stm32f4xx_hal_dma.o
    0x08002c68   0x000000ec   Code   RO         4680    i.HAL_DMA_Init      stm32f4xx_hal_dma.o
    0x08002d54   0x0000009e   Code   RO         4684    i.HAL_DMA_Start_IT  stm32f4xx_hal_dma.o
    0x08002df2   0x00000002   PAD
    0x08002df4   0x00000028   Code   RO         5098    i.HAL_Delay         stm32f4xx_hal.o
    0x08002e1c   0x000000ac   Code   RO         4453    i.HAL_FLASHEx_Erase  stm32f4xx_hal_flash_ex.o
    0x08002ec8   0x00000014   Code   RO         4332    i.HAL_FLASH_Lock    stm32f4xx_hal_flash.o
    0x08002edc   0x00000098   Code   RO         4337    i.HAL_FLASH_Program  stm32f4xx_hal_flash.o
    0x08002f74   0x00000034   Code   RO         4339    i.HAL_FLASH_Unlock  stm32f4xx_hal_flash.o
    0x08002fa8   0x00000028   Code   RO         1265    i.HAL_GPIO_EXTI_Callback  interactive.o
    0x08002fd0   0x0000001c   Code   RO         4566    i.HAL_GPIO_EXTI_IRQHandler  stm32f4xx_hal_gpio.o
    0x08002fec   0x00000200   Code   RO         4567    i.HAL_GPIO_Init     stm32f4xx_hal_gpio.o
    0x080031ec   0x00000010   Code   RO         4569    i.HAL_GPIO_ReadPin  stm32f4xx_hal_gpio.o
    0x080031fc   0x00000012   Code   RO         4570    i.HAL_GPIO_TogglePin  stm32f4xx_hal_gpio.o
    0x0800320e   0x0000000c   Code   RO         4571    i.HAL_GPIO_WritePin  stm32f4xx_hal_gpio.o
    0x0800321a   0x00000002   PAD
    0x0800321c   0x0000000c   Code   RO         5104    i.HAL_GetTick       stm32f4xx_hal.o
    0x08003228   0x00000018   Code   RO         5110    i.HAL_IncTick       stm32f4xx_hal.o
    0x08003240   0x0000003c   Code   RO         5111    i.HAL_Init          stm32f4xx_hal.o
    0x0800327c   0x0000008c   Code   RO         1929    i.HAL_InitTick      stm32f4xx_hal_timebase_tim.o
    0x08003308   0x0000009c   Code   RO         1905    i.HAL_MspInit       stm32f4xx_hal_msp.o
    0x080033a4   0x00000020   Code   RO         4956    i.HAL_NVIC_EnableIRQ  stm32f4xx_hal_cortex.o
    0x080033c4   0x0000007c   Code   RO         4962    i.HAL_NVIC_SetPriority  stm32f4xx_hal_cortex.o
    0x08003440   0x00000028   Code   RO         4963    i.HAL_NVIC_SetPriorityGrouping  stm32f4xx_hal_cortex.o
    0x08003468   0x00000044   Code   RO         4964    i.HAL_NVIC_SystemReset  stm32f4xx_hal_cortex.o
    0x080034ac   0x00000180   Code   RO         4168    i.HAL_RCC_ClockConfig  stm32f4xx_hal_rcc.o
    0x0800362c   0x00000044   Code   RO         4172    i.HAL_RCC_GetClockConfig  stm32f4xx_hal_rcc.o
    0x08003670   0x0000000c   Code   RO         4173    i.HAL_RCC_GetHCLKFreq  stm32f4xx_hal_rcc.o
    0x0800367c   0x00000020   Code   RO         4175    i.HAL_RCC_GetPCLK1Freq  stm32f4xx_hal_rcc.o
    0x0800369c   0x00000020   Code   RO         4176    i.HAL_RCC_GetPCLK2Freq  stm32f4xx_hal_rcc.o
    0x080036bc   0x000000b0   Code   RO         4177    i.HAL_RCC_GetSysClockFreq  stm32f4xx_hal_rcc.o
    0x0800376c   0x00000448   Code   RO         4180    i.HAL_RCC_OscConfig  stm32f4xx_hal_rcc.o
    0x08003bb4   0x0000000a   Code   RO          874    i.HAL_SD_AbortCallback  bsp_driver_sd.o
    0x08003bbe   0x000000a8   Code   RO         5553    i.HAL_SD_ConfigWideBusOperation  stm32f4xx_hal_sd.o
    0x08003c66   0x00000002   Code   RO         5556    i.HAL_SD_ErrorCallback  stm32f4xx_hal_sd.o
    0x08003c68   0x000001f0   Code   RO         5558    i.HAL_SD_GetCardCSD  stm32f4xx_hal_sd.o
    0x08003e58   0x00000026   Code   RO         5559    i.HAL_SD_GetCardInfo  stm32f4xx_hal_sd.o
    0x08003e7e   0x00000028   Code   RO         5560    i.HAL_SD_GetCardState  stm32f4xx_hal_sd.o
    0x08003ea6   0x00000002   PAD
    0x08003ea8   0x00000200   Code   RO         5564    i.HAL_SD_IRQHandler  stm32f4xx_hal_sd.o
    0x080040a8   0x00000036   Code   RO         5565    i.HAL_SD_Init       stm32f4xx_hal_sd.o
    0x080040de   0x00000002   PAD
    0x080040e0   0x00000084   Code   RO         5566    i.HAL_SD_InitCard   stm32f4xx_hal_sd.o
    0x08004164   0x000001a4   Code   RO         1185    i.HAL_SD_MspInit    sdio.o
    0x08004308   0x00000128   Code   RO         5570    i.HAL_SD_ReadBlocks_DMA  stm32f4xx_hal_sd.o
    0x08004430   0x0000000a   Code   RO          875    i.HAL_SD_RxCpltCallback  bsp_driver_sd.o
    0x0800443a   0x0000000a   Code   RO          876    i.HAL_SD_TxCpltCallback  bsp_driver_sd.o
    0x08004444   0x00000128   Code   RO         5575    i.HAL_SD_WriteBlocks_DMA  stm32f4xx_hal_sd.o
    0x0800456c   0x00000028   Code   RO         4965    i.HAL_SYSTICK_CLKSourceConfig  stm32f4xx_hal_cortex.o
    0x08004594   0x00000034   Code   RO         4967    i.HAL_SYSTICK_Config  stm32f4xx_hal_cortex.o
    0x080045c8   0x00000002   Code   RO         3585    i.HAL_TIMEx_BreakCallback  stm32f4xx_hal_tim_ex.o
    0x080045ca   0x00000002   Code   RO         3586    i.HAL_TIMEx_CommutCallback  stm32f4xx_hal_tim_ex.o
    0x080045cc   0x00000054   Code   RO         3603    i.HAL_TIMEx_MasterConfigSynchronization  stm32f4xx_hal_tim_ex.o
    0x08004620   0x00000034   Code   RO         2899    i.HAL_TIM_Base_Init  stm32f4xx_hal_tim.o
    0x08004654   0x00000048   Code   RO         1227    i.HAL_TIM_Base_MspInit  tim.o
    0x0800469c   0x0000002a   Code   RO         2904    i.HAL_TIM_Base_Start_IT  stm32f4xx_hal_tim.o
    0x080046c6   0x00000038   Code   RO         2907    i.HAL_TIM_Base_Stop_IT  stm32f4xx_hal_tim.o
    0x080046fe   0x00000108   Code   RO         2908    i.HAL_TIM_ConfigClockSource  stm32f4xx_hal_tim.o
    0x08004806   0x00000002   Code   RO         2928    i.HAL_TIM_IC_CaptureCallback  stm32f4xx_hal_tim.o
    0x08004808   0x00000196   Code   RO         2942    i.HAL_TIM_IRQHandler  stm32f4xx_hal_tim.o
    0x0800499e   0x00000002   Code   RO         2945    i.HAL_TIM_OC_DelayElapsedCallback  stm32f4xx_hal_tim.o
    0x080049a0   0x00000002   Code   RO         2972    i.HAL_TIM_PWM_PulseFinishedCallback  stm32f4xx_hal_tim.o
    0x080049a2   0x00000002   PAD
    0x080049a4   0x00000038   Code   RO          310    i.HAL_TIM_PeriodElapsedCallback  sys.o
    0x080049dc   0x00000002   Code   RO         2985    i.HAL_TIM_TriggerCallback  stm32f4xx_hal_tim.o
    0x080049de   0x00000002   Code   RO         3857    i.HAL_UART_ErrorCallback  stm32f4xx_hal_uart.o
    0x080049e0   0x0000014c   Code   RO         3860    i.HAL_UART_IRQHandler  stm32f4xx_hal_uart.o
    0x08004b2c   0x00000072   Code   RO         3861    i.HAL_UART_Init     stm32f4xx_hal_uart.o
    0x08004b9e   0x00000002   PAD
    0x08004ba0   0x00000144   Code   RO         1827    i.HAL_UART_MspInit  usart.o
    0x08004ce4   0x00000002   Code   RO         3867    i.HAL_UART_RxCpltCallback  stm32f4xx_hal_uart.o
    0x08004ce6   0x000000d6   Code   RO         3869    i.HAL_UART_Transmit  stm32f4xx_hal_uart.o
    0x08004dbc   0x00000002   Code   RO         3872    i.HAL_UART_TxCpltCallback  stm32f4xx_hal_uart.o
    0x08004dbe   0x00000004   Code   RO           20    i.HardFault_Handler  stm32f4xx_it.o
    0x08004dc2   0x00000002   PAD
    0x08004dc4   0x000001d4   Code   RO         1439    i.HeartBeat         gprs.o
    0x08004f98   0x0000008e   Code   RO         1542    i.HexToStrLow       conversion.o
    0x08005026   0x00000002   PAD
    0x08005028   0x000000fc   Code   RO         1266    i.InteRactionTask   interactive.o
    0x08005124   0x00000048   Code   RO         1828    i.LogInit           usart.o
    0x0800516c   0x00000032   Code   RO         1650    i.MD5Decode         md5.o
    0x0800519e   0x0000003e   Code   RO         1651    i.MD5Encode         md5.o
    0x080051dc   0x00000054   Code   RO         1652    i.MD5Final          md5.o
    0x08005230   0x00000024   Code   RO         1653    i.MD5Init           md5.o
    0x08005254   0x000007d4   Code   RO         1654    i.MD5Transform      md5.o
    0x08005a28   0x0000008c   Code   RO         1655    i.MD5Update         md5.o
    0x08005ab4   0x00000048   Code   RO         1004    i.MX_DMA_Init       dma.o
    0x08005afc   0x0000001c   Code   RO         1028    i.MX_FATFS_Init     fatfs.o
    0x08005b18   0x000000a0   Code   RO         1767    i.MX_GPIO_Init      gpio.o
    0x08005bb8   0x00000058   Code   RO         1186    i.MX_SDIO_SD_Init   sdio.o
    0x08005c10   0x00000088   Code   RO         1228    i.MX_TIM4_Init      tim.o
    0x08005c98   0x00000048   Code   RO         1829    i.MX_USART2_UART_Init  usart.o
    0x08005ce0   0x00000004   Code   RO           21    i.MemManage_Handler  stm32f4xx_it.o
    0x08005ce4   0x00000144   Code   RO         1333    i.MessageReceiveFromISR  message.o
    0x08005e28   0x00000274   Code   RO         1334    i.MessageReceiveTask  message.o
    0x0800609c   0x000000d0   Code   RO         1335    i.MessageSend       message.o
    0x0800616c   0x0000011c   Code   RO         1336    i.MessageSendTask   message.o
    0x08006288   0x00000044   Code   RO         1267    i.ModeBt_Dowm_CallBack  interactive.o
    0x080062cc   0x00000148   Code   RO         1268    i.ModeBt_Long_CallBack  interactive.o
    0x08006414   0x000000b0   Code   RO         1337    i.MsgInfoConfig     message.o
    0x080064c4   0x00000002   Code   RO           22    i.NMI_Handler       stm32f4xx_it.o
    0x080064c6   0x00000002   PAD
    0x080064c8   0x00000034   Code   RO         2450    i.Print_Btn_Info    button.o
    0x080064fc   0x00000010   Code   RO         1269    i.Read_Button_Level  interactive.o
    0x0800650c   0x0000002c   Code   RO         5274    i.SDIO_ConfigData   stm32f4xx_ll_sdmmc.o
    0x08006538   0x00000008   Code   RO         5275    i.SDIO_GetCommandResponse  stm32f4xx_ll_sdmmc.o
    0x08006540   0x0000000a   Code   RO         5278    i.SDIO_GetPowerState  stm32f4xx_ll_sdmmc.o
    0x0800654a   0x00000016   Code   RO         5279    i.SDIO_GetResponse  stm32f4xx_ll_sdmmc.o
    0x08006560   0x00000010   Code   RO           23    i.SDIO_IRQHandler   stm32f4xx_it.o
    0x08006570   0x00000034   Code   RO         5280    i.SDIO_Init         stm32f4xx_ll_sdmmc.o
    0x080065a4   0x0000000a   Code   RO         5282    i.SDIO_PowerState_ON  stm32f4xx_ll_sdmmc.o
    0x080065ae   0x00000008   Code   RO         5283    i.SDIO_ReadFIFO     stm32f4xx_ll_sdmmc.o
    0x080065b6   0x00000028   Code   RO         5284    i.SDIO_SendCommand  stm32f4xx_ll_sdmmc.o
    0x080065de   0x0000000c   Code   RO         5286    i.SDIO_WriteFIFO    stm32f4xx_ll_sdmmc.o
    0x080065ea   0x0000003a   Code   RO         5287    i.SDMMC_CmdAppCommand  stm32f4xx_ll_sdmmc.o
    0x08006624   0x0000003c   Code   RO         5288    i.SDMMC_CmdAppOperCommand  stm32f4xx_ll_sdmmc.o
    0x08006660   0x0000003a   Code   RO         5289    i.SDMMC_CmdBlockLength  stm32f4xx_ll_sdmmc.o
    0x0800669a   0x0000003a   Code   RO         5290    i.SDMMC_CmdBusWidth  stm32f4xx_ll_sdmmc.o
    0x080066d4   0x0000002e   Code   RO         5294    i.SDMMC_CmdGoIdleState  stm32f4xx_ll_sdmmc.o
    0x08006702   0x00000036   Code   RO         5296    i.SDMMC_CmdOperCond  stm32f4xx_ll_sdmmc.o
    0x08006738   0x0000003a   Code   RO         5297    i.SDMMC_CmdReadMultiBlock  stm32f4xx_ll_sdmmc.o
    0x08006772   0x0000003a   Code   RO         5298    i.SDMMC_CmdReadSingleBlock  stm32f4xx_ll_sdmmc.o
    0x080067ac   0x0000003c   Code   RO         5301    i.SDMMC_CmdSelDesel  stm32f4xx_ll_sdmmc.o
    0x080067e8   0x00000034   Code   RO         5302    i.SDMMC_CmdSendCID  stm32f4xx_ll_sdmmc.o
    0x0800681c   0x00000034   Code   RO         5303    i.SDMMC_CmdSendCSD  stm32f4xx_ll_sdmmc.o
    0x08006850   0x0000003a   Code   RO         5304    i.SDMMC_CmdSendSCR  stm32f4xx_ll_sdmmc.o
    0x0800688a   0x0000003a   Code   RO         5305    i.SDMMC_CmdSendStatus  stm32f4xx_ll_sdmmc.o
    0x080068c4   0x0000003a   Code   RO         5306    i.SDMMC_CmdSetRelAdd  stm32f4xx_ll_sdmmc.o
    0x080068fe   0x00000002   PAD
    0x08006900   0x0000003c   Code   RO         5308    i.SDMMC_CmdStopTransfer  stm32f4xx_ll_sdmmc.o
    0x0800693c   0x0000003a   Code   RO         5310    i.SDMMC_CmdWriteMultiBlock  stm32f4xx_ll_sdmmc.o
    0x08006976   0x0000003a   Code   RO         5311    i.SDMMC_CmdWriteSingleBlock  stm32f4xx_ll_sdmmc.o
    0x080069b0   0x00000040   Code   RO         5312    i.SDMMC_GetCmdError  stm32f4xx_ll_sdmmc.o
    0x080069f0   0x000001a4   Code   RO         5313    i.SDMMC_GetCmdResp1  stm32f4xx_ll_sdmmc.o
    0x08006b94   0x0000005c   Code   RO         5314    i.SDMMC_GetCmdResp2  stm32f4xx_ll_sdmmc.o
    0x08006bf0   0x00000050   Code   RO         5315    i.SDMMC_GetCmdResp3  stm32f4xx_ll_sdmmc.o
    0x08006c40   0x000000b0   Code   RO         5316    i.SDMMC_GetCmdResp6  stm32f4xx_ll_sdmmc.o
    0x08006cf0   0x00000058   Code   RO         5317    i.SDMMC_GetCmdResp7  stm32f4xx_ll_sdmmc.o
    0x08006d48   0x00000028   Code   RO         1089    i.SD_CheckStatus    sd_diskio.o
    0x08006d70   0x00000026   Code   RO         1090    i.SD_CheckStatusWithTimeout  sd_diskio.o
    0x08006d96   0x0000005c   Code   RO         5577    i.SD_DMAError       stm32f4xx_hal_sd.o
    0x08006df2   0x00000046   Code   RO         5578    i.SD_DMAReceiveCplt  stm32f4xx_hal_sd.o
    0x08006e38   0x0000004c   Code   RO         5579    i.SD_DMARxAbort     stm32f4xx_hal_sd.o
    0x08006e84   0x00000012   Code   RO         5580    i.SD_DMATransmitCplt  stm32f4xx_hal_sd.o
    0x08006e96   0x0000004c   Code   RO         5581    i.SD_DMATxAbort     stm32f4xx_hal_sd.o
    0x08006ee2   0x0000012c   Code   RO         5582    i.SD_FindSCR        stm32f4xx_hal_sd.o
    0x0800700e   0x000000fc   Code   RO         5583    i.SD_InitCard       stm32f4xx_hal_sd.o
    0x0800710a   0x000000ee   Code   RO         5585    i.SD_PowerON        stm32f4xx_hal_sd.o
    0x080071f8   0x00000026   Code   RO         5586    i.SD_Read_IT        stm32f4xx_hal_sd.o
    0x0800721e   0x00000032   Code   RO         5588    i.SD_SendStatus     stm32f4xx_hal_sd.o
    0x08007250   0x0000006a   Code   RO         5589    i.SD_WideBus_Disable  stm32f4xx_hal_sd.o
    0x080072ba   0x0000006a   Code   RO         5590    i.SD_WideBus_Enable  stm32f4xx_hal_sd.o
    0x08007324   0x00000026   Code   RO         5591    i.SD_Write_IT       stm32f4xx_hal_sd.o
    0x0800734a   0x00000002   PAD
    0x0800734c   0x00000058   Code   RO         1091    i.SD_initialize     sd_diskio.o
    0x080073a4   0x0000006c   Code   RO         1092    i.SD_ioctl          sd_diskio.o
    0x08007410   0x000000d0   Code   RO         1093    i.SD_read           sd_diskio.o
    0x080074e0   0x0000000c   Code   RO         1094    i.SD_status         sd_diskio.o
    0x080074ec   0x000000ec   Code   RO         1095    i.SD_write          sd_diskio.o
    0x080075d8   0x00000024   Code   RO          650    i.STMFLASH_Pagebuf  myflash.o
    0x080075fc   0x0000001e   Code   RO          651    i.STMFLASH_Read     myflash.o
    0x0800761a   0x00000006   Code   RO          652    i.STMFLASH_ReadByte  myflash.o
    0x08007620   0x00000006   Code   RO          654    i.STMFLASH_ReadWord  myflash.o
    0x08007626   0x00000002   PAD
    0x08007628   0x000000f0   Code   RO          656    i.STMFLASH_Write    myflash.o
    0x08007718   0x0000004c   Code   RO          658    i.STMFLASH_Write_NoCheck  myflash.o
    0x08007764   0x00000108   Code   RO          659    i.STMFLASH_Write_WithBuf  myflash.o
    0x0800786c   0x00000030   Code   RO         2451    i.Search_Button     button.o
    0x0800789c   0x000001d4   Code   RO         1707    i.StartTask         main.o
    0x08007a70   0x000000f4   Code   RO         1545    i.StrToHex          conversion.o
    0x08007b64   0x00000034   Code   RO         2452    i.StrnCopy          button.o
    0x08007b98   0x00000008   Code   RO           24    i.SysTick_Handler   stm32f4xx_it.o
    0x08007ba0   0x000000e4   Code   RO          311    i.SystemClock_Config  sys.o
    0x08007c84   0x00000064   Code   RO         5878    i.SystemInit        system_stm32f4xx.o
    0x08007ce8   0x00000010   Code   RO           25    i.TIM4_IRQHandler   stm32f4xx_it.o
    0x08007cf8   0x00000010   Code   RO           26    i.TIM5_IRQHandler   stm32f4xx_it.o
    0x08007d08   0x000000d8   Code   RO         2987    i.TIM_Base_SetConfig  stm32f4xx_hal_tim.o
    0x08007de0   0x00000016   Code   RO         2998    i.TIM_ETR_SetConfig  stm32f4xx_hal_tim.o
    0x08007df6   0x00000012   Code   RO         2999    i.TIM_ITRx_SetConfig  stm32f4xx_hal_tim.o
    0x08007e08   0x00000026   Code   RO         3005    i.TIM_TI1_ConfigInputStage  stm32f4xx_hal_tim.o
    0x08007e2e   0x00000028   Code   RO         3007    i.TIM_TI2_ConfigInputStage  stm32f4xx_hal_tim.o
    0x08007e56   0x00000014   Code   RO         3874    i.UART_DMAAbortOnError  stm32f4xx_hal_uart.o
    0x08007e6a   0x00000020   Code   RO         3884    i.UART_EndRxTransfer  stm32f4xx_hal_uart.o
    0x08007e8a   0x00000020   Code   RO         3885    i.UART_EndTransmit_IT  stm32f4xx_hal_uart.o
    0x08007eaa   0x000000a6   Code   RO         3887    i.UART_Receive_IT   stm32f4xx_hal_uart.o
    0x08007f50   0x00000368   Code   RO         3888    i.UART_SetConfig    stm32f4xx_hal_uart.o
    0x080082b8   0x00000068   Code   RO         3889    i.UART_Transmit_IT  stm32f4xx_hal_uart.o
    0x08008320   0x0000006c   Code   RO         3890    i.UART_WaitOnFlagUntilTimeout  stm32f4xx_hal_uart.o
    0x0800838c   0x00000010   Code   RO           27    i.USART1_IRQHandler  stm32f4xx_it.o
    0x0800839c   0x00000080   Code   RO           28    i.USART2_IRQHandler  stm32f4xx_it.o
    0x0800841c   0x00000010   Code   RO           29    i.USART3_IRQHandler  stm32f4xx_it.o
    0x0800842c   0x00000170   Code   RO         2333    i.UpgradeTask       upgrade.o
    0x0800859c   0x00000004   Code   RO           30    i.UsageFault_Handler  stm32f4xx_it.o
    0x080085a0   0x00000034   Code   RO         1831    i.Usart2Write       usart.o
    0x080085d4   0x00000004   Code   RO          312    i._Error_Handler    sys.o
    0x080085d8   0x00000020   Code   RO         8010    i.__0printf         mc_w.l(printfa.o)
    0x080085f8   0x00000028   Code   RO         8012    i.__0sprintf        mc_w.l(printfa.o)
    0x08008620   0x00000030   Code   RO         8098    i.__ARM_fpclassify  m_wm.l(fpclassify.o)
    0x08008650   0x00000010   Code   RO         4969    i.__NVIC_GetPriorityGrouping  stm32f4xx_hal_cortex.o
    0x08008660   0x00000028   Code   RO         4970    i.__NVIC_SetPriority  stm32f4xx_hal_cortex.o
    0x08008688   0x00000c38   Code   RO         7734    i.__hardfp_pow      m_wm.l(pow.o)
    0x080092c0   0x000000f8   Code   RO         8100    i.__kernel_poly     m_wm.l(poly.o)
    0x080093b8   0x00000030   Code   RO         8084    i.__mathlib_dbl_divzero  m_wm.l(dunder.o)
    0x080093e8   0x00000014   Code   RO         8086    i.__mathlib_dbl_infnan2  m_wm.l(dunder.o)
    0x080093fc   0x00000004   PAD
    0x08009400   0x00000020   Code   RO         8087    i.__mathlib_dbl_invalid  m_wm.l(dunder.o)
    0x08009420   0x00000020   Code   RO         8088    i.__mathlib_dbl_overflow  m_wm.l(dunder.o)
    0x08009440   0x00000020   Code   RO         8090    i.__mathlib_dbl_underflow  m_wm.l(dunder.o)
    0x08009460   0x0000000e   Code   RO         8177    i.__scatterload_copy  mc_w.l(handlers.o)
    0x0800946e   0x00000002   Code   RO         8178    i.__scatterload_null  mc_w.l(handlers.o)
    0x08009470   0x0000000e   Code   RO         8179    i.__scatterload_zeroinit  mc_w.l(handlers.o)
    0x0800947e   0x00000002   PAD
    0x08009480   0x0000000c   Code   RO         8142    i.__set_errno       mc_w.l(errno.o)
    0x0800948c   0x00000164   Code   RO         8017    i._fp_digits        mc_w.l(printfa.o)
    0x080095f0   0x000006dc   Code   RO         8018    i._printf_core      mc_w.l(printfa.o)
    0x08009ccc   0x00000024   Code   RO         8019    i._printf_post_padding  mc_w.l(printfa.o)
    0x08009cf0   0x0000002e   Code   RO         8020    i._printf_pre_padding  mc_w.l(printfa.o)
    0x08009d1e   0x0000000a   Code   RO         8022    i._sputc            mc_w.l(printfa.o)
    0x08009d28   0x00000050   Code   RO         1982    i.cJSON_Delete      cjson.o
    0x08009d78   0x0000001e   Code   RO         1991    i.cJSON_GetObjectItem  cjson.o
    0x08009d96   0x00000002   PAD
    0x08009d98   0x00000020   Code   RO         1993    i.cJSON_New_Item    cjson.o
    0x08009db8   0x00000010   Code   RO         1994    i.cJSON_Parse       cjson.o
    0x08009dc8   0x00000064   Code   RO         1995    i.cJSON_ParseWithOpts  cjson.o
    0x08009e2c   0x0000004c   Code   RO         2000    i.cJSON_strcasecmp  cjson.o
    0x08009e78   0x0000007c   Code   RO         7203    i.check_fs          ff.o
    0x08009ef4   0x00000014   Code   RO         7204    i.chk_chr           ff.o
    0x08009f08   0x0000007c   Code   RO         7205    i.chk_lock          ff.o
    0x08009f84   0x00000028   Code   RO         7206    i.clear_lock        ff.o
    0x08009fac   0x00000032   Code   RO         7207    i.clmt_clust        ff.o
    0x08009fde   0x0000001a   Code   RO         7208    i.clust2sect        ff.o
    0x08009ff8   0x00000098   Code   RO         7209    i.cmp_lfn           ff.o
    0x0800a090   0x000000de   Code   RO         7210    i.create_chain      ff.o
    0x0800a16e   0x00000002   PAD
    0x0800a170   0x0000026c   Code   RO         7211    i.create_name       ff.o
    0x0800a3dc   0x00000044   Code   RO         7212    i.dec_lock          ff.o
    0x0800a420   0x00000134   Code   RO         1339    i.deviceSend        message.o
    0x0800a554   0x00000060   Code   RO         7213    i.dir_alloc         ff.o
    0x0800a5b4   0x000000fc   Code   RO         7214    i.dir_find          ff.o
    0x0800a6b0   0x0000010c   Code   RO         7215    i.dir_next          ff.o
    0x0800a7bc   0x00000142   Code   RO         7217    i.dir_register      ff.o
    0x0800a8fe   0x0000009a   Code   RO         7219    i.dir_sdi           ff.o
    0x0800a998   0x0000002c   Code   RO         7148    i.disk_initialize   diskio.o
    0x0800a9c4   0x00000028   Code   RO         7149    i.disk_ioctl        diskio.o
    0x0800a9ec   0x00000030   Code   RO         7150    i.disk_read         diskio.o
    0x0800aa1c   0x0000001c   Code   RO         7151    i.disk_status       diskio.o
    0x0800aa38   0x00000030   Code   RO         7152    i.disk_write        diskio.o
    0x0800aa68   0x00000028   Code   RO         7220    i.enq_lock          ff.o
    0x0800aa90   0x00000034   Code   RO         7221    i.f_close           ff.o
    0x0800aac4   0x00000056   Code   RO         7224    i.f_gets            ff.o
    0x0800ab1a   0x00000002   PAD
    0x0800ab1c   0x00000084   Code   RO         7228    i.f_mount           ff.o
    0x0800aba0   0x00000242   Code   RO         7229    i.f_open            ff.o
    0x0800ade2   0x00000200   Code   RO         7234    i.f_read            ff.o
    0x0800afe2   0x000000b0   Code   RO         7238    i.f_sync            ff.o
    0x0800b092   0x00000018   Code   RO         7724    i.fabs              m_wm.l(fabs.o)
    0x0800b0aa   0x00000002   PAD
    0x0800b0ac   0x0000007c   Code   RO         7645    i.ff_convert        cc936.o
    0x0800b128   0x00000024   Code   RO         7683    i.ff_cre_syncobj    syscall.o
    0x0800b14c   0x0000000e   Code   RO         7684    i.ff_del_syncobj    syscall.o
    0x0800b15a   0x0000000c   Code   RO         7685    i.ff_rel_grant      syscall.o
    0x0800b166   0x00000018   Code   RO         7686    i.ff_req_grant      syscall.o
    0x0800b17e   0x00000002   PAD
    0x0800b180   0x000000a4   Code   RO         7646    i.ff_wtoupper       cc936.o
    0x0800b224   0x0000030c   Code   RO         7242    i.find_volume       ff.o
    0x0800b530   0x000000a2   Code   RO         7243    i.follow_path       ff.o
    0x0800b5d2   0x00000002   PAD
    0x0800b5d4   0x0000001c   Code   RO         1834    i.fputc             usart.o
    0x0800b5f0   0x00000214   Code   RO          531    i.gCAN2_SendData    can.o
    0x0800b804   0x00000214   Code   RO          532    i.gCAN_SendData     can.o
    0x0800ba18   0x0000001c   Code   RO          811    i.gClearDiffFlag    myflag.o
    0x0800ba34   0x00000188   Code   RO         1440    i.gDeviceConfig     gprs.o
    0x0800bbbc   0x000001f0   Code   RO         1441    i.gDeviceConnect    gprs.o
    0x0800bdac   0x000002ec   Code   RO         2283    i.gDeviceRegister   register.o
    0x0800c098   0x000000f0   Code   RO         1442    i.gGetDeviceINFO    gprs.o
    0x0800c188   0x0000010c   Code   RO         2334    i.gGetPackToFlash   upgrade.o
    0x0800c294   0x000001bc   Code   RO         1443    i.gNetTest          gprs.o
    0x0800c450   0x0000005e   Code   RO         1546    i.gPackCheck        conversion.o
    0x0800c4ae   0x00000002   PAD
    0x0800c4b0   0x00000130   Code   RO         1444    i.gRemoteIpPortConfig  gprs.o
    0x0800c5e0   0x0000009c   Code   RO         1445    i.gTCPIPConfig      gprs.o
    0x0800c67c   0x000000b0   Code   RO          533    i.gUploadErrorCode  can.o
    0x0800c72c   0x00000034   Code   RO          812    i.gWriteDiffEndFlag  myflag.o
    0x0800c760   0x0000001c   Code   RO          813    i.gWriteDiffStartFlag  myflag.o
    0x0800c77c   0x000000cc   Code   RO         7244    i.gen_numname       ff.o
    0x0800c848   0x0000001a   Code   RO         1548    i.getIntNum         conversion.o
    0x0800c862   0x00000002   PAD
    0x0800c864   0x000000ac   Code   RO         2335    i.getPackFromInternet  upgrade.o
    0x0800c910   0x000000e0   Code   RO         7245    i.get_fat           ff.o
    0x0800c9f0   0x00000004   Code   RO         1029    i.get_fattime       fatfs.o
    0x0800c9f4   0x00000048   Code   RO         7247    i.get_ldnumber      ff.o
    0x0800ca3c   0x00000010   Code   RO         6776    i.inHandlerMode     cmsis_os.o
    0x0800ca4c   0x000000bc   Code   RO         7248    i.inc_lock          ff.o
    0x0800cb08   0x00000026   Code   RO         7249    i.ld_clust          ff.o
    0x0800cb2e   0x00000018   Code   RO         7250    i.ld_dword          ff.o
    0x0800cb46   0x0000000c   Code   RO         7251    i.ld_word           ff.o
    0x0800cb52   0x00000016   Code   RO         7252    i.lock_fs           ff.o
    0x0800cb68   0x00000038   Code   RO         1709    i.main              main.o
    0x0800cba0   0x00000024   Code   RO         7253    i.mem_cmp           ff.o
    0x0800cbc4   0x0000001a   Code   RO         7254    i.mem_cpy           ff.o
    0x0800cbde   0x00000012   Code   RO         7255    i.mem_set           ff.o
    0x0800cbf0   0x00000034   Code   RO         7256    i.move_window       ff.o
    0x0800cc24   0x00000012   Code   RO         6782    i.osKernelRunning   cmsis_os.o
    0x0800cc36   0x00000014   Code   RO         6784    i.osKernelSysTick   cmsis_os.o
    0x0800cc4a   0x00000012   Code   RO         6792    i.osMessageCreate   cmsis_os.o
    0x0800cc5c   0x0000009c   Code   RO         6794    i.osMessageGet      cmsis_os.o
    0x0800ccf8   0x00000060   Code   RO         6796    i.osMessagePut      cmsis_os.o
    0x0800cd58   0x0000002c   Code   RO         6809    i.osSemaphoreCreate  cmsis_os.o
    0x0800cd84   0x00000018   Code   RO         6810    i.osSemaphoreDelete  cmsis_os.o
    0x0800cd9c   0x00000050   Code   RO         6812    i.osSemaphoreRelease  cmsis_os.o
    0x0800cdec   0x0000006c   Code   RO         6813    i.osSemaphoreWait   cmsis_os.o
    0x0800ce58   0x00000010   Code   RO         6816    i.osSystickHandler  cmsis_os.o
    0x0800ce68   0x000000ac   Code   RO         2003    i.parse_array       cjson.o
    0x0800cf14   0x000001c8   Code   RO         2004    i.parse_number      cjson.o
    0x0800d0dc   0x00000114   Code   RO         2005    i.parse_object      cjson.o
    0x0800d1f0   0x000001f8   Code   RO         2006    i.parse_string      cjson.o
    0x0800d3e8   0x000000bc   Code   RO         2007    i.parse_value       cjson.o
    0x0800d4a4   0x000001bc   Code   RO         1446    i.pdeviceConnect    gprs.o
    0x0800d660   0x0000008c   Code   RO          814    i.platformFlagInit  myflag.o
    0x0800d6ec   0x00000090   Code   RO          363    i.platformInit      platform.o
    0x0800d77c   0x00000098   Code   RO         6345    i.prvAddCurrentTaskToDelayedList  tasks.o
    0x0800d814   0x000000b4   Code   RO         6346    i.prvAddNewTaskToReadyList  tasks.o
    0x0800d8c8   0x00000064   Code   RO         6643    i.prvCheckForValidListAndQueue  timers.o
    0x0800d92c   0x00000064   Code   RO         6347    i.prvCheckTasksWaitingTermination  tasks.o
    0x0800d990   0x0000002a   Code   RO         6184    i.prvCopyDataFromQueue  queue.o
    0x0800d9ba   0x0000007c   Code   RO         6185    i.prvCopyDataToQueue  queue.o
    0x0800da36   0x00000012   Code   RO         6348    i.prvDeleteTCB      tasks.o
    0x0800da48   0x00000028   Code   RO         6644    i.prvGetNextExpireTime  timers.o
    0x0800da70   0x0000007c   Code   RO         5911    i.prvHeapInit       heap_4.o
    0x0800daec   0x00000028   Code   RO         6349    i.prvIdleTask       tasks.o
    0x0800db14   0x00000026   Code   RO         6187    i.prvInitialiseNewQueue  queue.o
    0x0800db3a   0x000000aa   Code   RO         6350    i.prvInitialiseNewTask  tasks.o
    0x0800dbe4   0x0000004e   Code   RO         6645    i.prvInitialiseNewTimer  timers.o
    0x0800dc32   0x00000002   PAD
    0x0800dc34   0x00000068   Code   RO         6351    i.prvInitialiseTaskLists  tasks.o
    0x0800dc9c   0x00000068   Code   RO         5912    i.prvInsertBlockIntoFreeList  heap_4.o
    0x0800dd04   0x00000058   Code   RO         6646    i.prvInsertTimerInActiveList  timers.o
    0x0800dd5c   0x0000001a   Code   RO         6188    i.prvIsQueueEmpty   queue.o
    0x0800dd76   0x0000001e   Code   RO         6189    i.prvIsQueueFull    queue.o
    0x0800dd94   0x00000064   Code   RO         6647    i.prvProcessExpiredTimer  timers.o
    0x0800ddf8   0x00000124   Code   RO         6648    i.prvProcessReceivedCommands  timers.o
    0x0800df1c   0x00000074   Code   RO         6649    i.prvProcessTimerOrBlockTask  timers.o
    0x0800df90   0x00000034   Code   RO         6352    i.prvResetNextTaskUnblockTime  tasks.o
    0x0800dfc4   0x0000002c   Code   RO         6650    i.prvSampleTimeNow  timers.o
    0x0800dff0   0x000000a0   Code   RO         6651    i.prvSwitchTimerLists  timers.o
    0x0800e090   0x00000040   Code   RO         5982    i.prvTaskExitError  port.o
    0x0800e0d0   0x0000001a   Code   RO         6652    i.prvTimerTask      timers.o
    0x0800e0ea   0x0000007e   Code   RO         6190    i.prvUnlockQueue    queue.o
    0x0800e168   0x00000138   Code   RO         7258    i.put_fat           ff.o
    0x0800e2a0   0x00000080   Code   RO         7259    i.put_lfn           ff.o
    0x0800e320   0x0000013c   Code   RO         5913    i.pvPortMalloc      heap_4.o
    0x0800e45c   0x00000020   Code   RO         6354    i.pvTaskIncrementMutexHeldCount  tasks.o
    0x0800e47c   0x0000002c   Code   RO         5983    i.pxPortInitialiseStack  port.o
    0x0800e4a8   0x0000009a   Code   RO         7263    i.remove_chain      ff.o
    0x0800e542   0x00000002   PAD
    0x0800e544   0x000001e0   Code   RO         1447    i.sAnalysisRsp      gprs.o
    0x0800e724   0x000000e4   Code   RO         1340    i.sAnalyzePack      message.o
    0x0800e808   0x000000b4   Code   RO         1270    i.sBeepFlink        interactive.o
    0x0800e8bc   0x0000002c   Code   RO         1271    i.sBeepOn           interactive.o
    0x0800e8e8   0x000002e4   Code   RO         1341    i.sCheckAnalyze     message.o
    0x0800ebcc   0x00000210   Code   RO         1342    i.sConfigAnalyze    message.o
    0x0800eddc   0x000000a4   Code   RO         2336    i.sConfig_reply     upgrade.o
    0x0800ee80   0x00000214   Code   RO         1448    i.sGetDeviceINFO    gprs.o
    0x0800f094   0x00000068   Code   RO         2337    i.sGetLength        upgrade.o
    0x0800f0fc   0x0000015c   Code   RO         1343    i.sGetbufLen        message.o
    0x0800f258   0x00000120   Code   RO         2338    i.sInterUpgradeProcess  upgrade.o
    0x0800f378   0x00000138   Code   RO         1272    i.sInteractive_Init  interactive.o
    0x0800f4b0   0x000000e4   Code   RO         1449    i.sIpPortCheck      gprs.o
    0x0800f594   0x0000015c   Code   RO         1344    i.sMd5Check         message.o
    0x0800f6f0   0x0000018c   Code   RO         2339    i.sOfflineUpgrade   upgrade.o
    0x0800f87c   0x000001b8   Code   RO         2340    i.sOnlineUpgrade    upgrade.o
    0x0800fa34   0x00000208   Code   RO         2341    i.sReadConfigFile   upgrade.o
    0x0800fc3c   0x00000314   Code   RO         2342    i.sSDUpgrade        upgrade.o
    0x0800ff50   0x00000244   Code   RO         1450    i.sSendRspData      gprs.o
    0x08010194   0x00000154   Code   RO         1451    i.sSignalJudge      gprs.o
    0x080102e8   0x00000012   Code   RO         2014    i.skip              cjson.o
    0x080102fa   0x0000001c   Code   RO         2343    i.slineJudge        upgrade.o
    0x08010316   0x0000006e   Code   RO         8105    i.sqrt              m_wm.l(sqrt.o)
    0x08010384   0x00000024   Code   RO         7264    i.st_clust          ff.o
    0x080103a8   0x00000018   Code   RO         7265    i.st_dword          ff.o
    0x080103c0   0x0000000c   Code   RO         7266    i.st_word           ff.o
    0x080103cc   0x00000330   Code   RO         2344    i.startUpgrade      upgrade.o
    0x080106fc   0x00000020   Code   RO         7267    i.sum_sfn           ff.o
    0x0801071c   0x00000090   Code   RO         7268    i.sync_fs           ff.o
    0x080107ac   0x00000052   Code   RO         7269    i.sync_window       ff.o
    0x080107fe   0x00000002   PAD
    0x08010800   0x0000001c   Code   RO          313    i.sysReset          sys.o
    0x0801081c   0x0000001c   Code   RO         7270    i.unlock_fs         ff.o
    0x08010838   0x000000a4   Code   RO         2345    i.upgrade_reply     upgrade.o
    0x080108dc   0x00000028   Code   RO         6147    i.uxListRemove      list.o
    0x08010904   0x00000010   Code   RO         6068    i.vEventGroupClearBitsCallback  event_groups.o
    0x08010914   0x00000010   Code   RO         6070    i.vEventGroupSetBitsCallback  event_groups.o
    0x08010924   0x0000001a   Code   RO         6148    i.vListInitialise   list.o
    0x0801093e   0x00000006   Code   RO         6149    i.vListInitialiseItem  list.o
    0x08010944   0x00000034   Code   RO         6150    i.vListInsert       list.o
    0x08010978   0x00000018   Code   RO         6151    i.vListInsertEnd    list.o
    0x08010990   0x00000054   Code   RO         5985    i.vPortEnterCritical  port.o
    0x080109e4   0x0000003c   Code   RO         5986    i.vPortExitCritical  port.o
    0x08010a20   0x00000094   Code   RO         5914    i.vPortFree         heap_4.o
    0x08010ab4   0x00000020   Code   RO         5987    i.vPortSetupTimerInterrupt  port.o
    0x08010ad4   0x00000078   Code   RO         5988    i.vPortValidateInterruptPriority  port.o
    0x08010b4c   0x0000002c   Code   RO         6194    i.vQueueAddToRegistry  queue.o
    0x08010b78   0x0000002c   Code   RO         6195    i.vQueueDelete      queue.o
    0x08010ba4   0x00000030   Code   RO         6196    i.vQueueUnregisterQueue  queue.o
    0x08010bd4   0x0000004a   Code   RO         6197    i.vQueueWaitForMessageRestricted  queue.o
    0x08010c1e   0x00000002   PAD
    0x08010c20   0x0000005c   Code   RO         6360    i.vTaskDelay        tasks.o
    0x08010c7c   0x000000f4   Code   RO         6362    i.vTaskDelete       tasks.o
    0x08010d70   0x0000000c   Code   RO         6364    i.vTaskMissedYield  tasks.o
    0x08010d7c   0x00000038   Code   RO         6366    i.vTaskPlaceOnEventList  tasks.o
    0x08010db4   0x00000040   Code   RO         6367    i.vTaskPlaceOnEventListRestricted  tasks.o
    0x08010df4   0x000000b0   Code   RO         6369    i.vTaskPriorityInherit  tasks.o
    0x08010ea4   0x00000030   Code   RO         6372    i.vTaskSetTimeOutState  tasks.o
    0x08010ed4   0x00000094   Code   RO         6373    i.vTaskStartScheduler  tasks.o
    0x08010f68   0x00000010   Code   RO         6375    i.vTaskSuspendAll   tasks.o
    0x08010f78   0x0000008c   Code   RO         6376    i.vTaskSwitchContext  tasks.o
    0x08011004   0x00000052   Code   RO         7271    i.validate          ff.o
    0x08011056   0x0000005c   Code   RO         6071    i.xEventGroupClearBits  event_groups.o
    0x080110b2   0x0000001a   Code   RO         6072    i.xEventGroupCreate  event_groups.o
    0x080110cc   0x000000ce   Code   RO         6074    i.xEventGroupSetBits  event_groups.o
    0x0801119a   0x00000002   PAD
    0x0801119c   0x0000013c   Code   RO         5989    i.xPortStartScheduler  port.o
    0x080112d8   0x00000034   Code   RO         5990    i.xPortSysTickHandler  port.o
    0x0801130c   0x00000058   Code   RO         6199    i.xQueueGenericCreate  queue.o
    0x08011364   0x000001c4   Code   RO         6200    i.xQueueGenericReceive  queue.o
    0x08011528   0x00000098   Code   RO         6201    i.xQueueGenericReset  queue.o
    0x080115c0   0x000001a8   Code   RO         6202    i.xQueueGenericSend  queue.o
    0x08011768   0x000000f8   Code   RO         6203    i.xQueueGenericSendFromISR  queue.o
    0x08011860   0x000000e0   Code   RO         6204    i.xQueueGiveFromISR  queue.o
    0x08011940   0x000000ca   Code   RO         6208    i.xQueueReceiveFromISR  queue.o
    0x08011a0a   0x00000002   PAD
    0x08011a0c   0x0000008c   Code   RO         6377    i.xTaskCheckForTimeOut  tasks.o
    0x08011a98   0x00000060   Code   RO         6378    i.xTaskCreate       tasks.o
    0x08011af8   0x00000020   Code   RO         6382    i.xTaskGetSchedulerState  tasks.o
    0x08011b18   0x0000000c   Code   RO         6383    i.xTaskGetTickCount  tasks.o
    0x08011b24   0x00000014   Code   RO         6384    i.xTaskGetTickCountFromISR  tasks.o
    0x08011b38   0x00000148   Code   RO         6385    i.xTaskIncrementTick  tasks.o
    0x08011c80   0x000000c8   Code   RO         6388    i.xTaskPriorityDisinherit  tasks.o
    0x08011d48   0x00000098   Code   RO         6389    i.xTaskRemoveFromEventList  tasks.o
    0x08011de0   0x000000b0   Code   RO         6390    i.xTaskRemoveFromUnorderedEventList  tasks.o
    0x08011e90   0x00000104   Code   RO         6391    i.xTaskResumeAll    tasks.o
    0x08011f94   0x00000030   Code   RO         6655    i.xTimerCreate      timers.o
    0x08011fc4   0x00000054   Code   RO         6656    i.xTimerCreateTimerTask  timers.o
    0x08012018   0x00000084   Code   RO         6657    i.xTimerGenericCommand  timers.o
    0x0801209c   0x00000034   Code   RO         6663    i.xTimerPendFunctionCallFromISR  timers.o
    0x080120d0   0x0000000d   Data   RO          364    .constdata          platform.o
    0x080120dd   0x000000d1   Data   RO          535    .constdata          can.o
    0x080121ae   0x00000011   Data   RO          815    .constdata          myflag.o
    0x080121bf   0x00000001   PAD
    0x080121c0   0x0000001c   Data   RO         1097    .constdata          sd_diskio.o
    0x080121dc   0x0000008d   Data   RO         1346    .constdata          message.o
    0x08012269   0x000000a5   Data   RO         1453    .constdata          gprs.o
    0x0801230e   0x00000007   Data   RO         2016    .constdata          cjson.o
    0x08012315   0x00000010   Data   RO         2284    .constdata          register.o
    0x08012325   0x000000cf   Data   RO         2347    .constdata          upgrade.o
    0x080123f4   0x00000008   Data   RO         4686    .constdata          stm32f4xx_hal_dma.o
    0x080123fc   0x00000018   Data   RO         5879    .constdata          system_stm32f4xx.o
    0x08012414   0x0000002a   Data   RO         7273    .constdata          ff.o
    0x0801243e   0x0002abb6   Data   RO         7647    .constdata          cc936.o
    0x0803cff4   0x00000004   PAD
    0x0803cff8   0x00000088   Data   RO         7737    .constdata          m_wm.l(pow.o)
    0x0803d080   0x00000008   Data   RO         8102    .constdata          m_wm.l(qnan.o)
    0x0803d088   0x00000040   Data   RO         8173    .constdata          mc_w.l(ctype_c.o)
    0x0803d0c8   0x0000005f   Data   RO          816    .conststring        myflag.o
    0x0803d127   0x00000001   PAD
    0x0803d128   0x00000041   Data   RO         2348    .conststring        upgrade.o
    0x0803d169   0x00000003   PAD
    0x0803d16c   0x000000eb   Data   RO         2453    .conststring        button.o
    0x0803d257   0x00000001   PAD
    0x0803d258   0x00000020   Data   RO         8175    Region$$Table       anon$$obj.o


    Execution Region RW_IRAM1 (Base: 0x20000000, Size: 0x0001c628, Max: 0x00020000, ABSOLUTE, COMPRESSED[0x0000007c])

    Base Addr    Size         Type   Attr      Idx    E Section Name        Object

    0x20000000   0x00000032   Data   RW          536    .data               can.o
    0x20000032   0x00000005   Data   RW         1031    .data               fatfs.o
    0x20000037   0x00000001   PAD
    0x20000038   0x00000008   Data   RW         1098    .data               sd_diskio.o
    0x20000040   0x0000000d   Data   RW         1347    .data               message.o
    0x2000004d   0x00000003   PAD
    0x20000050   0x00000102   Data   RW         1454    .data               gprs.o
    0x20000152   0x00000040   Data   RW         1656    .data               md5.o
    0x20000192   0x00000002   PAD
    0x20000194   0x00000028   Data   RW         1711    .data               main.o
    0x200001bc   0x00000002   Data   RW         1836    .data               usart.o
    0x200001be   0x00000002   PAD
    0x200001c0   0x0000000c   Data   RW         2017    .data               cjson.o
    0x200001cc   0x00000004   Data   RW         2285    .data               register.o
    0x200001d0   0x00000052   Data   RW         2349    .data               upgrade.o
    0x20000222   0x00000002   PAD
    0x20000224   0x00000004   Data   RW         2454    .data               button.o
    0x20000228   0x00000009   Data   RW         5118    .data               stm32f4xx_hal.o
    0x20000231   0x00000003   PAD
    0x20000234   0x00000004   Data   RW         5880    .data               system_stm32f4xx.o
    0x20000238   0x00000018   Data   RW         5919    .data               heap_4.o
    0x20000250   0x0000000c   Data   RW         5991    .data               port.o
    0x2000025c   0x0000003c   Data   RW         6394    .data               tasks.o
    0x20000298   0x00000014   Data   RW         6665    .data               timers.o
    0x200002ac   0x00000006   Data   RW         7274    .data               ff.o
    0x200002b2   0x00000002   PAD
    0x200002b4   0x00000004   Data   RW         8129    .data               mc_w.l(stdout.o)
    0x200002b8   0x00000004   Data   RW         8143    .data               mc_w.l(errno.o)
    0x200002bc   0x000000c4   Zero   RW          534    .bss                can.o
    0x20000380   0x00000400   Zero   RW          660    .bss                myflash.o
    0x20000780   0x00000200   Zero   RW         1096    .bss                sd_diskio.o
    0x20000980   0x00000144   Zero   RW         1187    .bss                sdio.o
    0x20000ac4   0x00000040   Zero   RW         1229    .bss                tim.o
    0x20000b04   0x00000050   Zero   RW         1273    .bss                interactive.o
    0x20000b54   0x000001a0   Zero   RW         1345    .bss                message.o
    0x20000cf4   0x0000001a   Zero   RW         1452    .bss                gprs.o
    0x20000d0e   0x00000002   PAD
    0x20000d10   0x00000a84   Zero   RW         1835    .bss                usart.o
    0x20001794   0x00000040   Zero   RW         1932    .bss                stm32f4xx_hal_timebase_tim.o
    0x200017d4   0x0000d2b6   Zero   RW         2346    .bss                upgrade.o
    0x2000ea8a   0x00000002   PAD
    0x2000ea8c   0x00000020   Zero   RW         4340    .bss                stm32f4xx_hal_flash.o
    0x2000eaac   0x0000c800   Zero   RW         5918    .bss                heap_4.o
    0x2001b2ac   0x00000040   Zero   RW         6209    .bss                queue.o
    0x2001b2ec   0x000002e4   Zero   RW         6393    .bss                tasks.o
    0x2001b5d0   0x00000028   Zero   RW         6664    .bss                timers.o
    0x2001b5f8   0x00000020   Zero   RW         7272    .bss                ff.o
    0x2001b618   0x0000000c   Zero   RW         7599    .bss                ff_gen_drv.o
    0x2001b624   0x00000004   PAD
    0x2001b628   0x00001000   Zero   RW            1    STACK               startup_stm32f405xx.o


==============================================================================

Image component sizes


      Code (inc. data)   RO Data    RW Data    ZI Data      Debug   Object Name

       216         26          0          0          0       6266   bsp_driver_sd.o
       924        112        235          4          0       5632   button.o
      3956       1426        209         50        196      11660   can.o
       288         26     175030          0          0       3047   cc936.o
      1948        106          7         12          0      11369   cjson.o
       596         16          0          0          0      22950   cmsis_os.o
       506         54          0          0          0       3554   conversion.o
       208         24          0          0          0       3913   diskio.o
        72          4          0          0          0        806   dma.o
       356          0          0          0          0      14272   event_groups.o
        32         12          0          5          0       6108   fatfs.o
      7006         98         42          6         32      45229   ff.o
       102          6          0          0         12       1735   ff_gen_drv.o
         0          0          0          0          0       3540   freertos.o
       160          4          0          0          0        963   gpio.o
      5104       2528        165        258         26      11359   gprs.o
       692         62          0         24      51200      14523   heap_4.o
      1240        206          0          0         80       5094   interactive.o
       148          0          0          0          0       3710   list.o
       524        212          0         40          0       1892   main.o
      2376        268          0         64          0       5230   md5.o
      4120       1584        141         13        416      14500   message.o
       248         80        112          0          0       2214   myflag.o
      1114        194          0          0       1024       7817   myflash.o
       144         72         13          0          0       2227   platform.o
       958         92          0         12          0      12325   port.o
      2386         26          0          0         64      18839   queue.o
       748        368         16          4          0      31399   register.o
       778         56         28          8        512       7705   sd_diskio.o
       508         72          0          0        324       2023   sdio.o
        36          8        392          0       4096        864   startup_stm32f405xx.o
       136         24          0          9          0       4046   stm32f4xx_hal.o
      1426          0          0          0          0      12781   stm32f4xx_hal_can.o
       412         30          0          0          0      35904   stm32f4xx_hal_cortex.o
      1276         16          8          0          0       6326   stm32f4xx_hal_dma.o
       636         64          0          0         32       6210   stm32f4xx_hal_flash.o
       432         26          0          0          0       3378   stm32f4xx_hal_flash_ex.o
       586         50          0          0          0       4363   stm32f4xx_hal_gpio.o
       156          6          0          0          0        954   stm32f4xx_hal_msp.o
      1800         94          0          0          0       6381   stm32f4xx_hal_rcc.o
      3494         38          0          0          0      18911   stm32f4xx_hal_sd.o
      1162         46          0          0          0      10422   stm32f4xx_hal_tim.o
        88          0          0          0          0       2541   stm32f4xx_hal_tim_ex.o
       140         18          0          0         64       1568   stm32f4xx_hal_timebase_tim.o
      2000         12          0          0          0       9915   stm32f4xx_hal_uart.o
       310         70          0          0          0     714337   stm32f4xx_it.o
      2090         40          0          0          0      24527   stm32f4xx_ll_sdmmc.o
       316         54          0          0          0       5405   sys.o
        86          0          0          0          0       3036   syscall.o
       100         18         24          4          0       1239   system_stm32f4xx.o
      3260        436          0         60        740      27222   tasks.o
       208         34          0          0         64       1742   tim.o
      1360        118          0         20         40      13346   timers.o
      4516       2052        272         82      53942      14758   upgrade.o
       548         90          0          2       2692       4026   usart.o

    ----------------------------------------------------------------------
     64088      11078     176736        692     115564    1216103   Object Totals
         0          0         32          0          0          0   (incl. Generated)
        56          0         10         15          8          0   (incl. Padding)

    ----------------------------------------------------------------------

      Code (inc. data)   RO Data    RW Data    ZI Data      Debug   Library Member Name

       164         44          0          0          0        620   dunder.o
        24          0          0          0          0        124   fabs.o
        48          0          0          0          0        124   fpclassify.o
       248          0          0          0          0        152   poly.o
      3128        302        136          0          0        356   pow.o
         0          0          8          0          0          0   qnan.o
       110          0          0          0          0        148   sqrt.o
        56          8          0          0          0         84   __0sscanf.o
        86          0          0          0          0          0   __dczerorl2.o
        28          0          0          0          0         68   _chval.o
       812          4          0          0          0        112   _scanf.o
       332          0          0          0          0         96   _scanf_int.o
        64          0          0          0          0         84   _sgetc.o
        40          6         64          0          0         68   ctype_c.o
         0          0          0          0          0          0   entry.o
         0          0          0          0          0          0   entry10a.o
         0          0          0          0          0          0   entry11a.o
         8          4          0          0          0          0   entry2.o
         4          0          0          0          0          0   entry5.o
         0          0          0          0          0          0   entry7b.o
         0          0          0          0          0          0   entry8b.o
         8          4          0          0          0          0   entry9a.o
        12          6          0          4          0         68   errno.o
        30          0          0          0          0          0   handlers.o
        36          8          0          0          0         68   init.o
        10          0          0          0          0         68   isspace_c.o
         0          0          0          0          0          0   iusefp.o
        30          0          0          0          0         68   llshl.o
        36          0          0          0          0         68   llsshr.o
        32          0          0          0          0         68   llushr.o
        26          0          0          0          0         80   memcmp.o
        36          0          0          0          0         68   memcpya.o
        36          0          0          0          0        108   memseta.o
      2276         96          0          0          0        596   printfa.o
        40          8          0          0          0         84   scanf_char.o
         0          0          0          4          0          0   stdout.o
        24          0          0          0          0         68   strcat.o
        28          0          0          0          0         76   strcmp.o
        18          0          0          0          0         68   strcpy.o
        14          0          0          0          0         68   strlen.o
        30          0          0          0          0         80   strncmp.o
        36          0          0          0          0         80   strstr.o
        12          0          0          0          0         68   tolower.o
        44          0          0          0          0         80   uidiv.o
        98          0          0          0          0         92   uldiv.o
        48          0          0          0          0         68   cdrcmple.o
       334          0          0          0          0        148   dadd.o
       222          0          0          0          0        100   ddiv.o
       186          0          0          0          0        176   depilogue.o
        62          0          0          0          0         80   dfixi.o
        48          0          0          0          0         68   dfixul.o
        34          0          0          0          0         76   dflti.o
       228          0          0          0          0         96   dmul.o
        46          0          0          0          0         80   dscalb.o
       162          0          0          0          0        100   dsqrt.o

    ----------------------------------------------------------------------
      9456        490        208          8          0       5052   Library Totals
        22          0          0          0          0          0   (incl. Padding)

    ----------------------------------------------------------------------

      Code (inc. data)   RO Data    RW Data    ZI Data      Debug   Library Name

      3722        346        144          0          0       1524   m_wm.l
      4342        144         64          8          0       2536   mc_w.l
      1370          0          0          0          0        992   mf_w.l

    ----------------------------------------------------------------------
      9456        490        208          8          0       5052   Library Totals

    ----------------------------------------------------------------------

==============================================================================


      Code (inc. data)   RO Data    RW Data    ZI Data      Debug   

     73544      11568     176944        700     115564    1173463   Grand Totals
     73544      11568     176944        124     115564    1173463   ELF Image Totals (compressed)
     73544      11568     176944        124          0          0   ROM Totals

==============================================================================

    Total RO  Size (Code + RO Data)               250488 ( 244.62kB)
    Total RW  Size (RW Data + ZI Data)            116264 ( 113.54kB)
    Total ROM Size (Code + RO Data + RW Data)     250612 ( 244.74kB)

==============================================================================

